Archive member included to satisfy reference by file (symbol)

C:/ST/STM32CubeIDE_2.1.1/STM32CubeIDE/plugins/com.st.stm32cube.ide.mcu.externaltools.gnu-tools-for-stm32.14.3.rel1.win32_1.0.100.202602081740/tools/bin/../lib/gcc/arm-none-eabi/14.3.1/../../../../arm-none-eabi/lib/thumb/v7e-m+fp/hard\libc_nano.a(libc_a-exit.o)
                              C:/ST/STM32CubeIDE_2.1.1/STM32CubeIDE/plugins/com.st.stm32cube.ide.mcu.externaltools.gnu-tools-for-stm32.14.3.rel1.win32_1.0.100.202602081740/tools/bin/../lib/gcc/arm-none-eabi/14.3.1/../../../../arm-none-eabi/lib/thumb/v7e-m+fp/hard/crt0.o (exit)
C:/ST/STM32CubeIDE_2.1.1/STM32CubeIDE/plugins/com.st.stm32cube.ide.mcu.externaltools.gnu-tools-for-stm32.14.3.rel1.win32_1.0.100.202602081740/tools/bin/../lib/gcc/arm-none-eabi/14.3.1/../../../../arm-none-eabi/lib/thumb/v7e-m+fp/hard\libc_nano.a(libc_a-rand.o)
                              ./Core/Src/game.o (srand)
C:/ST/STM32CubeIDE_2.1.1/STM32CubeIDE/plugins/com.st.stm32cube.ide.mcu.externaltools.gnu-tools-for-stm32.14.3.rel1.win32_1.0.100.202602081740/tools/bin/../lib/gcc/arm-none-eabi/14.3.1/../../../../arm-none-eabi/lib/thumb/v7e-m+fp/hard\libc_nano.a(libc_a-findfp.o)
                              ./Middlewares/Third_Party/FreeRTOS/Source/tasks.o (__sf)
C:/ST/STM32CubeIDE_2.1.1/STM32CubeIDE/plugins/com.st.stm32cube.ide.mcu.externaltools.gnu-tools-for-stm32.14.3.rel1.win32_1.0.100.202602081740/tools/bin/../lib/gcc/arm-none-eabi/14.3.1/../../../../arm-none-eabi/lib/thumb/v7e-m+fp/hard\libc_nano.a(libc_a-fwalk.o)
                              C:/ST/STM32CubeIDE_2.1.1/STM32CubeIDE/plugins/com.st.stm32cube.ide.mcu.externaltools.gnu-tools-for-stm32.14.3.rel1.win32_1.0.100.202602081740/tools/bin/../lib/gcc/arm-none-eabi/14.3.1/../../../../arm-none-eabi/lib/thumb/v7e-m+fp/hard\libc_nano.a(libc_a-findfp.o) (_fwalk_sglue)
C:/ST/STM32CubeIDE_2.1.1/STM32CubeIDE/plugins/com.st.stm32cube.ide.mcu.externaltools.gnu-tools-for-stm32.14.3.rel1.win32_1.0.100.202602081740/tools/bin/../lib/gcc/arm-none-eabi/14.3.1/../../../../arm-none-eabi/lib/thumb/v7e-m+fp/hard\libc_nano.a(libc_a-printf.o)
                              ./Core/Src/game.o (printf)
C:/ST/STM32CubeIDE_2.1.1/STM32CubeIDE/plugins/com.st.stm32cube.ide.mcu.externaltools.gnu-tools-for-stm32.14.3.rel1.win32_1.0.100.202602081740/tools/bin/../lib/gcc/arm-none-eabi/14.3.1/../../../../arm-none-eabi/lib/thumb/v7e-m+fp/hard\libc_nano.a(libc_a-puts.o)
                              ./Core/Src/game.o (puts)
C:/ST/STM32CubeIDE_2.1.1/STM32CubeIDE/plugins/com.st.stm32cube.ide.mcu.externaltools.gnu-tools-for-stm32.14.3.rel1.win32_1.0.100.202602081740/tools/bin/../lib/gcc/arm-none-eabi/14.3.1/../../../../arm-none-eabi/lib/thumb/v7e-m+fp/hard\libc_nano.a(libc_a-snprintf.o)
                              ./Core/Src/game.o (snprintf)
C:/ST/STM32CubeIDE_2.1.1/STM32CubeIDE/plugins/com.st.stm32cube.ide.mcu.externaltools.gnu-tools-for-stm32.14.3.rel1.win32_1.0.100.202602081740/tools/bin/../lib/gcc/arm-none-eabi/14.3.1/../../../../arm-none-eabi/lib/thumb/v7e-m+fp/hard\libc_nano.a(libc_a-stdio.o)
                              C:/ST/STM32CubeIDE_2.1.1/STM32CubeIDE/plugins/com.st.stm32cube.ide.mcu.externaltools.gnu-tools-for-stm32.14.3.rel1.win32_1.0.100.202602081740/tools/bin/../lib/gcc/arm-none-eabi/14.3.1/../../../../arm-none-eabi/lib/thumb/v7e-m+fp/hard\libc_nano.a(libc_a-findfp.o) (__sread)
C:/ST/STM32CubeIDE_2.1.1/STM32CubeIDE/plugins/com.st.stm32cube.ide.mcu.externaltools.gnu-tools-for-stm32.14.3.rel1.win32_1.0.100.202602081740/tools/bin/../lib/gcc/arm-none-eabi/14.3.1/../../../../arm-none-eabi/lib/thumb/v7e-m+fp/hard\libc_nano.a(libc_a-wbuf.o)
                              C:/ST/STM32CubeIDE_2.1.1/STM32CubeIDE/plugins/com.st.stm32cube.ide.mcu.externaltools.gnu-tools-for-stm32.14.3.rel1.win32_1.0.100.202602081740/tools/bin/../lib/gcc/arm-none-eabi/14.3.1/../../../../arm-none-eabi/lib/thumb/v7e-m+fp/hard\libc_nano.a(libc_a-puts.o) (__swbuf_r)
C:/ST/STM32CubeIDE_2.1.1/STM32CubeIDE/plugins/com.st.stm32cube.ide.mcu.externaltools.gnu-tools-for-stm32.14.3.rel1.win32_1.0.100.202602081740/tools/bin/../lib/gcc/arm-none-eabi/14.3.1/../../../../arm-none-eabi/lib/thumb/v7e-m+fp/hard\libc_nano.a(libc_a-wsetup.o)
                              C:/ST/STM32CubeIDE_2.1.1/STM32CubeIDE/plugins/com.st.stm32cube.ide.mcu.externaltools.gnu-tools-for-stm32.14.3.rel1.win32_1.0.100.202602081740/tools/bin/../lib/gcc/arm-none-eabi/14.3.1/../../../../arm-none-eabi/lib/thumb/v7e-m+fp/hard\libc_nano.a(libc_a-puts.o) (__swsetup_r)
C:/ST/STM32CubeIDE_2.1.1/STM32CubeIDE/plugins/com.st.stm32cube.ide.mcu.externaltools.gnu-tools-for-stm32.14.3.rel1.win32_1.0.100.202602081740/tools/bin/../lib/gcc/arm-none-eabi/14.3.1/../../../../arm-none-eabi/lib/thumb/v7e-m+fp/hard\libc_nano.a(libc_a-memmove.o)
                              ./Core/Src/ssd1306_tests.o (memmove)
[...]
Memory Configuration

Name             Origin             Length             Attributes
RAM              0x20000000         0x00018000         xrw
FLASH            0x08000000         0x00080000         xr
*default*        0x00000000         0xffffffff

Linker script and memory map

LOAD C:/ST/STM32CubeIDE_2.1.1/STM32CubeIDE/plugins/com.st.stm32cube.ide.mcu.externaltools.gnu-tools-for-stm32.14.3.rel1.win32_1.0.100.202602081740/tools/bin/../lib/gcc/arm-none-eabi/14.3.1/thumb/v7e-m+fp/hard/crti.o
LOAD C:/ST/STM32CubeIDE_2.1.1/STM32CubeIDE/plugins/com.st.stm32cube.ide.mcu.externaltools.gnu-tools-for-stm32.14.3.rel1.win32_1.0.100.202602081740/tools/bin/../lib/gcc/arm-none-eabi/14.3.1/thumb/v7e-m+fp/hard/crtbegin.o
LOAD C:/ST/STM32CubeIDE_2.1.1/STM32CubeIDE/plugins/com.st.stm32cube.ide.mcu.externaltools.gnu-tools-for-stm32.14.3.rel1.win32_1.0.100.202602081740/tools/bin/../lib/gcc/arm-none-eabi/14.3.1/../../../../arm-none-eabi/lib/thumb/v7e-m+fp/hard/crt0.o
LOAD ./Core/Src/buzzer.o
LOAD ./Core/Src/freertos.o
LOAD ./Core/Src/game.o
LOAD ./Core/Src/hm10_ble.o
LOAD ./Core/Src/main.o
LOAD ./Core/Src/screen128x128.o
LOAD ./Core/Src/ssd1306.o
LOAD ./Core/Src/ssd1306_fonts.o
LOAD ./Core/Src/ssd1306_tests.o
LOAD ./Core/Src/stm32f4xx_hal_msp.o
LOAD ./Core/Src/stm32f4xx_hal_timebase_tim.o
LOAD ./Core/Src/stm32f4xx_it.o
LOAD ./Core/Src/syscalls.o
LOAD ./Core/Src/sysmem.o
LOAD ./Core/Src/system_stm32f4xx.o
LOAD ./Core/Startup/startup_stm32f401retx.o
LOAD ./Drivers/STM32F4xx_HAL_Driver/Src/stm32f4xx_hal.o
LOAD ./Drivers/STM32F4xx_HAL_Driver/Src/stm32f4xx_hal_cortex.o
LOAD ./Drivers/STM32F4xx_HAL_Driver/Src/stm32f4xx_hal_dma.o
LOAD ./Drivers/STM32F4xx_HAL_Driver/Src/stm32f4xx_hal_dma_ex.o
LOAD ./Drivers/STM32F4xx_HAL_Driver/Src/stm32f4xx_hal_exti.o
LOAD ./Drivers/STM32F4xx_HAL_Driver/Src/stm32f4xx_hal_flash.o
LOAD ./Drivers/STM32F4xx_HAL_Driver/Src/stm32f4xx_hal_flash_ex.o
LOAD ./Drivers/STM32F4xx_HAL_Driver/Src/stm32f4xx_hal_flash_ramfunc.o
LOAD ./Drivers/STM32F4xx_HAL_Driver/Src/stm32f4xx_hal_gpio.o
LOAD ./Drivers/STM32F4xx_HAL_Driver/Src/stm32f4xx_hal_i2c.o
LOAD ./Drivers/STM32F4xx_HAL_Driver/Src/stm32f4xx_hal_i2c_ex.o
LOAD ./Drivers/STM32F4xx_HAL_Driver/Src/stm32f4xx_hal_pwr.o
LOAD ./Drivers/STM32F4xx_HAL_Driver/Src/stm32f4xx_hal_pwr_ex.o
LOAD ./Drivers/STM32F4xx_HAL_Driver/Src/stm32f4xx_hal_rcc.o
LOAD ./Drivers/STM32F4xx_HAL_Driver/Src/stm32f4xx_hal_rcc_ex.o
LOAD ./Drivers/STM32F4xx_HAL_Driver/Src/stm32f4xx_hal_tim.o
LOAD ./Drivers/STM32F4xx_HAL_Driver/Src/stm32f4xx_hal_tim_ex.o
LOAD ./Drivers/STM32F4xx_HAL_Driver/Src/stm32f4xx_hal_uart.o
LOAD ./Middlewares/Third_Party/FreeRTOS/Source/CMSIS_RTOS/cmsis_os.o
LOAD ./Middlewares/Third_Party/FreeRTOS/Source/croutine.o
LOAD ./Middlewares/Third_Party/FreeRTOS/Source/event_groups.o
LOAD ./Middlewares/Third_Party/FreeRTOS/Source/list.o
LOAD ./Middlewares/Third_Party/FreeRTOS/Source/queue.o
LOAD ./Middlewares/Third_Party/FreeRTOS/Source/stream_buffer.o
LOAD ./Middlewares/Third_Party/FreeRTOS/Source/tasks.o
LOAD ./Middlewares/Third_Party/FreeRTOS/Source/timers.o
LOAD ./Middlewares/Third_Party/FreeRTOS/Source/portable/GCC/ARM_CM4F/port.o
LOAD ./Middlewares/Third_Party/FreeRTOS/Source/portable/MemMang/heap_4.o
START GROUP
LOAD C:/ST/STM32CubeIDE_2.1.1/STM32CubeIDE/plugins/com.st.stm32cube.ide.mcu.externaltools.gnu-tools-for-stm32.14.3.rel1.win32_1.0.100.202602081740/tools/bin/../lib/gcc/arm-none-eabi/14.3.1/../../../../arm-none-eabi/lib/thumb/v7e-m+fp/hard\libc_nano.a
LOAD C:/ST/STM32CubeIDE_2.1.1/STM32CubeIDE/plugins/com.st.stm32cube.ide.mcu.externaltools.gnu-tools-for-stm32.14.3.rel1.win32_1.0.100.202602081740/tools/bin/../lib/gcc/arm-none-eabi/14.3.1/../../../../arm-none-eabi/lib/thumb/v7e-m+fp/hard\libm.a
END GROUP
START GROUP
LOAD C:/ST/STM32CubeIDE_2.1.1/STM32CubeIDE/plugins/com.st.stm32cube.ide.mcu.externaltools.gnu-tools-for-stm32.14.3.rel1.win32_1.0.100.202602081740/tools/bin/../lib/gcc/arm-none-eabi/14.3.1/thumb/v7e-m+fp/hard\libgcc.a
LOAD C:/ST/STM32CubeIDE_2.1.1/STM32CubeIDE/plugins/com.st.stm32cube.ide.mcu.externaltools.gnu-tools-for-stm32.14.3.rel1.win32_1.0.100.202602081740/tools/bin/../lib/gcc/arm-none-eabi/14.3.1/../../../../arm-none-eabi/lib/thumb/v7e-m+fp/hard\libc_nano.a
END GROUP
START GROUP
LOAD C:/ST/STM32CubeIDE_2.1.1/STM32CubeIDE/plugins/com.st.stm32cube.ide.mcu.externaltools.gnu-tools-for-stm32.14.3.rel1.win32_1.0.100.202602081740/tools/bin/../lib/gcc/arm-none-eabi/14.3.1/thumb/v7e-m+fp/hard\libgcc.a
LOAD C:/ST/STM32CubeIDE_2.1.1/STM32CubeIDE/plugins/com.st.stm32cube.ide.mcu.externaltools.gnu-tools-for-stm32.14.3.rel1.win32_1.0.100.202602081740/tools/bin/../lib/gcc/arm-none-eabi/14.3.1/../../../../arm-none-eabi/lib/thumb/v7e-m+fp/hard\libc_nano.a
LOAD C:/ST/STM32CubeIDE_2.1.1/STM32CubeIDE/plugins/com.st.stm32cube.ide.mcu.externaltools.gnu-tools-for-stm32.14.3.rel1.win32_1.0.100.202602081740/tools/bin/../lib/gcc/arm-none-eabi/14.3.1/../../../../arm-none-eabi/lib/thumb/v7e-m+fp/hard\libnosys.a
END GROUP
START GROUP
LOAD C:/ST/STM32CubeIDE_2.1.1/STM32CubeIDE/plugins/com.st.stm32cube.ide.mcu.externaltools.gnu-tools-for-stm32.14.3.rel1.win32_1.0.100.202602081740/tools/bin/../lib/gcc/arm-none-eabi/14.3.1/thumb/v7e-m+fp/hard\libgcc.a
LOAD C:/ST/STM32CubeIDE_2.1.1/STM32CubeIDE/plugins/com.st.stm32cube.ide.mcu.externaltools.gnu-tools-for-stm32.14.3.rel1.win32_1.0.100.202602081740/tools/bin/../lib/gcc/arm-none-eabi/14.3.1/../../../../arm-none-eabi/lib/thumb/v7e-m+fp/hard\libc_nano.a
LOAD C:/ST/STM32CubeIDE_2.1.1/STM32CubeIDE/plugins/com.st.stm32cube.ide.mcu.externaltools.gnu-tools-for-stm32.14.3.rel1.win32_1.0.100.202602081740/tools/bin/../lib/gcc/arm-none-eabi/14.3.1/../../../../arm-none-eabi/lib/thumb/v7e-m+fp/hard\libnosys.a
END GROUP
LOAD C:/ST/STM32CubeIDE_2.1.1/STM32CubeIDE/plugins/com.st.stm32cube.ide.mcu.externaltools.gnu-tools-for-stm32.14.3.rel1.win32_1.0.100.202602081740/tools/bin/../lib/gcc/arm-none-eabi/14.3.1/thumb/v7e-m+fp/hard/crtend.o
LOAD C:/ST/STM32CubeIDE_2.1.1/STM32CubeIDE/plugins/com.st.stm32cube.ide.mcu.externaltools.gnu-tools-for-stm32.14.3.rel1.win32_1.0.100.202602081740/tools/bin/../lib/gcc/arm-none-eabi/14.3.1/thumb/v7e-m+fp/hard/crtn.o
                0x20018000                        _estack = (ORIGIN (RAM) + LENGTH (RAM))
                0x00000200                        _Min_Heap_Size = 0x200
                0x00000400                        _Min_Stack_Size = 0x400

.isr_vector     0x08000000      0x194
                0x08000000                        . = ALIGN (0x4)
 *(.isr_vector)
 .isr_vector    0x08000000      0x194 ./Core/Startup/startup_stm32f401retx.o
                0x08000000                g_pfnVectors
                0x08000194                        . = ALIGN (0x4)

.text           0x080001a0     0xcf88
                0x080001a0                        . = ALIGN (0x4)
 *(.text)
 .text          0x080001a0       0x40 C:/ST/STM32CubeIDE_2.1.1/STM32CubeIDE/plugins/com.st.stm32cube.ide.mcu.externaltools.gnu-tools-for-stm32.14.3.rel1.win32_1.0.100.202602081740/tools/bin/../lib/gcc/arm-none-eabi/14.3.1/thumb/v7e-m+fp/hard/crtbegin.o
 .text          0x080001e0       0xa0 C:/ST/STM32CubeIDE_2.1.1/STM32CubeIDE/plugins/com.st.stm32cube.ide.mcu.externaltools.gnu-tools-for-stm32.14.3.rel1.win32_1.0.100.202602081740/tools/bin/../lib/gcc/arm-none-eabi/14.3.1/../../../../arm-none-eabi/lib/thumb/v7e-m+fp/hard\libc_nano.a(libc_a-memchr.o)
                0x080001e0                memchr
 .text          0x08000280       0x30 C:/ST/STM32CubeIDE_2.1.1/STM32CubeIDE/plugins/com.st.stm32cube.ide.mcu.externaltools.gnu-tools-for-stm32.14.3.rel1.win32_1.0.100.202602081740/tools/bin/../lib/gcc/arm-none-eabi/14.3.1/thumb/v7e-m+fp/hard\libgcc.a(_aeabi_uldivmod.o)
                0x08000280                __aeabi_uldivmod
 .text          0x080002b0      0x2f8 C:/ST/STM32CubeIDE_2.1.1/STM32CubeIDE/plugins/com.st.stm32cube.ide.mcu.externaltools.gnu-tools-for-stm32.14.3.rel1.win32_1.0.100.202602081740/tools/bin/../lib/gcc/arm-none-eabi/14.3.1/thumb/v7e-m+fp/hard\libgcc.a(_udivmoddi4.o)
                0x080002b0                __udivmoddi4
 .text          0x080005a8        0x4 C:/ST/STM32CubeIDE_2.1.1/STM32CubeIDE/plugins/com.st.stm32cube.ide.mcu.externaltools.gnu-tools-for-stm32.14.3.rel1.win32_1.0.100.202602081740/tools/bin/../lib/gcc/arm-none-eabi/14.3.1/thumb/v7e-m+fp/hard\libgcc.a(_dvmd_tls.o)
                0x080005a8                __aeabi_idiv0
                0x080005a8                __aeabi_ldiv0
 *(.text*)
 .text.vApplicationGetIdleTaskMemory
                0x080005ac       0x34 ./Core/Src/freertos.o
                0x080005ac                vApplicationGetIdleTaskMemory
 .text.vApplicationGetTimerTaskMemory
                0x080005e0       0x34 ./Core/Src/freertos.o
                0x080005e0                vApplicationGetTimerTaskMemory
 .text.melodySelection
                0x08000614      0x458 ./Core/Src/game.o
                0x08000614                melodySelection
 .text.PlayTone
                0x08000a6c       0x58 ./Core/Src/game.o
                0x08000a6c                PlayTone
 .text.StopTone
                0x08000ac4       0x14 ./Core/Src/game.o
                0x08000ac4                StopTone
 .text.scoreEvaluate
                0x08000ad8      0x1f0 ./Core/Src/game.o
                0x08000ad8                scoreEvaluate
 .text.finalScore
                0x08000cc8      0x15c ./Core/Src/game.o
                0x08000cc8                finalScore
 .text.resetScore
                0x08000e24       0x74 ./Core/Src/game.o
                0x08000e24                resetScore
 .text.gamePlay
                0x08000e98      0x39c ./Core/Src/game.o
                0x08000e98                gamePlay
 .text.bt_transmit_int
                0x08001234       0x68 ./Core/Src/hm10_ble.o
                0x08001234                bt_transmit_int
 .text.bt_recieve_int
                0x0800129c       0x20 ./Core/Src/hm10_ble.o
                0x0800129c                bt_recieve_int
 .text.__io_putchar
                0x080012bc       0x24 ./Core/Src/main.o
                0x080012bc                __io_putchar
 .text.HAL_I2C_MemTxCpltCallback
                0x080012e0       0x2c ./Core/Src/main.o
                0x080012e0                HAL_I2C_MemTxCpltCallback
 .text.main     0x0800130c       0x7c ./Core/Src/main.o
                0x0800130c                main
 .text.SystemClock_Config
                0x08001388       0xd4 ./Core/Src/main.o
                0x08001388                SystemClock_Config
 .text.MX_I2C1_Init
                0x0800145c       0x5c ./Core/Src/main.o
 .text.MX_TIM2_Init
                0x080014b8       0xec ./Core/Src/main.o
 .text.MX_USART1_UART_Init
                0x080015a4       0x54 ./Core/Src/main.o
 .text.MX_USART2_UART_Init
                0x080015f8       0x54 ./Core/Src/main.o
 .text.MX_DMA_Init
                0x0800164c       0x40 ./Core/Src/main.o
 .text.MX_GPIO_Init
                0x0800168c      0x13c ./Core/Src/main.o
 .text.HAL_GPIO_EXTI_Callback
                0x080017c8       0x80 ./Core/Src/main.o
                0x080017c8                HAL_GPIO_EXTI_Callback
 .text.HAL_UART_RxCpltCallback
                0x08001848       0x2c ./Core/Src/main.o
                0x08001848                HAL_UART_RxCpltCallback
 .text.StartGameTask
                0x08001874       0x20 ./Core/Src/main.o
                0x08001874                StartGameTask
 .text.TimeoutCallback
                0x08001894       0x20 ./Core/Src/main.o
                0x08001894                TimeoutCallback
 .text.HAL_TIM_PeriodElapsedCallback
                0x080018b4       0x24 ./Core/Src/main.o
                0x080018b4                HAL_TIM_PeriodElapsedCallback
 .text.Error_Handler
                0x080018d8        0xe ./Core/Src/main.o
                0x080018d8                Error_Handler
 *fill*         0x080018e6        0x2 
 .text.ssd1306_WriteData_DMA
                0x080018e8       0x4c ./Core/Src/screen128x128.o
                0x080018e8                ssd1306_WriteData_DMA
 .text.ssd1306_WriteCommand_DMA
                0x08001934       0x4c ./Core/Src/screen128x128.o
                0x08001934                ssd1306_WriteCommand_DMA
 .text.ssd1306_UpdateScreen_DMA
                0x08001980       0x50 ./Core/Src/screen128x128.o
                0x08001980                ssd1306_UpdateScreen_DMA
 .text.ssd1306_WriteChar_DMA
                0x080019d0      0x124 ./Core/Src/screen128x128.o
                0x080019d0                ssd1306_WriteChar_DMA
 .text.ssd1306_WriteString_DMA
                0x08001af4       0x4c ./Core/Src/screen128x128.o
                0x08001af4                ssd1306_WriteString_DMA
 .text.finalScore_screen
                0x08001b40      0x298 ./Core/Src/screen128x128.o
                0x08001b40                finalScore_screen
 .text.screen_init
                0x08001dd8       0x7c ./Core/Src/screen128x128.o
                0x08001dd8                screen_init
 .text.clean_screen
                0x08001e54       0x26 ./Core/Src/screen128x128.o
                0x08001e54                clean_screen
 *fill*         0x08001e7a        0x2 
 .text.score_screen_print
                0x08001e7c       0xe0 ./Core/Src/screen128x128.o
                0x08001e7c                score_screen_print
 .text.ssd1306_Reset
                0x08001f5c        0xe ./Core/Src/ssd1306.o
                0x08001f5c                ssd1306_Reset
 *fill*         0x08001f6a        0x2 
 .text.ssd1306_WriteCommand
                0x08001f6c       0x30 ./Core/Src/ssd1306.o
                0x08001f6c                ssd1306_WriteCommand
 .text.ssd1306_WriteData
                0x08001f9c       0x34 ./Core/Src/ssd1306.o
                0x08001f9c                ssd1306_WriteData
 .text.ssd1306_Init
                0x08001fd0       0xd4 ./Core/Src/ssd1306.o
                0x08001fd0                ssd1306_Init
 .text.ssd1306_Fill
                0x080020a4       0x30 ./Core/Src/ssd1306.o
                0x080020a4                ssd1306_Fill
 .text.ssd1306_UpdateScreen
                0x080020d4       0x50 ./Core/Src/ssd1306.o
                0x080020d4                ssd1306_UpdateScreen
 .text.ssd1306_DrawPixel
                0x08002124       0xa8 ./Core/Src/ssd1306.o
                0x08002124                ssd1306_DrawPixel
 .text.ssd1306_WriteChar
                0x080021cc      0x124 ./Core/Src/ssd1306.o
                0x080021cc                ssd1306_WriteChar
 .text.ssd1306_WriteString
                0x080022f0       0x4c ./Core/Src/ssd1306.o
                0x080022f0                ssd1306_WriteString
 .text.ssd1306_SetCursor
                0x0800233c       0x30 ./Core/Src/ssd1306.o
                0x0800233c                ssd1306_SetCursor
 .text.ssd1306_Line
                0x0800236c       0xd8 ./Core/Src/ssd1306.o
                0x0800236c                ssd1306_Line
 .text.ssd1306_DrawRectangle
                0x08002444       0x6e ./Core/Src/ssd1306.o
                0x08002444                ssd1306_DrawRectangle
 .text.ssd1306_FillRectangle
                0x080024b2       0x9e ./Core/Src/ssd1306.o
                0x080024b2                ssd1306_FillRectangle
 .text.ssd1306_SetContrast
                0x08002550       0x26 ./Core/Src/ssd1306.o
                0x08002550                ssd1306_SetContrast
 *fill*         0x08002576        0x2 
 .text.ssd1306_SetDisplayOn
                0x08002578       0x3c ./Core/Src/ssd1306.o
                0x08002578                ssd1306_SetDisplayOn
 .text.HAL_MspInit
                0x080025b4       0x58 ./Core/Src/stm32f4xx_hal_msp.o
                0x080025b4                HAL_MspInit
 .text.HAL_I2C_MspInit
                0x0800260c      0x104 ./Core/Src/stm32f4xx_hal_msp.o
                0x0800260c                HAL_I2C_MspInit
 .text.HAL_TIM_Base_MspInit
                0x08002710       0x4c ./Core/Src/stm32f4xx_hal_msp.o
                0x08002710                HAL_TIM_Base_MspInit
 .text.HAL_TIM_MspPostInit
                0x0800275c       0x70 ./Core/Src/stm32f4xx_hal_msp.o
                0x0800275c                HAL_TIM_MspPostInit
 .text.HAL_UART_MspInit
                0x080027cc      0x108 ./Core/Src/stm32f4xx_hal_msp.o
                0x080027cc                HAL_UART_MspInit
 .text.HAL_InitTick
                0x080028d4       0xe4 ./Core/Src/stm32f4xx_hal_timebase_tim.o
                0x080028d4                HAL_InitTick
 .text.NMI_Handler
                0x080029b8        0x8 ./Core/Src/stm32f4xx_it.o
                0x080029b8                NMI_Handler
 .text.HardFault_Handler
                0x080029c0        0x8 ./Core/Src/stm32f4xx_it.o
                0x080029c0                HardFault_Handler
 .text.MemManage_Handler
                0x080029c8        0x8 ./Core/Src/stm32f4xx_it.o
                0x080029c8                MemManage_Handler
 .text.BusFault_Handler
                0x080029d0        0x8 ./Core/Src/stm32f4xx_it.o
                0x080029d0                BusFault_Handler
 .text.UsageFault_Handler
                0x080029d8        0x8 ./Core/Src/stm32f4xx_it.o
                0x080029d8                UsageFault_Handler
 .text.DebugMon_Handler
                0x080029e0        0xe ./Core/Src/stm32f4xx_it.o
                0x080029e0                DebugMon_Handler
 .text.EXTI3_IRQHandler
                0x080029ee        0xe ./Core/Src/stm32f4xx_it.o
                0x080029ee                EXTI3_IRQHandler
 .text.EXTI4_IRQHandler
                0x080029fc        0xe ./Core/Src/stm32f4xx_it.o
                0x080029fc                EXTI4_IRQHandler
 *fill*         0x08002a0a        0x2 
 .text.DMA1_Stream6_IRQHandler
                0x08002a0c       0x14 ./Core/Src/stm32f4xx_it.o
                0x08002a0c                DMA1_Stream6_IRQHandler
 .text.EXTI9_5_IRQHandler
                0x08002a20        0xe ./Core/Src/stm32f4xx_it.o
                0x08002a20                EXTI9_5_IRQHandler
 *fill*         0x08002a2e        0x2 
 .text.TIM1_UP_TIM10_IRQHandler
                0x08002a30       0x14 ./Core/Src/stm32f4xx_it.o
                0x08002a30                TIM1_UP_TIM10_IRQHandler
 .text.TIM2_IRQHandler
                0x08002a44       0x14 ./Core/Src/stm32f4xx_it.o
                0x08002a44                TIM2_IRQHandler
 .text.I2C1_EV_IRQHandler
                0x08002a58       0x14 ./Core/Src/stm32f4xx_it.o
                0x08002a58                I2C1_EV_IRQHandler
 .text.USART1_IRQHandler
                0x08002a6c       0x14 ./Core/Src/stm32f4xx_it.o
                0x08002a6c                USART1_IRQHandler
 .text.EXTI15_10_IRQHandler
                0x08002a80       0x10 ./Core/Src/stm32f4xx_it.o
                0x08002a80                EXTI15_10_IRQHandler
 .text._getpid  0x08002a90       0x10 ./Core/Src/syscalls.o
                0x08002a90                _getpid
 .text._kill    0x08002aa0       0x20 ./Core/Src/syscalls.o
                0x08002aa0                _kill
 .text._exit    0x08002ac0       0x16 ./Core/Src/syscalls.o
                0x08002ac0                _exit
 .text._read    0x08002ad6       0x3a ./Core/Src/syscalls.o
                0x08002ad6                _read
 .text._write   0x08002b10       0x38 ./Core/Src/syscalls.o
                0x08002b10                _write
 .text._close   0x08002b48       0x18 ./Core/Src/syscalls.o
                0x08002b48                _close
 .text._fstat   0x08002b60       0x20 ./Core/Src/syscalls.o
                0x08002b60                _fstat
 .text._isatty  0x08002b80       0x16 ./Core/Src/syscalls.o
                0x08002b80                _isatty
 .text._lseek   0x08002b96       0x1a ./Core/Src/syscalls.o
                0x08002b96                _lseek
 .text._sbrk    0x08002bb0       0x6c ./Core/Src/sysmem.o
                0x08002bb0                _sbrk
 .text.SystemInit
                0x08002c1c       0x24 ./Core/Src/system_stm32f4xx.o
                0x08002c1c                SystemInit
 .text.Reset_Handler
                0x08002c40       0x50 ./Core/Startup/startup_stm32f401retx.o
                0x08002c40                Reset_Handler
 .text.Default_Handler
                0x08002c90        0x2 ./Core/Startup/startup_stm32f401retx.o
                0x08002c90                RTC_Alarm_IRQHandler
                0x08002c90                EXTI2_IRQHandler
                0x08002c90                SPI4_IRQHandler
                0x08002c90                TIM1_CC_IRQHandler
                0x08002c90                DMA2_Stream5_IRQHandler
                0x08002c90                DMA1_Stream5_IRQHandler
                0x08002c90                PVD_IRQHandler
                0x08002c90                SDIO_IRQHandler
                0x08002c90                TAMP_STAMP_IRQHandler
                0x08002c90                I2C3_ER_IRQHandler
                0x08002c90                EXTI0_IRQHandler
                0x08002c90                I2C2_EV_IRQHandler
                0x08002c90                DMA1_Stream2_IRQHandler
                0x08002c90                FPU_IRQHandler
                0x08002c90                DMA2_Stream2_IRQHandler
                0x08002c90                SPI1_IRQHandler
                0x08002c90                TIM1_BRK_TIM9_IRQHandler
                0x08002c90                DMA2_Stream3_IRQHandler
                0x08002c90                USART6_IRQHandler
                0x08002c90                DMA2_Stream0_IRQHandler
                0x08002c90                TIM4_IRQHandler
                0x08002c90                DMA1_Stream1_IRQHandler
                0x08002c90                TIM3_IRQHandler
                0x08002c90                RCC_IRQHandler
                0x08002c90                Default_Handler
                0x08002c90                ADC_IRQHandler
                0x08002c90                DMA1_Stream7_IRQHandler
                0x08002c90                TIM5_IRQHandler
                0x08002c90                DMA2_Stream7_IRQHandler
                0x08002c90                I2C3_EV_IRQHandler
                0x08002c90                RTC_WKUP_IRQHandler
                0x08002c90                SPI2_IRQHandler
                0x08002c90                DMA1_Stream0_IRQHandler
                0x08002c90                WWDG_IRQHandler
                0x08002c90                OTG_FS_WKUP_IRQHandler
                0x08002c90                TIM1_TRG_COM_TIM11_IRQHandler
                0x08002c90                EXTI1_IRQHandler
                0x08002c90                USART2_IRQHandler
                0x08002c90                I2C2_ER_IRQHandler
                0x08002c90                DMA2_Stream1_IRQHandler
                0x08002c90                FLASH_IRQHandler
                0x08002c90                DMA2_Stream4_IRQHandler
                0x08002c90                OTG_FS_IRQHandler
                0x08002c90                SPI3_IRQHandler
                0x08002c90                DMA1_Stream4_IRQHandler
                0x08002c90                I2C1_ER_IRQHandler
                0x08002c90                DMA2_Stream6_IRQHandler
                0x08002c90                DMA1_Stream3_IRQHandler
 *fill*         0x08002c92        0x2 
 .text.HAL_Init
                0x08002c94       0x44 ./Drivers/STM32F4xx_HAL_Driver/Src/stm32f4xx_hal.o
                0x08002c94                HAL_Init
 .text.HAL_IncTick
                0x08002cd8       0x28 ./Drivers/STM32F4xx_HAL_Driver/Src/stm32f4xx_hal.o
                0x08002cd8                HAL_IncTick
 .text.HAL_GetTick
                0x08002d00       0x18 ./Drivers/STM32F4xx_HAL_Driver/Src/stm32f4xx_hal.o
                0x08002d00                HAL_GetTick
 .text.HAL_Delay
                0x08002d18       0x48 ./Drivers/STM32F4xx_HAL_Driver/Src/stm32f4xx_hal.o
                0x08002d18                HAL_Delay
 .text.__NVIC_SetPriorityGrouping
                0x08002d60       0x48 ./Drivers/STM32F4xx_HAL_Driver/Src/stm32f4xx_hal_cortex.o
 .text.__NVIC_GetPriorityGrouping
                0x08002da8       0x1c ./Drivers/STM32F4xx_HAL_Driver/Src/stm32f4xx_hal_cortex.o
 .text.__NVIC_EnableIRQ
                0x08002dc4       0x3c ./Drivers/STM32F4xx_HAL_Driver/Src/stm32f4xx_hal_cortex.o
 .text.__NVIC_SetPriority
                0x08002e00       0x54 ./Drivers/STM32F4xx_HAL_Driver/Src/stm32f4xx_hal_cortex.o
 .text.NVIC_EncodePriority
                0x08002e54       0x66 ./Drivers/STM32F4xx_HAL_Driver/Src/stm32f4xx_hal_cortex.o
 .text.HAL_NVIC_SetPriorityGrouping
                0x08002eba       0x16 ./Drivers/STM32F4xx_HAL_Driver/Src/stm32f4xx_hal_cortex.o
                0x08002eba                HAL_NVIC_SetPriorityGrouping
 .text.HAL_NVIC_SetPriority
                0x08002ed0       0x38 ./Drivers/STM32F4xx_HAL_Driver/Src/stm32f4xx_hal_cortex.o
                0x08002ed0                HAL_NVIC_SetPriority
 .text.HAL_NVIC_EnableIRQ
                0x08002f08       0x1c ./Drivers/STM32F4xx_HAL_Driver/Src/stm32f4xx_hal_cortex.o
                0x08002f08                HAL_NVIC_EnableIRQ
 .text.HAL_DMA_Init
                0x08002f24      0x15c ./Drivers/STM32F4xx_HAL_Driver/Src/stm32f4xx_hal_dma.o
                0x08002f24                HAL_DMA_Init
 .text.HAL_DMA_Start_IT
                0x08003080       0xb0 ./Drivers/STM32F4xx_HAL_Driver/Src/stm32f4xx_hal_dma.o
                0x08003080                HAL_DMA_Start_IT
 .text.HAL_DMA_Abort
                0x08003130       0xe0 ./Drivers/STM32F4xx_HAL_Driver/Src/stm32f4xx_hal_dma.o
                0x08003130                HAL_DMA_Abort
 .text.HAL_DMA_Abort_IT
                0x08003210       0x44 ./Drivers/STM32F4xx_HAL_Driver/Src/stm32f4xx_hal_dma.o
                0x08003210                HAL_DMA_Abort_IT
 .text.HAL_DMA_IRQHandler
                0x08003254      0x314 ./Drivers/STM32F4xx_HAL_Driver/Src/stm32f4xx_hal_dma.o
                0x08003254                HAL_DMA_IRQHandler
 .text.HAL_DMA_GetState
                0x08003568       0x1c ./Drivers/STM32F4xx_HAL_Driver/Src/stm32f4xx_hal_dma.o
                0x08003568                HAL_DMA_GetState
 .text.HAL_DMA_GetError
                0x08003584       0x18 ./Drivers/STM32F4xx_HAL_Driver/Src/stm32f4xx_hal_dma.o
                0x08003584                HAL_DMA_GetError
 .text.DMA_SetConfig
                0x0800359c       0x5c ./Drivers/STM32F4xx_HAL_Driver/Src/stm32f4xx_hal_dma.o
 .text.DMA_CalcBaseAndBitshift
                0x080035f8       0x6c ./Drivers/STM32F4xx_HAL_Driver/Src/stm32f4xx_hal_dma.o
 .text.DMA_CheckFifoParam
                0x08003664       0xf8 ./Drivers/STM32F4xx_HAL_Driver/Src/stm32f4xx_hal_dma.o
 .text.HAL_GPIO_Init
                0x0800375c      0x308 ./Drivers/STM32F4xx_HAL_Driver/Src/stm32f4xx_hal_gpio.o
                0x0800375c                HAL_GPIO_Init
 .text.HAL_GPIO_WritePin
                0x08003a64       0x32 ./Drivers/STM32F4xx_HAL_Driver/Src/stm32f4xx_hal_gpio.o
                0x08003a64                HAL_GPIO_WritePin
 *fill*         0x08003a96        0x2 
 .text.HAL_GPIO_EXTI_IRQHandler
                0x08003a98       0x30 ./Drivers/STM32F4xx_HAL_Driver/Src/stm32f4xx_hal_gpio.o
                0x08003a98                HAL_GPIO_EXTI_IRQHandler
 .text.HAL_I2C_Init
                0x08003ac8      0x288 ./Drivers/STM32F4xx_HAL_Driver/Src/stm32f4xx_hal_i2c.o
                0x08003ac8                HAL_I2C_Init
 .text.I2C_Flush_DR
                0x08003d50       0x2a ./Drivers/STM32F4xx_HAL_Driver/Src/stm32f4xx_hal_i2c.o
 *fill*         0x08003d7a        0x2 
 .text.HAL_I2C_Master_Transmit
                0x08003d7c      0x1fc ./Drivers/STM32F4xx_HAL_Driver/Src/stm32f4xx_hal_i2c.o
                0x08003d7c                HAL_I2C_Master_Transmit
 .text.HAL_I2C_Mem_Write
                0x08003f78      0x1f4 ./Drivers/STM32F4xx_HAL_Driver/Src/stm32f4xx_hal_i2c.o
                0x08003f78                HAL_I2C_Mem_Write
 .text.HAL_I2C_Mem_Write_DMA
                0x0800416c      0x2bc ./Drivers/STM32F4xx_HAL_Driver/Src/stm32f4xx_hal_i2c.o
                0x0800416c                HAL_I2C_Mem_Write_DMA
 .text.HAL_I2C_EV_IRQHandler
                0x08004428      0x2e2 ./Drivers/STM32F4xx_HAL_Driver/Src/stm32f4xx_hal_i2c.o
                0x08004428                HAL_I2C_EV_IRQHandler
 .text.HAL_I2C_MasterTxCpltCallback
                0x0800470a       0x14 ./Drivers/STM32F4xx_HAL_Driver/Src/stm32f4xx_hal_i2c.o
                0x0800470a                HAL_I2C_MasterTxCpltCallback
 .text.HAL_I2C_MasterRxCpltCallback
                0x0800471e       0x14 ./Drivers/STM32F4xx_HAL_Driver/Src/stm32f4xx_hal_i2c.o
                0x0800471e                HAL_I2C_MasterRxCpltCallback
 .text.HAL_I2C_SlaveTxCpltCallback
                0x08004732       0x14 ./Drivers/STM32F4xx_HAL_Driver/Src/stm32f4xx_hal_i2c.o
                0x08004732                HAL_I2C_SlaveTxCpltCallback
 .text.HAL_I2C_SlaveRxCpltCallback
                0x08004746       0x14 ./Drivers/STM32F4xx_HAL_Driver/Src/stm32f4xx_hal_i2c.o
                0x08004746                HAL_I2C_SlaveRxCpltCallback
 .text.HAL_I2C_AddrCallback
                0x0800475a       0x1c ./Drivers/STM32F4xx_HAL_Driver/Src/stm32f4xx_hal_i2c.o
                0x0800475a                HAL_I2C_AddrCallback
 .text.HAL_I2C_ListenCpltCallback
                0x08004776       0x14 ./Drivers/STM32F4xx_HAL_Driver/Src/stm32f4xx_hal_i2c.o
                0x08004776                HAL_I2C_ListenCpltCallback
 .text.HAL_I2C_MemRxCpltCallback
                0x0800478a       0x14 ./Drivers/STM32F4xx_HAL_Driver/Src/stm32f4xx_hal_i2c.o
                0x0800478a                HAL_I2C_MemRxCpltCallback
 .text.HAL_I2C_ErrorCallback
                0x0800479e       0x14 ./Drivers/STM32F4xx_HAL_Driver/Src/stm32f4xx_hal_i2c.o
                0x0800479e                HAL_I2C_ErrorCallback
 .text.HAL_I2C_AbortCpltCallback
                0x080047b2       0x14 ./Drivers/STM32F4xx_HAL_Driver/Src/stm32f4xx_hal_i2c.o
                0x080047b2                HAL_I2C_AbortCpltCallback
 .text.I2C_MasterTransmit_TXE
                0x080047c6      0x138 ./Drivers/STM32F4xx_HAL_Driver/Src/stm32f4xx_hal_i2c.o
 .text.I2C_MasterTransmit_BTF
                0x080048fe       0xec ./Drivers/STM32F4xx_HAL_Driver/Src/stm32f4xx_hal_i2c.o
 .text.I2C_MemoryTransmit_TXE_BTF
                0x080049ea      0x130 ./Drivers/STM32F4xx_HAL_Driver/Src/stm32f4xx_hal_i2c.o
 .text.I2C_MasterReceive_RXNE
                0x08004b1a      0x190 ./Drivers/STM32F4xx_HAL_Driver/Src/stm32f4xx_hal_i2c.o
 .text.I2C_MasterReceive_BTF
                0x08004caa      0x1e2 ./Drivers/STM32F4xx_HAL_Driver/Src/stm32f4xx_hal_i2c.o
 .text.I2C_Master_SB
                0x08004e8c      0x10c ./Drivers/STM32F4xx_HAL_Driver/Src/stm32f4xx_hal_i2c.o
 .text.I2C_Master_ADD10
                0x08004f98       0x54 ./Drivers/STM32F4xx_HAL_Driver/Src/stm32f4xx_hal_i2c.o
 .text.I2C_Master_ADDR
                0x08004fec      0x322 ./Drivers/STM32F4xx_HAL_Driver/Src/stm32f4xx_hal_i2c.o
 .text.I2C_SlaveTransmit_TXE
                0x0800530e       0x7a ./Drivers/STM32F4xx_HAL_Driver/Src/stm32f4xx_hal_i2c.o
 .text.I2C_SlaveTransmit_BTF
                0x08005388       0x42 ./Drivers/STM32F4xx_HAL_Driver/Src/stm32f4xx_hal_i2c.o
 .text.I2C_SlaveReceive_RXNE
                0x080053ca       0x7c ./Drivers/STM32F4xx_HAL_Driver/Src/stm32f4xx_hal_i2c.o
 .text.I2C_SlaveReceive_BTF
                0x08005446       0x44 ./Drivers/STM32F4xx_HAL_Driver/Src/stm32f4xx_hal_i2c.o
 .text.I2C_Slave_ADDR
                0x0800548a       0x94 ./Drivers/STM32F4xx_HAL_Driver/Src/stm32f4xx_hal_i2c.o
 *fill*         0x0800551e        0x2 
 .text.I2C_Slave_STOPF
                0x08005520      0x260 ./Drivers/STM32F4xx_HAL_Driver/Src/stm32f4xx_hal_i2c.o
 .text.I2C_ITError
                0x08005780      0x264 ./Drivers/STM32F4xx_HAL_Driver/Src/stm32f4xx_hal_i2c.o
 .text.I2C_MasterRequestWrite
                0x080059e4      0x104 ./Drivers/STM32F4xx_HAL_Driver/Src/stm32f4xx_hal_i2c.o
 .text.I2C_RequestMemoryWrite
                0x08005ae8      0x12c ./Drivers/STM32F4xx_HAL_Driver/Src/stm32f4xx_hal_i2c.o
 .text.I2C_DMAXferCplt
                0x08005c14      0x1be ./Drivers/STM32F4xx_HAL_Driver/Src/stm32f4xx_hal_i2c.o
 .text.I2C_DMAError
                0x08005dd2       0x7a ./Drivers/STM32F4xx_HAL_Driver/Src/stm32f4xx_hal_i2c.o
 .text.I2C_DMAAbort
                0x08005e4c      0x150 ./Drivers/STM32F4xx_HAL_Driver/Src/stm32f4xx_hal_i2c.o
 .text.I2C_WaitOnFlagUntilTimeout
                0x08005f9c       0xf4 ./Drivers/STM32F4xx_HAL_Driver/Src/stm32f4xx_hal_i2c.o
 .text.I2C_WaitOnMasterAddressFlagUntilTimeout
                0x08006090      0x140 ./Drivers/STM32F4xx_HAL_Driver/Src/stm32f4xx_hal_i2c.o
 .text.I2C_WaitOnTXEFlagUntilTimeout
                0x080061d0       0x90 ./Drivers/STM32F4xx_HAL_Driver/Src/stm32f4xx_hal_i2c.o
 .text.I2C_WaitOnBTFFlagUntilTimeout
                0x08006260       0x90 ./Drivers/STM32F4xx_HAL_Driver/Src/stm32f4xx_hal_i2c.o
 .text.I2C_WaitOnSTOPRequestThroughIT
                0x080062f0       0x64 ./Drivers/STM32F4xx_HAL_Driver/Src/stm32f4xx_hal_i2c.o
 .text.I2C_IsAcknowledgeFailed
                0x08006354       0x5e ./Drivers/STM32F4xx_HAL_Driver/Src/stm32f4xx_hal_i2c.o
 .text.I2C_ConvertOtherXferOptions
                0x080063b2       0x36 ./Drivers/STM32F4xx_HAL_Driver/Src/stm32f4xx_hal_i2c.o
 .text.HAL_RCC_OscConfig
                0x080063e8      0x4f0 ./Drivers/STM32F4xx_HAL_Driver/Src/stm32f4xx_hal_rcc.o
                0x080063e8                HAL_RCC_OscConfig
 .text.HAL_RCC_ClockConfig
                0x080068d8      0x1cc ./Drivers/STM32F4xx_HAL_Driver/Src/stm32f4xx_hal_rcc.o
                0x080068d8                HAL_RCC_ClockConfig
 .text.HAL_RCC_GetSysClockFreq
                0x08006aa4      0x20c ./Drivers/STM32F4xx_HAL_Driver/Src/stm32f4xx_hal_rcc.o
                0x08006aa4                HAL_RCC_GetSysClockFreq
 .text.HAL_RCC_GetHCLKFreq
                0x08006cb0       0x18 ./Drivers/STM32F4xx_HAL_Driver/Src/stm32f4xx_hal_rcc.o
                0x08006cb0                HAL_RCC_GetHCLKFreq
 .text.HAL_RCC_GetPCLK1Freq
                0x08006cc8       0x28 ./Drivers/STM32F4xx_HAL_Driver/Src/stm32f4xx_hal_rcc.o
                0x08006cc8                HAL_RCC_GetPCLK1Freq
 .text.HAL_RCC_GetPCLK2Freq
                0x08006cf0       0x28 ./Drivers/STM32F4xx_HAL_Driver/Src/stm32f4xx_hal_rcc.o
                0x08006cf0                HAL_RCC_GetPCLK2Freq
 .text.HAL_RCC_GetClockConfig
                0x08006d18       0x64 ./Drivers/STM32F4xx_HAL_Driver/Src/stm32f4xx_hal_rcc.o
                0x08006d18                HAL_RCC_GetClockConfig
 .text.HAL_TIM_Base_Init
                0x08006d7c       0x9e ./Drivers/STM32F4xx_HAL_Driver/Src/stm32f4xx_hal_tim.o
                0x08006d7c                HAL_TIM_Base_Init
 *fill*         0x08006e1a        0x2 
 .text.HAL_TIM_Base_Start_IT
                0x08006e1c       0xc4 ./Drivers/STM32F4xx_HAL_Driver/Src/stm32f4xx_hal_tim.o
                0x08006e1c                HAL_TIM_Base_Start_IT
 .text.HAL_TIM_PWM_Init
                0x08006ee0       0x9e ./Drivers/STM32F4xx_HAL_Driver/Src/stm32f4xx_hal_tim.o
                0x08006ee0                HAL_TIM_PWM_Init
 .text.HAL_TIM_PWM_MspInit
                0x08006f7e       0x14 ./Drivers/STM32F4xx_HAL_Driver/Src/stm32f4xx_hal_tim.o
                0x08006f7e                HAL_TIM_PWM_MspInit
 *fill*         0x08006f92        0x2 
 .text.HAL_TIM_PWM_Start
                0x08006f94      0x160 ./Drivers/STM32F4xx_HAL_Driver/Src/stm32f4xx_hal_tim.o
                0x08006f94                HAL_TIM_PWM_Start
 .text.HAL_TIM_PWM_Stop
                0x080070f4       0xc8 ./Drivers/STM32F4xx_HAL_Driver/Src/stm32f4xx_hal_tim.o
                0x080070f4                HAL_TIM_PWM_Stop
 .text.HAL_TIM_IRQHandler
                0x080071bc      0x1e0 ./Drivers/STM32F4xx_HAL_Driver/Src/stm32f4xx_hal_tim.o
                0x080071bc                HAL_TIM_IRQHandler
 .text.HAL_TIM_PWM_ConfigChannel
                0x0800739c      0x184 ./Drivers/STM32F4xx_HAL_Driver/Src/stm32f4xx_hal_tim.o
                0x0800739c                HAL_TIM_PWM_ConfigChannel
 .text.HAL_TIM_ConfigClockSource
                0x08007520      0x18e ./Drivers/STM32F4xx_HAL_Driver/Src/stm32f4xx_hal_tim.o
                0x08007520                HAL_TIM_ConfigClockSource
 .text.HAL_TIM_OC_DelayElapsedCallback
                0x080076ae       0x14 ./Drivers/STM32F4xx_HAL_Driver/Src/stm32f4xx_hal_tim.o
                0x080076ae                HAL_TIM_OC_DelayElapsedCallback
 .text.HAL_TIM_IC_CaptureCallback
                0x080076c2       0x14 ./Drivers/STM32F4xx_HAL_Driver/Src/stm32f4xx_hal_tim.o
                0x080076c2                HAL_TIM_IC_CaptureCallback
 .text.HAL_TIM_PWM_PulseFinishedCallback
                0x080076d6       0x14 ./Drivers/STM32F4xx_HAL_Driver/Src/stm32f4xx_hal_tim.o
                0x080076d6                HAL_TIM_PWM_PulseFinishedCallback
 .text.HAL_TIM_TriggerCallback
                0x080076ea       0x14 ./Drivers/STM32F4xx_HAL_Driver/Src/stm32f4xx_hal_tim.o
                0x080076ea                HAL_TIM_TriggerCallback
 *fill*         0x080076fe        0x2 
 .text.TIM_Base_SetConfig
                0x08007700      0x10c ./Drivers/STM32F4xx_HAL_Driver/Src/stm32f4xx_hal_tim.o
                0x08007700                TIM_Base_SetConfig
 .text.TIM_OC1_SetConfig
                0x0800780c       0xcc ./Drivers/STM32F4xx_HAL_Driver/Src/stm32f4xx_hal_tim.o
 .text.TIM_OC2_SetConfig
                0x080078d8       0xd8 ./Drivers/STM32F4xx_HAL_Driver/Src/stm32f4xx_hal_tim.o
                0x080078d8                TIM_OC2_SetConfig
 .text.TIM_OC3_SetConfig
                0x080079b0       0xd4 ./Drivers/STM32F4xx_HAL_Driver/Src/stm32f4xx_hal_tim.o
 .text.TIM_OC4_SetConfig
                0x08007a84       0xa0 ./Drivers/STM32F4xx_HAL_Driver/Src/stm32f4xx_hal_tim.o
 .text.TIM_TI1_ConfigInputStage
                0x08007b24       0x5e ./Drivers/STM32F4xx_HAL_Driver/Src/stm32f4xx_hal_tim.o
 .text.TIM_TI2_ConfigInputStage
                0x08007b82       0x60 ./Drivers/STM32F4xx_HAL_Driver/Src/stm32f4xx_hal_tim.o
 .text.TIM_ITRx_SetConfig
                0x08007be2       0x36 ./Drivers/STM32F4xx_HAL_Driver/Src/stm32f4xx_hal_tim.o
 .text.TIM_ETR_SetConfig
                0x08007c18       0x40 ./Drivers/STM32F4xx_HAL_Driver/Src/stm32f4xx_hal_tim.o
                0x08007c18                TIM_ETR_SetConfig
 .text.TIM_CCxChannelCmd
                0x08007c58       0x4a ./Drivers/STM32F4xx_HAL_Driver/Src/stm32f4xx_hal_tim.o
                0x08007c58                TIM_CCxChannelCmd
 *fill*         0x08007ca2        0x2 
 .text.HAL_TIMEx_MasterConfigSynchronization
                0x08007ca4       0xdc ./Drivers/STM32F4xx_HAL_Driver/Src/stm32f4xx_hal_tim_ex.o
                0x08007ca4                HAL_TIMEx_MasterConfigSynchronization
 .text.HAL_TIMEx_CommutCallback
                0x08007d80       0x14 ./Drivers/STM32F4xx_HAL_Driver/Src/stm32f4xx_hal_tim_ex.o
                0x08007d80                HAL_TIMEx_CommutCallback
 .text.HAL_TIMEx_BreakCallback
                0x08007d94       0x14 ./Drivers/STM32F4xx_HAL_Driver/Src/stm32f4xx_hal_tim_ex.o
                0x08007d94                HAL_TIMEx_BreakCallback
 .text.HAL_UART_Init
                0x08007da8       0xa0 ./Drivers/STM32F4xx_HAL_Driver/Src/stm32f4xx_hal_uart.o
                0x08007da8                HAL_UART_Init
 .text.HAL_UART_Transmit
                0x08007e48      0x116 ./Drivers/STM32F4xx_HAL_Driver/Src/stm32f4xx_hal_uart.o
                0x08007e48                HAL_UART_Transmit
 .text.HAL_UART_Receive_IT
                0x08007f5e       0x4a ./Drivers/STM32F4xx_HAL_Driver/Src/stm32f4xx_hal_uart.o
                0x08007f5e                HAL_UART_Receive_IT
 .text.HAL_UART_IRQHandler
                0x08007fa8      0x554 ./Drivers/STM32F4xx_HAL_Driver/Src/stm32f4xx_hal_uart.o
                0x08007fa8                HAL_UART_IRQHandler
 .text.HAL_UART_TxCpltCallback
                0x080084fc       0x14 ./Drivers/STM32F4xx_HAL_Driver/Src/stm32f4xx_hal_uart.o
                0x080084fc                HAL_UART_TxCpltCallback
 .text.HAL_UART_ErrorCallback
                0x08008510       0x14 ./Drivers/STM32F4xx_HAL_Driver/Src/stm32f4xx_hal_uart.o
                0x08008510                HAL_UART_ErrorCallback
 .text.HAL_UARTEx_RxEventCallback
                0x08008524       0x18 ./Drivers/STM32F4xx_HAL_Driver/Src/stm32f4xx_hal_uart.o
                0x08008524                HAL_UARTEx_RxEventCallback
 .text.UART_WaitOnFlagUntilTimeout
                0x0800853c       0xb2 ./Drivers/STM32F4xx_HAL_Driver/Src/stm32f4xx_hal_uart.o
 .text.UART_Start_Receive_IT
                0x080085ee       0x74 ./Drivers/STM32F4xx_HAL_Driver/Src/stm32f4xx_hal_uart.o
                0x080085ee                UART_Start_Receive_IT
 .text.UART_EndRxTransfer
                0x08008662       0xc6 ./Drivers/STM32F4xx_HAL_Driver/Src/stm32f4xx_hal_uart.o
 .text.UART_DMAAbortOnError
                0x08008728       0x22 ./Drivers/STM32F4xx_HAL_Driver/Src/stm32f4xx_hal_uart.o
 .text.UART_Transmit_IT
                0x0800874a       0xa0 ./Drivers/STM32F4xx_HAL_Driver/Src/stm32f4xx_hal_uart.o
 .text.UART_EndTransmit_IT
                0x080087ea       0x30 ./Drivers/STM32F4xx_HAL_Driver/Src/stm32f4xx_hal_uart.o
 .text.UART_Receive_IT
                0x0800881a      0x17c ./Drivers/STM32F4xx_HAL_Driver/Src/stm32f4xx_hal_uart.o
 *fill*         0x08008996        0x2 
 .text.UART_SetConfig
                0x08008998      0x4e8 ./Drivers/STM32F4xx_HAL_Driver/Src/stm32f4xx_hal_uart.o
 .text.makeFreeRtosPriority
                0x08008e80       0x30 ./Middlewares/Third_Party/FreeRTOS/Source/CMSIS_RTOS/cmsis_os.o
 .text.inHandlerMode
                0x08008eb0       0x24 ./Middlewares/Third_Party/FreeRTOS/Source/CMSIS_RTOS/cmsis_os.o
 .text.osKernelStart
                0x08008ed4        0xe ./Middlewares/Third_Party/FreeRTOS/Source/CMSIS_RTOS/cmsis_os.o
                0x08008ed4                osKernelStart
 .text.osKernelSysTick
                0x08008ee2       0x20 ./Middlewares/Third_Party/FreeRTOS/Source/CMSIS_RTOS/cmsis_os.o
                0x08008ee2                osKernelSysTick
 .text.osThreadCreate
                0x08008f02       0x98 ./Middlewares/Third_Party/FreeRTOS/Source/CMSIS_RTOS/cmsis_os.o
                0x08008f02                osThreadCreate
 .text.osDelay  0x08008f9a       0x28 ./Middlewares/Third_Party/FreeRTOS/Source/CMSIS_RTOS/cmsis_os.o
                0x08008f9a                osDelay
 *fill*         0x08008fc2        0x2 
 .text.osTimerCreate
                0x08008fc4       0x68 ./Middlewares/Third_Party/FreeRTOS/Source/CMSIS_RTOS/cmsis_os.o
                0x08008fc4                osTimerCreate
 .text.osTimerStart
                0x0800902c       0x88 ./Middlewares/Third_Party/FreeRTOS/Source/CMSIS_RTOS/cmsis_os.o
                0x0800902c                osTimerStart
 .text.osTimerStop
                0x080090b4       0x78 ./Middlewares/Third_Party/FreeRTOS/Source/CMSIS_RTOS/cmsis_os.o
                0x080090b4                osTimerStop
 .text.vListInitialise
                0x0800912c       0x40 ./Middlewares/Third_Party/FreeRTOS/Source/list.o
                0x0800912c                vListInitialise
 .text.vListInitialiseItem
                0x0800916c       0x1a ./Middlewares/Third_Party/FreeRTOS/Source/list.o
                0x0800916c                vListInitialiseItem
 .text.vListInsertEnd
                0x08009186       0x48 ./Middlewares/Third_Party/FreeRTOS/Source/list.o
                0x08009186                vListInsertEnd
 .text.vListInsert
                0x080091ce       0x72 ./Middlewares/Third_Party/FreeRTOS/Source/list.o
                0x080091ce                vListInsert
 .text.uxListRemove
                0x08009240       0x54 ./Middlewares/Third_Party/FreeRTOS/Source/list.o
                0x08009240                uxListRemove
 .text.xQueueGenericReset
                0x08009294       0xd4 ./Middlewares/Third_Party/FreeRTOS/Source/queue.o
                0x08009294                xQueueGenericReset
 .text.xQueueGenericCreateStatic
                0x08009368       0xfa ./Middlewares/Third_Party/FreeRTOS/Source/queue.o
                0x08009368                xQueueGenericCreateStatic
 .text.prvInitialiseNewQueue
                0x08009462       0x3e ./Middlewares/Third_Party/FreeRTOS/Source/queue.o
 .text.xQueueGenericSend
                0x080094a0      0x204 ./Middlewares/Third_Party/FreeRTOS/Source/queue.o
                0x080094a0                xQueueGenericSend
 .text.xQueueGenericSendFromISR
                0x080096a4      0x13c ./Middlewares/Third_Party/FreeRTOS/Source/queue.o
                0x080096a4                xQueueGenericSendFromISR
 .text.xQueueReceive
                0x080097e0      0x1c4 ./Middlewares/Third_Party/FreeRTOS/Source/queue.o
                0x080097e0                xQueueReceive
 .text.prvCopyDataToQueue
                0x080099a4       0xd4 ./Middlewares/Third_Party/FreeRTOS/Source/queue.o
 .text.prvCopyDataFromQueue
                0x08009a78       0x4c ./Middlewares/Third_Party/FreeRTOS/Source/queue.o
 .text.prvUnlockQueue
                0x08009ac4       0xa4 ./Middlewares/Third_Party/FreeRTOS/Source/queue.o
 .text.prvIsQueueEmpty
                0x08009b68       0x2c ./Middlewares/Third_Party/FreeRTOS/Source/queue.o
 .text.prvIsQueueFull
                0x08009b94       0x30 ./Middlewares/Third_Party/FreeRTOS/Source/queue.o
 .text.vQueueAddToRegistry
                0x08009bc4       0x54 ./Middlewares/Third_Party/FreeRTOS/Source/queue.o
                0x08009bc4                vQueueAddToRegistry
 .text.vQueueWaitForMessageRestricted
                0x08009c18       0x68 ./Middlewares/Third_Party/FreeRTOS/Source/queue.o
                0x08009c18                vQueueWaitForMessageRestricted
 .text.xTaskCreateStatic
                0x08009c80       0xc0 ./Middlewares/Third_Party/FreeRTOS/Source/tasks.o
                0x08009c80                xTaskCreateStatic
 .text.xTaskCreate
                0x08009d40       0x8a ./Middlewares/Third_Party/FreeRTOS/Source/tasks.o
                0x08009d40                xTaskCreate
 *fill*         0x08009dca        0x2 
 .text.prvInitialiseNewTask
                0x08009dcc      0x140 ./Middlewares/Third_Party/FreeRTOS/Source/tasks.o
 .text.prvAddNewTaskToReadyList
                0x08009f0c       0xd4 ./Middlewares/Third_Party/FreeRTOS/Source/tasks.o
 .text.vTaskDelay
                0x08009fe0       0x6c ./Middlewares/Third_Party/FreeRTOS/Source/tasks.o
                0x08009fe0                vTaskDelay
 .text.vTaskStartScheduler
                0x0800a04c       0xe0 ./Middlewares/Third_Party/FreeRTOS/Source/tasks.o
                0x0800a04c                vTaskStartScheduler
 .text.vTaskSuspendAll
                0x0800a12c       0x1c ./Middlewares/Third_Party/FreeRTOS/Source/tasks.o
                0x0800a12c                vTaskSuspendAll
 .text.xTaskResumeAll
                0x0800a148      0x13c ./Middlewares/Third_Party/FreeRTOS/Source/tasks.o
                0x0800a148                xTaskResumeAll
 .text.xTaskGetTickCount
                0x0800a284       0x20 ./Middlewares/Third_Party/FreeRTOS/Source/tasks.o
                0x0800a284                xTaskGetTickCount
 .text.xTaskGetTickCountFromISR
                0x0800a2a4       0x24 ./Middlewares/Third_Party/FreeRTOS/Source/tasks.o
                0x0800a2a4                xTaskGetTickCountFromISR
 .text.xTaskIncrementTick
                0x0800a2c8      0x174 ./Middlewares/Third_Party/FreeRTOS/Source/tasks.o
                0x0800a2c8                xTaskIncrementTick
 .text.vTaskSwitchContext
                0x0800a43c       0xc8 ./Middlewares/Third_Party/FreeRTOS/Source/tasks.o
                0x0800a43c                vTaskSwitchContext
 .text.vTaskPlaceOnEventList
                0x0800a504       0x4c ./Middlewares/Third_Party/FreeRTOS/Source/tasks.o
                0x0800a504                vTaskPlaceOnEventList
 .text.vTaskPlaceOnEventListRestricted
                0x0800a550       0x58 ./Middlewares/Third_Party/FreeRTOS/Source/tasks.o
                0x0800a550                vTaskPlaceOnEventListRestricted
 .text.xTaskRemoveFromEventList
                0x0800a5a8       0xc8 ./Middlewares/Third_Party/FreeRTOS/Source/tasks.o
                0x0800a5a8                xTaskRemoveFromEventList
 .text.vTaskInternalSetTimeOutState
                0x0800a670       0x2c ./Middlewares/Third_Party/FreeRTOS/Source/tasks.o
                0x0800a670                vTaskInternalSetTimeOutState
 .text.xTaskCheckForTimeOut
                0x0800a69c       0xc8 ./Middlewares/Third_Party/FreeRTOS/Source/tasks.o
                0x0800a69c                xTaskCheckForTimeOut
 .text.vTaskMissedYield
                0x0800a764       0x18 ./Middlewares/Third_Party/FreeRTOS/Source/tasks.o
                0x0800a764                vTaskMissedYield
 .text.prvIdleTask
                0x0800a77c       0x30 ./Middlewares/Third_Party/FreeRTOS/Source/tasks.o
 .text.prvInitialiseTaskLists
                0x0800a7ac       0x80 ./Middlewares/Third_Party/FreeRTOS/Source/tasks.o
 .text.prvCheckTasksWaitingTermination
                0x0800a82c       0x5c ./Middlewares/Third_Party/FreeRTOS/Source/tasks.o
 .text.prvDeleteTCB
                0x0800a888       0x6a ./Middlewares/Third_Party/FreeRTOS/Source/tasks.o
 *fill*         0x0800a8f2        0x2 
 .text.prvResetNextTaskUnblockTime
                0x0800a8f4       0x40 ./Middlewares/Third_Party/FreeRTOS/Source/tasks.o
 .text.xTaskGetSchedulerState
                0x0800a934       0x3c ./Middlewares/Third_Party/FreeRTOS/Source/tasks.o
                0x0800a934                xTaskGetSchedulerState
 .text.xTaskPriorityDisinherit
                0x0800a970      0x110 ./Middlewares/Third_Party/FreeRTOS/Source/tasks.o
                0x0800a970                xTaskPriorityDisinherit
 .text.prvAddCurrentTaskToDelayedList
                0x0800aa80       0xcc ./Middlewares/Third_Party/FreeRTOS/Source/tasks.o
 .text.xTimerCreateTimerTask
                0x0800ab4c       0x94 ./Middlewares/Third_Party/FreeRTOS/Source/timers.o
                0x0800ab4c                xTimerCreateTimerTask
 .text.xTimerCreate
                0x0800abe0       0x42 ./Middlewares/Third_Party/FreeRTOS/Source/timers.o
                0x0800abe0                xTimerCreate
 .text.xTimerCreateStatic
                0x0800ac22       0x80 ./Middlewares/Third_Party/FreeRTOS/Source/timers.o
                0x0800ac22                xTimerCreateStatic
 .text.prvInitialiseNewTimer
                0x0800aca2       0x78 ./Middlewares/Third_Party/FreeRTOS/Source/timers.o
 *fill*         0x0800ad1a        0x2 
 .text.xTimerGenericCommand
                0x0800ad1c       0x9c ./Middlewares/Third_Party/FreeRTOS/Source/timers.o
                0x0800ad1c                xTimerGenericCommand
 .text.prvProcessExpiredTimer
                0x0800adb8       0x9c ./Middlewares/Third_Party/FreeRTOS/Source/timers.o
 .text.prvTimerTask
                0x0800ae54       0x26 ./Middlewares/Third_Party/FreeRTOS/Source/timers.o
 *fill*         0x0800ae7a        0x2 
 .text.prvProcessTimerOrBlockTask
                0x0800ae7c       0x9c ./Middlewares/Third_Party/FreeRTOS/Source/timers.o
 .text.prvGetNextExpireTime
                0x0800af18       0x48 ./Middlewares/Third_Party/FreeRTOS/Source/timers.o
 .text.prvSampleTimeNow
                0x0800af60       0x40 ./Middlewares/Third_Party/FreeRTOS/Source/timers.o
 .text.prvInsertTimerInActiveList
                0x0800afa0       0x84 ./Middlewares/Third_Party/FreeRTOS/Source/timers.o
 .text.prvProcessReceivedCommands
                0x0800b024      0x194 ./Middlewares/Third_Party/FreeRTOS/Source/timers.o
 .text.prvSwitchTimerLists
                0x0800b1b8       0xcc ./Middlewares/Third_Party/FreeRTOS/Source/timers.o
 .text.prvCheckForValidListAndQueue
                0x0800b284       0x80 ./Middlewares/Third_Party/FreeRTOS/Source/timers.o
 .text.pxPortInitialiseStack
                0x0800b304       0x68 ./Middlewares/Third_Party/FreeRTOS/Source/portable/GCC/ARM_CM4F/port.o
                0x0800b304                pxPortInitialiseStack
 .text.prvTaskExitError
                0x0800b36c       0x5c ./Middlewares/Third_Party/FreeRTOS/Source/portable/GCC/ARM_CM4F/port.o
 *fill*         0x0800b3c8        0x8 
 .text.SVC_Handler
                0x0800b3d0       0x28 ./Middlewares/Third_Party/FreeRTOS/Source/portable/GCC/ARM_CM4F/port.o
                0x0800b3d0                SVC_Handler
 .text.prvPortStartFirstTask
                0x0800b3f8       0x28 ./Middlewares/Third_Party/FreeRTOS/Source/portable/GCC/ARM_CM4F/port.o
 .text.xPortStartScheduler
                0x0800b420      0x148 ./Middlewares/Third_Party/FreeRTOS/Source/portable/GCC/ARM_CM4F/port.o
                0x0800b420                xPortStartScheduler
 .text.vPortEnterCritical
                0x0800b568       0x64 ./Middlewares/Third_Party/FreeRTOS/Source/portable/GCC/ARM_CM4F/port.o
                0x0800b568                vPortEnterCritical
 .text.vPortExitCritical
                0x0800b5cc       0x54 ./Middlewares/Third_Party/FreeRTOS/Source/portable/GCC/ARM_CM4F/port.o
                0x0800b5cc                vPortExitCritical
 .text.PendSV_Handler
                0x0800b620       0x68 ./Middlewares/Third_Party/FreeRTOS/Source/portable/GCC/ARM_CM4F/port.o
                0x0800b620                PendSV_Handler
 .text.SysTick_Handler
                0x0800b688       0x44 ./Middlewares/Third_Party/FreeRTOS/Source/portable/GCC/ARM_CM4F/port.o
                0x0800b688                SysTick_Handler
 .text.vPortSetupTimerInterrupt
                0x0800b6cc       0x48 ./Middlewares/Third_Party/FreeRTOS/Source/portable/GCC/ARM_CM4F/port.o
                0x0800b6cc                vPortSetupTimerInterrupt
 .text.vPortEnableVFP
                0x0800b714       0x14 ./Middlewares/Third_Party/FreeRTOS/Source/portable/GCC/ARM_CM4F/port.o
 .text.vPortValidateInterruptPriority
                0x0800b728       0x84 ./Middlewares/Third_Party/FreeRTOS/Source/portable/GCC/ARM_CM4F/port.o
                0x0800b728                vPortValidateInterruptPriority
 .text.pvPortMalloc
                0x0800b7ac      0x19c ./Middlewares/Third_Party/FreeRTOS/Source/portable/MemMang/heap_4.o
                0x0800b7ac                pvPortMalloc
 .text.vPortFree
                0x0800b948       0xc8 ./Middlewares/Third_Party/FreeRTOS/Source/portable/MemMang/heap_4.o
                0x0800b948                vPortFree
 .text.prvHeapInit
                0x0800ba10       0xc4 ./Middlewares/Third_Party/FreeRTOS/Source/portable/MemMang/heap_4.o
 .text.prvInsertBlockIntoFreeList
                0x0800bad4       0xb4 ./Middlewares/Third_Party/FreeRTOS/Source/portable/MemMang/heap_4.o
 .text.srand    0x0800bb88       0x5c C:/ST/STM32CubeIDE_2.1.1/STM32CubeIDE/plugins/com.st.stm32cube.ide.mcu.externaltools.gnu-tools-for-stm32.14.3.rel1.win32_1.0.100.202602081740/tools/bin/../lib/gcc/arm-none-eabi/14.3.1/../../../../arm-none-eabi/lib/thumb/v7e-m+fp/hard\libc_nano.a(libc_a-rand.o)
                0x0800bb88                srand
 .text.rand     0x0800bbe4       0x7c C:/ST/STM32CubeIDE_2.1.1/STM32CubeIDE/plugins/com.st.stm32cube.ide.mcu.externaltools.gnu-tools-for-stm32.14.3.rel1.win32_1.0.100.202602081740/tools/bin/../lib/gcc/arm-none-eabi/14.3.1/../../../../arm-none-eabi/lib/thumb/v7e-m+fp/hard\libc_nano.a(libc_a-rand.o)
                0x0800bbe4                rand
 .text.std      0x0800bc60       0x6c C:/ST/STM32CubeIDE_2.1.1/STM32CubeIDE/plugins/com.st.stm32cube.ide.mcu.externaltools.gnu-tools-for-stm32.14.3.rel1.win32_1.0.100.202602081740/tools/bin/../lib/gcc/arm-none-eabi/14.3.1/../../../../arm-none-eabi/lib/thumb/v7e-m+fp/hard\libc_nano.a(libc_a-findfp.o)
 .text.stdio_exit_handler
                0x0800bccc       0x18 C:/ST/STM32CubeIDE_2.1.1/STM32CubeIDE/plugins/com.st.stm32cube.ide.mcu.externaltools.gnu-tools-for-stm32.14.3.rel1.win32_1.0.100.202602081740/tools/bin/../lib/gcc/arm-none-eabi/14.3.1/../../../../arm-none-eabi/lib/thumb/v7e-m+fp/hard\libc_nano.a(libc_a-findfp.o)
 .text.cleanup_stdio
                0x0800bce4       0x40 C:/ST/STM32CubeIDE_2.1.1/STM32CubeIDE/plugins/com.st.stm32cube.ide.mcu.externaltools.gnu-tools-for-stm32.14.3.rel1.win32_1.0.100.202602081740/tools/bin/../lib/gcc/arm-none-eabi/14.3.1/../../../../arm-none-eabi/lib/thumb/v7e-m+fp/hard\libc_nano.a(libc_a-findfp.o)
 .text.global_stdio_init.part.0
                0x0800bd24       0x40 C:/ST/STM32CubeIDE_2.1.1/STM32CubeIDE/plugins/com.st.stm32cube.ide.mcu.externaltools.gnu-tools-for-stm32.14.3.rel1.win32_1.0.100.202602081740/tools/bin/../lib/gcc/arm-none-eabi/14.3.1/../../../../arm-none-eabi/lib/thumb/v7e-m+fp/hard\libc_nano.a(libc_a-findfp.o)
 .text.__sfp_lock_acquire
                0x0800bd64        0xc C:/ST/STM32CubeIDE_2.1.1/STM32CubeIDE/plugins/com.st.stm32cube.ide.mcu.externaltools.gnu-tools-for-stm32.14.3.rel1.win32_1.0.100.202602081740/tools/bin/../lib/gcc/arm-none-eabi/14.3.1/../../../../arm-none-eabi/lib/thumb/v7e-m+fp/hard\libc_nano.a(libc_a-findfp.o)
                0x0800bd64                __sfp_lock_acquire
 .text.__sfp_lock_release
                0x0800bd70        0xc C:/ST/STM32CubeIDE_2.1.1/STM32CubeIDE/plugins/com.st.stm32cube.ide.mcu.externaltools.gnu-tools-for-stm32.14.3.rel1.win32_1.0.100.202602081740/tools/bin/../lib/gcc/arm-none-eabi/14.3.1/../../../../arm-none-eabi/lib/thumb/v7e-m+fp/hard\libc_nano.a(libc_a-findfp.o)
                0x0800bd70                __sfp_lock_release
 .text.__sinit  0x0800bd7c       0x30 C:/ST/STM32CubeIDE_2.1.1/STM32CubeIDE/plugins/com.st.stm32cube.ide.mcu.externaltools.gnu-tools-for-stm32.14.3.rel1.win32_1.0.100.202602081740/tools/bin/../lib/gcc/arm-none-eabi/14.3.1/../../../../arm-none-eabi/lib/thumb/v7e-m+fp/hard\libc_nano.a(libc_a-findfp.o)
                0x0800bd7c                __sinit
 .text._fwalk_sglue
                0x0800bdac       0x3c C:/ST/STM32CubeIDE_2.1.1/STM32CubeIDE/plugins/com.st.stm32cube.ide.mcu.externaltools.gnu-tools-for-stm32.14.3.rel1.win32_1.0.100.202602081740/tools/bin/../lib/gcc/arm-none-eabi/14.3.1/../../../../arm-none-eabi/lib/thumb/v7e-m+fp/hard\libc_nano.a(libc_a-fwalk.o)
                0x0800bdac                _fwalk_sglue
 .text.printf   0x0800bde8       0x24 C:/ST/STM32CubeIDE_2.1.1/STM32CubeIDE/plugins/com.st.stm32cube.ide.mcu.externaltools.gnu-tools-for-stm32.14.3.rel1.win32_1.0.100.202602081740/tools/bin/../lib/gcc/arm-none-eabi/14.3.1/../../../../arm-none-eabi/lib/thumb/v7e-m+fp/hard\libc_nano.a(libc_a-printf.o)
                0x0800bde8                iprintf
                0x0800bde8                printf
 .text._puts_r  0x0800be0c       0xaa C:/ST/STM32CubeIDE_2.1.1/STM32CubeIDE/plugins/com.st.stm32cube.ide.mcu.externaltools.gnu-tools-for-stm32.14.3.rel1.win32_1.0.100.202602081740/tools/bin/../lib/gcc/arm-none-eabi/14.3.1/../../../../arm-none-eabi/lib/thumb/v7e-m+fp/hard\libc_nano.a(libc_a-puts.o)
                0x0800be0c                _puts_r
 *fill*         0x0800beb6        0x2 
 .text.puts     0x0800beb8       0x10 C:/ST/STM32CubeIDE_2.1.1/STM32CubeIDE/plugins/com.st.stm32cube.ide.mcu.externaltools.gnu-tools-for-stm32.14.3.rel1.win32_1.0.100.202602081740/tools/bin/../lib/gcc/arm-none-eabi/14.3.1/../../../../arm-none-eabi/lib/thumb/v7e-m+fp/hard\libc_nano.a(libc_a-puts.o)
                0x0800beb8                puts
 .text.snprintf
                0x0800bec8       0x6c C:/ST/STM32CubeIDE_2.1.1/STM32CubeIDE/plugins/com.st.stm32cube.ide.mcu.externaltools.gnu-tools-for-stm32.14.3.rel1.win32_1.0.100.202602081740/tools/bin/../lib/gcc/arm-none-eabi/14.3.1/../../../../arm-none-eabi/lib/thumb/v7e-m+fp/hard\libc_nano.a(libc_a-snprintf.o)
                0x0800bec8                sniprintf
                0x0800bec8                snprintf
 .text.__sread  0x0800bf34       0x22 C:/ST/STM32CubeIDE_2.1.1/STM32CubeIDE/plugins/com.st.stm32cube.ide.mcu.externaltools.gnu-tools-for-stm32.14.3.rel1.win32_1.0.100.202602081740/tools/bin/../lib/gcc/arm-none-eabi/14.3.1/../../../../arm-none-eabi/lib/thumb/v7e-m+fp/hard\libc_nano.a(libc_a-stdio.o)
                0x0800bf34                __sread
 .text.__swrite
                0x0800bf56       0x38 C:/ST/STM32CubeIDE_2.1.1/STM32CubeIDE/plugins/com.st.stm32cube.ide.mcu.externaltools.gnu-tools-for-stm32.14.3.rel1.win32_1.0.100.202602081740/tools/bin/../lib/gcc/arm-none-eabi/14.3.1/../../../../arm-none-eabi/lib/thumb/v7e-m+fp/hard\libc_nano.a(libc_a-stdio.o)
                0x0800bf56                __swrite
 .text.__sseek  0x0800bf8e       0x26 C:/ST/STM32CubeIDE_2.1.1/STM32CubeIDE/plugins/com.st.stm32cube.ide.mcu.externaltools.gnu-tools-for-stm32.14.3.rel1.win32_1.0.100.202602081740/tools/bin/../lib/gcc/arm-none-eabi/14.3.1/../../../../arm-none-eabi/lib/thumb/v7e-m+fp/hard\libc_nano.a(libc_a-stdio.o)
                0x0800bf8e                __sseek
 .text.__sclose
                0x0800bfb4        0x8 C:/ST/STM32CubeIDE_2.1.1/STM32CubeIDE/plugins/com.st.stm32cube.ide.mcu.externaltools.gnu-tools-for-stm32.14.3.rel1.win32_1.0.100.202602081740/tools/bin/../lib/gcc/arm-none-eabi/14.3.1/../../../../arm-none-eabi/lib/thumb/v7e-m+fp/hard\libc_nano.a(libc_a-stdio.o)
                0x0800bfb4                __sclose
 .text.__swbuf_r
                0x0800bfbc       0x7c C:/ST/STM32CubeIDE_2.1.1/STM32CubeIDE/plugins/com.st.stm32cube.ide.mcu.externaltools.gnu-tools-for-stm32.14.3.rel1.win32_1.0.100.202602081740/tools/bin/../lib/gcc/arm-none-eabi/14.3.1/../../../../arm-none-eabi/lib/thumb/v7e-m+fp/hard\libc_nano.a(libc_a-wbuf.o)
                0x0800bfbc                __swbuf_r
 .text.__swsetup_r
                0x0800c038       0xa8 C:/ST/STM32CubeIDE_2.1.1/STM32CubeIDE/plugins/com.st.stm32cube.ide.mcu.externaltools.gnu-tools-for-stm32.14.3.rel1.win32_1.0.100.202602081740/tools/bin/../lib/gcc/arm-none-eabi/14.3.1/../../../../arm-none-eabi/lib/thumb/v7e-m+fp/hard\libc_nano.a(libc_a-wsetup.o)
                0x0800c038                __swsetup_r
 .text.memmove  0x0800c0e0       0x32 C:/ST/STM32CubeIDE_2.1.1/STM32CubeIDE/plugins/com.st.stm32cube.ide.mcu.externaltools.gnu-tools-for-stm32.14.3.rel1.win32_1.0.100.202602081740/tools/bin/../lib/gcc/arm-none-eabi/14.3.1/../../../../arm-none-eabi/lib/thumb/v7e-m+fp/hard\libc_nano.a(libc_a-memmove.o)
                0x0800c0e0                memmove
 .text.memset   0x0800c112       0x10 C:/ST/STM32CubeIDE_2.1.1/STM32CubeIDE/plugins/com.st.stm32cube.ide.mcu.externaltools.gnu-tools-for-stm32.14.3.rel1.win32_1.0.100.202602081740/tools/bin/../lib/gcc/arm-none-eabi/14.3.1/../../../../arm-none-eabi/lib/thumb/v7e-m+fp/hard\libc_nano.a(libc_a-memset.o)
                0x0800c112                memset
 *fill*         0x0800c122        0x2 
 .text._close_r
                0x0800c124       0x20 C:/ST/STM32CubeIDE_2.1.1/STM32CubeIDE/plugins/com.st.stm32cube.ide.mcu.externaltools.gnu-tools-for-stm32.14.3.rel1.win32_1.0.100.202602081740/tools/bin/../lib/gcc/arm-none-eabi/14.3.1/../../../../arm-none-eabi/lib/thumb/v7e-m+fp/hard\libc_nano.a(libc_a-closer.o)
                0x0800c124                _close_r
 .text._reclaim_reent
                0x0800c144       0xbc C:/ST/STM32CubeIDE_2.1.1/STM32CubeIDE/plugins/com.st.stm32cube.ide.mcu.externaltools.gnu-tools-for-stm32.14.3.rel1.win32_1.0.100.202602081740/tools/bin/../lib/gcc/arm-none-eabi/14.3.1/../../../../arm-none-eabi/lib/thumb/v7e-m+fp/hard\libc_nano.a(libc_a-reent.o)
                0x0800c144                _reclaim_reent
 .text._lseek_r
                0x0800c200       0x24 C:/ST/STM32CubeIDE_2.1.1/STM32CubeIDE/plugins/com.st.stm32cube.ide.mcu.externaltools.gnu-tools-for-stm32.14.3.rel1.win32_1.0.100.202602081740/tools/bin/../lib/gcc/arm-none-eabi/14.3.1/../../../../arm-none-eabi/lib/thumb/v7e-m+fp/hard\libc_nano.a(libc_a-lseekr.o)
                0x0800c200                _lseek_r
 .text._read_r  0x0800c224       0x24 C:/ST/STM32CubeIDE_2.1.1/STM32CubeIDE/plugins/com.st.stm32cube.ide.mcu.externaltools.gnu-tools-for-stm32.14.3.rel1.win32_1.0.100.202602081740/tools/bin/../lib/gcc/arm-none-eabi/14.3.1/../../../../arm-none-eabi/lib/thumb/v7e-m+fp/hard\libc_nano.a(libc_a-readr.o)
                0x0800c224                _read_r
 .text._write_r
                0x0800c248       0x24 C:/ST/STM32CubeIDE_2.1.1/STM32CubeIDE/plugins/com.st.stm32cube.ide.mcu.externaltools.gnu-tools-for-stm32.14.3.rel1.win32_1.0.100.202602081740/tools/bin/../lib/gcc/arm-none-eabi/14.3.1/../../../../arm-none-eabi/lib/thumb/v7e-m+fp/hard\libc_nano.a(libc_a-writer.o)
                0x0800c248                _write_r
 .text.__errno  0x0800c26c        0xc C:/ST/STM32CubeIDE_2.1.1/STM32CubeIDE/plugins/com.st.stm32cube.ide.mcu.externaltools.gnu-tools-for-stm32.14.3.rel1.win32_1.0.100.202602081740/tools/bin/../lib/gcc/arm-none-eabi/14.3.1/../../../../arm-none-eabi/lib/thumb/v7e-m+fp/hard\libc_nano.a(libc_a-errno.o)
                0x0800c26c                __errno
 .text.__libc_init_array
                0x0800c278       0x48 C:/ST/STM32CubeIDE_2.1.1/STM32CubeIDE/plugins/com.st.stm32cube.ide.mcu.externaltools.gnu-tools-for-stm32.14.3.rel1.win32_1.0.100.202602081740/tools/bin/../lib/gcc/arm-none-eabi/14.3.1/../../../../arm-none-eabi/lib/thumb/v7e-m+fp/hard\libc_nano.a(libc_a-init.o)
                0x0800c278                __libc_init_array
 .text.__retarget_lock_init_recursive
                0x0800c2c0        0x2 C:/ST/STM32CubeIDE_2.1.1/STM32CubeIDE/plugins/com.st.stm32cube.ide.mcu.externaltools.gnu-tools-for-stm32.14.3.rel1.win32_1.0.100.202602081740/tools/bin/../lib/gcc/arm-none-eabi/14.3.1/../../../../arm-none-eabi/lib/thumb/v7e-m+fp/hard\libc_nano.a(libc_a-lock.o)
                0x0800c2c0                __retarget_lock_init_recursive
 .text.__retarget_lock_acquire_recursive
                0x0800c2c2        0x2 C:/ST/STM32CubeIDE_2.1.1/STM32CubeIDE/plugins/com.st.stm32cube.ide.mcu.externaltools.gnu-tools-for-stm32.14.3.rel1.win32_1.0.100.202602081740/tools/bin/../lib/gcc/arm-none-eabi/14.3.1/../../../../arm-none-eabi/lib/thumb/v7e-m+fp/hard\libc_nano.a(libc_a-lock.o)
                0x0800c2c2                __retarget_lock_acquire_recursive
 .text.__retarget_lock_release_recursive
                0x0800c2c4        0x2 C:/ST/STM32CubeIDE_2.1.1/STM32CubeIDE/plugins/com.st.stm32cube.ide.mcu.externaltools.gnu-tools-for-stm32.14.3.rel1.win32_1.0.100.202602081740/tools/bin/../lib/gcc/arm-none-eabi/14.3.1/../../../../arm-none-eabi/lib/thumb/v7e-m+fp/hard\libc_nano.a(libc_a-lock.o)
                0x0800c2c4                __retarget_lock_release_recursive
 .text.memcpy   0x0800c2c6       0x1c C:/ST/STM32CubeIDE_2.1.1/STM32CubeIDE/plugins/com.st.stm32cube.ide.mcu.externaltools.gnu-tools-for-stm32.14.3.rel1.win32_1.0.100.202602081740/tools/bin/../lib/gcc/arm-none-eabi/14.3.1/../../../../arm-none-eabi/lib/thumb/v7e-m+fp/hard\libc_nano.a(libc_a-memcpy-stub.o)
                0x0800c2c6                memcpy
 *fill*         0x0800c2e2        0x2 
 .text.__assert_func
                0x0800c2e4       0x3c C:/ST/STM32CubeIDE_2.1.1/STM32CubeIDE/plugins/com.st.stm32cube.ide.mcu.externaltools.gnu-tools-for-stm32.14.3.rel1.win32_1.0.100.202602081740/tools/bin/../lib/gcc/arm-none-eabi/14.3.1/../../../../arm-none-eabi/lib/thumb/v7e-m+fp/hard\libc_nano.a(libc_a-assert.o)
                0x0800c2e4                __assert_func
 .text._free_r  0x0800c320       0x94 C:/ST/STM32CubeIDE_2.1.1/STM32CubeIDE/plugins/com.st.stm32cube.ide.mcu.externaltools.gnu-tools-for-stm32.14.3.rel1.win32_1.0.100.202602081740/tools/bin/../lib/gcc/arm-none-eabi/14.3.1/../../../../arm-none-eabi/lib/thumb/v7e-m+fp/hard\libc_nano.a(libc_a-freer.o)
                0x0800c320                _free_r
 .text.malloc   0x0800c3b4       0x10 C:/ST/STM32CubeIDE_2.1.1/STM32CubeIDE/plugins/com.st.stm32cube.ide.mcu.externaltools.gnu-tools-for-stm32.14.3.rel1.win32_1.0.100.202602081740/tools/bin/../lib/gcc/arm-none-eabi/14.3.1/../../../../arm-none-eabi/lib/thumb/v7e-m+fp/hard\libc_nano.a(libc_a-malloc.o)
                0x0800c3b4                malloc
 .text.sbrk_aligned
                0x0800c3c4       0x44 C:/ST/STM32CubeIDE_2.1.1/STM32CubeIDE/plugins/com.st.stm32cube.ide.mcu.externaltools.gnu-tools-for-stm32.14.3.rel1.win32_1.0.100.202602081740/tools/bin/../lib/gcc/arm-none-eabi/14.3.1/../../../../arm-none-eabi/lib/thumb/v7e-m+fp/hard\libc_nano.a(libc_a-mallocr.o)
 .text._malloc_r
                0x0800c408      0x100 C:/ST/STM32CubeIDE_2.1.1/STM32CubeIDE/plugins/com.st.stm32cube.ide.mcu.externaltools.gnu-tools-for-stm32.14.3.rel1.win32_1.0.100.202602081740/tools/bin/../lib/gcc/arm-none-eabi/14.3.1/../../../../arm-none-eabi/lib/thumb/v7e-m+fp/hard\libc_nano.a(libc_a-mallocr.o)
                0x0800c408                _malloc_r
 .text.__malloc_lock
                0x0800c508        0xc C:/ST/STM32CubeIDE_2.1.1/STM32CubeIDE/plugins/com.st.stm32cube.ide.mcu.externaltools.gnu-tools-for-stm32.14.3.rel1.win32_1.0.100.202602081740/tools/bin/../lib/gcc/arm-none-eabi/14.3.1/../../../../arm-none-eabi/lib/thumb/v7e-m+fp/hard\libc_nano.a(libc_a-mlock.o)
                0x0800c508                __malloc_lock
 .text.__malloc_unlock
                0x0800c514        0xc C:/ST/STM32CubeIDE_2.1.1/STM32CubeIDE/plugins/com.st.stm32cube.ide.mcu.externaltools.gnu-tools-for-stm32.14.3.rel1.win32_1.0.100.202602081740/tools/bin/../lib/gcc/arm-none-eabi/14.3.1/../../../../arm-none-eabi/lib/thumb/v7e-m+fp/hard\libc_nano.a(libc_a-mlock.o)
                0x0800c514                __malloc_unlock
 .text.__ssputs_r
                0x0800c520       0xc0 C:/ST/STM32CubeIDE_2.1.1/STM32CubeIDE/plugins/com.st.stm32cube.ide.mcu.externaltools.gnu-tools-for-stm32.14.3.rel1.win32_1.0.100.202602081740/tools/bin/../lib/gcc/arm-none-eabi/14.3.1/../../../../arm-none-eabi/lib/thumb/v7e-m+fp/hard\libc_nano.a(libc_a-nano-svfprintf.o)
                0x0800c520                __ssputs_r
 .text._svfprintf_r
                0x0800c5e0      0x1f0 C:/ST/STM32CubeIDE_2.1.1/STM32CubeIDE/plugins/com.st.stm32cube.ide.mcu.externaltools.gnu-tools-for-stm32.14.3.rel1.win32_1.0.100.202602081740/tools/bin/../lib/gcc/arm-none-eabi/14.3.1/../../../../arm-none-eabi/lib/thumb/v7e-m+fp/hard\libc_nano.a(libc_a-nano-svfprintf.o)
                0x0800c5e0                _svfiprintf_r
                0x0800c5e0                _svfprintf_r
 .text.__sfputc_r
                0x0800c7d0       0x2e C:/ST/STM32CubeIDE_2.1.1/STM32CubeIDE/plugins/com.st.stm32cube.ide.mcu.externaltools.gnu-tools-for-stm32.14.3.rel1.win32_1.0.100.202602081740/tools/bin/../lib/gcc/arm-none-eabi/14.3.1/../../../../arm-none-eabi/lib/thumb/v7e-m+fp/hard\libc_nano.a(libc_a-nano-vfprintf.o)
 .text.__sfputs_r
                0x0800c7fe       0x24 C:/ST/STM32CubeIDE_2.1.1/STM32CubeIDE/plugins/com.st.stm32cube.ide.mcu.externaltools.gnu-tools-for-stm32.14.3.rel1.win32_1.0.100.202602081740/tools/bin/../lib/gcc/arm-none-eabi/14.3.1/../../../../arm-none-eabi/lib/thumb/v7e-m+fp/hard\libc_nano.a(libc_a-nano-vfprintf.o)
                0x0800c7fe                __sfputs_r
 *fill*         0x0800c822        0x2 
 .text._vfprintf_r
                0x0800c824      0x228 C:/ST/STM32CubeIDE_2.1.1/STM32CubeIDE/plugins/com.st.stm32cube.ide.mcu.externaltools.gnu-tools-for-stm32.14.3.rel1.win32_1.0.100.202602081740/tools/bin/../lib/gcc/arm-none-eabi/14.3.1/../../../../arm-none-eabi/lib/thumb/v7e-m+fp/hard\libc_nano.a(libc_a-nano-vfprintf.o)
                0x0800c824                _vfprintf_r
                0x0800c824                _vfiprintf_r
 .text._printf_common
                0x0800ca4c       0xda C:/ST/STM32CubeIDE_2.1.1/STM32CubeIDE/plugins/com.st.stm32cube.ide.mcu.externaltools.gnu-tools-for-stm32.14.3.rel1.win32_1.0.100.202602081740/tools/bin/../lib/gcc/arm-none-eabi/14.3.1/../../../../arm-none-eabi/lib/thumb/v7e-m+fp/hard\libc_nano.a(libc_a-nano-vfprintf_i.o)
                0x0800ca4c                _printf_common
 *fill*         0x0800cb26        0x2 
 .text._printf_i
                0x0800cb28      0x24c C:/ST/STM32CubeIDE_2.1.1/STM32CubeIDE/plugins/com.st.stm32cube.ide.mcu.externaltools.gnu-tools-for-stm32.14.3.rel1.win32_1.0.100.202602081740/tools/bin/../lib/gcc/arm-none-eabi/14.3.1/../../../../arm-none-eabi/lib/thumb/v7e-m+fp/hard\libc_nano.a(libc_a-nano-vfprintf_i.o)
                0x0800cb28                _printf_i
 .text.__sflush_r
                0x0800cd74      0x104 C:/ST/STM32CubeIDE_2.1.1/STM32CubeIDE/plugins/com.st.stm32cube.ide.mcu.externaltools.gnu-tools-for-stm32.14.3.rel1.win32_1.0.100.202602081740/tools/bin/../lib/gcc/arm-none-eabi/14.3.1/../../../../arm-none-eabi/lib/thumb/v7e-m+fp/hard\libc_nano.a(libc_a-fflush.o)
                0x0800cd74                __sflush_r
 .text._fflush_r
                0x0800ce78       0x50 C:/ST/STM32CubeIDE_2.1.1/STM32CubeIDE/plugins/com.st.stm32cube.ide.mcu.externaltools.gnu-tools-for-stm32.14.3.rel1.win32_1.0.100.202602081740/tools/bin/../lib/gcc/arm-none-eabi/14.3.1/../../../../arm-none-eabi/lib/thumb/v7e-m+fp/hard\libc_nano.a(libc_a-fflush.o)
                0x0800ce78                _fflush_r
 .text.fprintf  0x0800cec8       0x24 C:/ST/STM32CubeIDE_2.1.1/STM32CubeIDE/plugins/com.st.stm32cube.ide.mcu.externaltools.gnu-tools-for-stm32.14.3.rel1.win32_1.0.100.202602081740/tools/bin/../lib/gcc/arm-none-eabi/14.3.1/../../../../arm-none-eabi/lib/thumb/v7e-m+fp/hard\libc_nano.a(libc_a-fprintf.o)
                0x0800cec8                fiprintf
                0x0800cec8                fprintf
 .text.__swhatbuf_r
                0x0800ceec       0x48 C:/ST/STM32CubeIDE_2.1.1/STM32CubeIDE/plugins/com.st.stm32cube.ide.mcu.externaltools.gnu-tools-for-stm32.14.3.rel1.win32_1.0.100.202602081740/tools/bin/../lib/gcc/arm-none-eabi/14.3.1/../../../../arm-none-eabi/lib/thumb/v7e-m+fp/hard\libc_nano.a(libc_a-makebuf.o)
                0x0800ceec                __swhatbuf_r
 .text.__smakebuf_r
                0x0800cf34       0x72 C:/ST/STM32CubeIDE_2.1.1/STM32CubeIDE/plugins/com.st.stm32cube.ide.mcu.externaltools.gnu-tools-for-stm32.14.3.rel1.win32_1.0.100.202602081740/tools/bin/../lib/gcc/arm-none-eabi/14.3.1/../../../../arm-none-eabi/lib/thumb/v7e-m+fp/hard\libc_nano.a(libc_a-makebuf.o)
                0x0800cf34                __smakebuf_r
 *fill*         0x0800cfa6        0x2 
 .text._fstat_r
                0x0800cfa8       0x24 C:/ST/STM32CubeIDE_2.1.1/STM32CubeIDE/plugins/com.st.stm32cube.ide.mcu.externaltools.gnu-tools-for-stm32.14.3.rel1.win32_1.0.100.202602081740/tools/bin/../lib/gcc/arm-none-eabi/14.3.1/../../../../arm-none-eabi/lib/thumb/v7e-m+fp/hard\libc_nano.a(libc_a-fstatr.o)
                0x0800cfa8                _fstat_r
 .text._isatty_r
                0x0800cfcc       0x20 C:/ST/STM32CubeIDE_2.1.1/STM32CubeIDE/plugins/com.st.stm32cube.ide.mcu.externaltools.gnu-tools-for-stm32.14.3.rel1.win32_1.0.100.202602081740/tools/bin/../lib/gcc/arm-none-eabi/14.3.1/../../../../arm-none-eabi/lib/thumb/v7e-m+fp/hard\libc_nano.a(libc_a-isattyr.o)
                0x0800cfcc                _isatty_r
 .text._sbrk_r  0x0800cfec       0x20 C:/ST/STM32CubeIDE_2.1.1/STM32CubeIDE/plugins/com.st.stm32cube.ide.mcu.externaltools.gnu-tools-for-stm32.14.3.rel1.win32_1.0.100.202602081740/tools/bin/../lib/gcc/arm-none-eabi/14.3.1/../../../../arm-none-eabi/lib/thumb/v7e-m+fp/hard\libc_nano.a(libc_a-sbrkr.o)
                0x0800cfec                _sbrk_r
 .text.abort    0x0800d00c        0xe C:/ST/STM32CubeIDE_2.1.1/STM32CubeIDE/plugins/com.st.stm32cube.ide.mcu.externaltools.gnu-tools-for-stm32.14.3.rel1.win32_1.0.100.202602081740/tools/bin/../lib/gcc/arm-none-eabi/14.3.1/../../../../arm-none-eabi/lib/thumb/v7e-m+fp/hard\libc_nano.a(libc_a-abort.o)
                0x0800d00c                abort
 .text._realloc_r
                0x0800d01a       0x5c C:/ST/STM32CubeIDE_2.1.1/STM32CubeIDE/plugins/com.st.stm32cube.ide.mcu.externaltools.gnu-tools-for-stm32.14.3.rel1.win32_1.0.100.202602081740/tools/bin/../lib/gcc/arm-none-eabi/14.3.1/../../../../arm-none-eabi/lib/thumb/v7e-m+fp/hard\libc_nano.a(libc_a-reallocr.o)
                0x0800d01a                _realloc_r
 .text._raise_r
                0x0800d076       0x50 C:/ST/STM32CubeIDE_2.1.1/STM32CubeIDE/plugins/com.st.stm32cube.ide.mcu.externaltools.gnu-tools-for-stm32.14.3.rel1.win32_1.0.100.202602081740/tools/bin/../lib/gcc/arm-none-eabi/14.3.1/../../../../arm-none-eabi/lib/thumb/v7e-m+fp/hard\libc_nano.a(libc_a-signal.o)
                0x0800d076                _raise_r
 *fill*         0x0800d0c6        0x2 
 .text.raise    0x0800d0c8       0x10 C:/ST/STM32CubeIDE_2.1.1/STM32CubeIDE/plugins/com.st.stm32cube.ide.mcu.externaltools.gnu-tools-for-stm32.14.3.rel1.win32_1.0.100.202602081740/tools/bin/../lib/gcc/arm-none-eabi/14.3.1/../../../../arm-none-eabi/lib/thumb/v7e-m+fp/hard\libc_nano.a(libc_a-signal.o)
                0x0800d0c8                raise
 .text._kill_r  0x0800d0d8       0x24 C:/ST/STM32CubeIDE_2.1.1/STM32CubeIDE/plugins/com.st.stm32cube.ide.mcu.externaltools.gnu-tools-for-stm32.14.3.rel1.win32_1.0.100.202602081740/tools/bin/../lib/gcc/arm-none-eabi/14.3.1/../../../../arm-none-eabi/lib/thumb/v7e-m+fp/hard\libc_nano.a(libc_a-signalr.o)
                0x0800d0d8                _kill_r
 .text._getpid_r
                0x0800d0fc        0x4 C:/ST/STM32CubeIDE_2.1.1/STM32CubeIDE/plugins/com.st.stm32cube.ide.mcu.externaltools.gnu-tools-for-stm32.14.3.rel1.win32_1.0.100.202602081740/tools/bin/../lib/gcc/arm-none-eabi/14.3.1/../../../../arm-none-eabi/lib/thumb/v7e-m+fp/hard\libc_nano.a(libc_a-signalr.o)
                0x0800d0fc                _getpid_r
 .text._malloc_usable_size_r
                0x0800d100       0x10 C:/ST/STM32CubeIDE_2.1.1/STM32CubeIDE/plugins/com.st.stm32cube.ide.mcu.externaltools.gnu-tools-for-stm32.14.3.rel1.win32_1.0.100.202602081740/tools/bin/../lib/gcc/arm-none-eabi/14.3.1/../../../../arm-none-eabi/lib/thumb/v7e-m+fp/hard\libc_nano.a(libc_a-msizer.o)
                0x0800d100                _malloc_usable_size_r
 *(.glue_7)
 .glue_7        0x0800d110        0x0 linker stubs
 *(.glue_7t)
 .glue_7t       0x0800d110        0x0 linker stubs
 *(.eh_frame)
 .eh_frame      0x0800d110        0x0 C:/ST/STM32CubeIDE_2.1.1/STM32CubeIDE/plugins/com.st.stm32cube.ide.mcu.externaltools.gnu-tools-for-stm32.14.3.rel1.win32_1.0.100.202602081740/tools/bin/../lib/gcc/arm-none-eabi/14.3.1/thumb/v7e-m+fp/hard/crtbegin.o
 *(.init)
 .init          0x0800d110        0x4 C:/ST/STM32CubeIDE_2.1.1/STM32CubeIDE/plugins/com.st.stm32cube.ide.mcu.externaltools.gnu-tools-for-stm32.14.3.rel1.win32_1.0.100.202602081740/tools/bin/../lib/gcc/arm-none-eabi/14.3.1/thumb/v7e-m+fp/hard/crti.o
                0x0800d110                _init
 .init          0x0800d114        0x8 C:/ST/STM32CubeIDE_2.1.1/STM32CubeIDE/plugins/com.st.stm32cube.ide.mcu.externaltools.gnu-tools-for-stm32.14.3.rel1.win32_1.0.100.202602081740/tools/bin/../lib/gcc/arm-none-eabi/14.3.1/thumb/v7e-m+fp/hard/crtn.o
 *(.fini)
 .fini          0x0800d11c        0x4 C:/ST/STM32CubeIDE_2.1.1/STM32CubeIDE/plugins/com.st.stm32cube.ide.mcu.externaltools.gnu-tools-for-stm32.14.3.rel1.win32_1.0.100.202602081740/tools/bin/../lib/gcc/arm-none-eabi/14.3.1/thumb/v7e-m+fp/hard/crti.o
                0x0800d11c                _fini
 .fini          0x0800d120        0x8 C:/ST/STM32CubeIDE_2.1.1/STM32CubeIDE/plugins/com.st.stm32cube.ide.mcu.externaltools.gnu-tools-for-stm32.14.3.rel1.win32_1.0.100.202602081740/tools/bin/../lib/gcc/arm-none-eabi/14.3.1/thumb/v7e-m+fp/hard/crtn.o
                0x0800d128                        . = ALIGN (0x4)
                0x0800d128                        _etext = .

.vfp11_veneer   0x0800d128        0x0
 .vfp11_veneer  0x0800d128        0x0 linker stubs

.v4_bx          0x0800d128        0x0
 .v4_bx         0x0800d128        0x0 linker stubs

.iplt           0x0800d128        0x0
 .iplt          0x0800d128        0x0 C:/ST/STM32CubeIDE_2.1.1/STM32CubeIDE/plugins/com.st.stm32cube.ide.mcu.externaltools.gnu-tools-for-stm32.14.3.rel1.win32_1.0.100.202602081740/tools/bin/../lib/gcc/arm-none-eabi/14.3.1/thumb/v7e-m+fp/hard/crtbegin.o

.rodata         0x0800d128     0x1f5c
                0x0800d128                        . = ALIGN (0x4)
 *(.rodata)
 .rodata        0x0800d128       0x6d ./Core/Src/buzzer.o
 *fill*         0x0800d195        0x3 
 .rodata        0x0800d198      0x4c6 ./Core/Src/game.o
 *fill*         0x0800d65e        0x2 
 .rodata        0x0800d660       0x2c ./Core/Src/hm10_ble.o
 .rodata        0x0800d68c       0x28 ./Core/Src/main.o
 .rodata        0x0800d6b4       0xfa ./Core/Src/screen128x128.o
 *fill*         0x0800d7ae        0x2 
 .rodata        0x0800d7b0        0x1 ./Middlewares/Third_Party/FreeRTOS/Source/CMSIS_RTOS/cmsis_os.o
 *fill*         0x0800d7b1        0x3 
 .rodata        0x0800d7b4        0x5 ./Middlewares/Third_Party/FreeRTOS/Source/tasks.o
 *fill*         0x0800d7b9        0x3 
 .rodata        0x0800d7bc        0xd ./Middlewares/Third_Party/FreeRTOS/Source/timers.o
 *(.rodata*)
 *fill*         0x0800d7c9        0x3 
 .rodata.innoAllaGioia
                0x0800d7cc       0x3c ./Core/Src/buzzer.o
                0x0800d7cc                innoAllaGioia
 .rodata.superMario
                0x0800d808       0x3c ./Core/Src/buzzer.o
                0x0800d808                superMario
 .rodata.jingleBells
                0x0800d844       0x3c ./Core/Src/buzzer.o
                0x0800d844                jingleBells
 .rodata.happyBirthday
                0x0800d880       0x3c ./Core/Src/buzzer.o
                0x0800d880                happyBirthday
 .rodata.starWars
                0x0800d8bc       0x3c ./Core/Src/buzzer.o
                0x0800d8bc                starWars
 .rodata.superMarioExtended
                0x0800d8f8       0xa4 ./Core/Src/buzzer.o
                0x0800d8f8                superMarioExtended
 .rodata.vitaSpericolata
                0x0800d99c       0xb4 ./Core/Src/buzzer.o
                0x0800d99c                vitaSpericolata
 .rodata.starWars_song
                0x0800da50        0xc ./Core/Src/buzzer.o
                0x0800da50                starWars_song
 .rodata.innoAllaGioia_song
                0x0800da5c        0xc ./Core/Src/buzzer.o
                0x0800da5c                innoAllaGioia_song
 .rodata.happyBirthday_song
                0x0800da68        0xc ./Core/Src/buzzer.o
                0x0800da68                happyBirthday_song
 .rodata.jingleBells_song
                0x0800da74        0xc ./Core/Src/buzzer.o
                0x0800da74                jingleBells_song
 .rodata.superMario_song
                0x0800da80        0xc ./Core/Src/buzzer.o
                0x0800da80                superMario_song
 .rodata.superMarioExtended_song
                0x0800da8c        0xc ./Core/Src/buzzer.o
                0x0800da8c                superMarioExtended_song
 .rodata.vitaSpericolata_song
                0x0800da98        0xc ./Core/Src/buzzer.o
                0x0800da98                vitaSpericolata_song
 .rodata.Font7x10
                0x0800daa4      0x76c ./Core/Src/ssd1306_fonts.o
 .rodata.Font11x18
                0x0800e210      0xd5c ./Core/Src/ssd1306_fonts.o
 .rodata.Font_7x10
                0x0800ef6c        0xc ./Core/Src/ssd1306_fonts.o
                0x0800ef6c                Font_7x10
 .rodata.Font_11x18
                0x0800ef78        0xc ./Core/Src/ssd1306_fonts.o
                0x0800ef78                Font_11x18
 .rodata.AHBPrescTable
                0x0800ef84       0x10 ./Core/Src/system_stm32f4xx.o
                0x0800ef84                AHBPrescTable
 .rodata.APBPrescTable
                0x0800ef94        0x8 ./Core/Src/system_stm32f4xx.o
                0x0800ef94                APBPrescTable
 .rodata.flagBitshiftOffset.0
                0x0800ef9c        0x8 ./Drivers/STM32F4xx_HAL_Driver/Src/stm32f4xx_hal_dma.o
 .rodata.srand.str1.1
                0x0800efa4       0xde C:/ST/STM32CubeIDE_2.1.1/STM32CubeIDE/plugins/com.st.stm32cube.ide.mcu.externaltools.gnu-tools-for-stm32.14.3.rel1.win32_1.0.100.202602081740/tools/bin/../lib/gcc/arm-none-eabi/14.3.1/../../../../arm-none-eabi/lib/thumb/v7e-m+fp/hard\libc_nano.a(libc_a-rand.o)
                                 0x6f (size before relaxing)
 .rodata.__assert_func.str1.1
                0x0800f082       0x3d C:/ST/STM32CubeIDE_2.1.1/STM32CubeIDE/plugins/com.st.stm32cube.ide.mcu.externaltools.gnu-tools-for-stm32.14.3.rel1.win32_1.0.100.202602081740/tools/bin/../lib/gcc/arm-none-eabi/14.3.1/../../../../arm-none-eabi/lib/thumb/v7e-m+fp/hard\libc_nano.a(libc_a-assert.o)
 .rodata._svfprintf_r.str1.1
                0x0800f082       0x11 C:/ST/STM32CubeIDE_2.1.1/STM32CubeIDE/plugins/com.st.stm32cube.ide.mcu.externaltools.gnu-tools-for-stm32.14.3.rel1.win32_1.0.100.202602081740/tools/bin/../lib/gcc/arm-none-eabi/14.3.1/../../../../arm-none-eabi/lib/thumb/v7e-m+fp/hard\libc_nano.a(libc_a-nano-svfprintf.o)
 .rodata._vfprintf_r.str1.1
                0x0800f082       0x11 C:/ST/STM32CubeIDE_2.1.1/STM32CubeIDE/plugins/com.st.stm32cube.ide.mcu.externaltools.gnu-tools-for-stm32.14.3.rel1.win32_1.0.100.202602081740/tools/bin/../lib/gcc/arm-none-eabi/14.3.1/../../../../arm-none-eabi/lib/thumb/v7e-m+fp/hard\libc_nano.a(libc_a-nano-vfprintf.o)
 .rodata._printf_i.str1.1
                0x0800f082       0x22 C:/ST/STM32CubeIDE_2.1.1/STM32CubeIDE/plugins/com.st.stm32cube.ide.mcu.externaltools.gnu-tools-for-stm32.14.3.rel1.win32_1.0.100.202602081740/tools/bin/../lib/gcc/arm-none-eabi/14.3.1/../../../../arm-none-eabi/lib/thumb/v7e-m+fp/hard\libc_nano.a(libc_a-nano-vfprintf_i.o)
                0x0800f0c0                        . = ALIGN (0x4)
 *fill*         0x0800f082        0x2 

.ARM.extab      0x0800f084        0x0
                0x0800f084                        . = ALIGN (0x4)
 *(.ARM.extab* .gnu.linkonce.armextab.*)
                0x0800f084                        . = ALIGN (0x4)

.ARM            0x0800f084        0x8
                0x0800f084                        . = ALIGN (0x4)
                0x0800f084                        __exidx_start = .
 *(.ARM.exidx*)
 .ARM.exidx     0x0800f084        0x8 C:/ST/STM32CubeIDE_2.1.1/STM32CubeIDE/plugins/com.st.stm32cube.ide.mcu.externaltools.gnu-tools-for-stm32.14.3.rel1.win32_1.0.100.202602081740/tools/bin/../lib/gcc/arm-none-eabi/14.3.1/../../../../arm-none-eabi/lib/thumb/v7e-m+fp/hard\libc_nano.a(libc_a-memchr.o)
 .ARM.exidx     0x0800f08c        0x0 C:/ST/STM32CubeIDE_2.1.1/STM32CubeIDE/plugins/com.st.stm32cube.ide.mcu.externaltools.gnu-tools-for-stm32.14.3.rel1.win32_1.0.100.202602081740/tools/bin/../lib/gcc/arm-none-eabi/14.3.1/thumb/v7e-m+fp/hard\libgcc.a(_udivmoddi4.o)
                                  0x8 (size before relaxing)
                0x0800f08c                        __exidx_end = .
                0x0800f08c                        . = ALIGN (0x4)

.preinit_array  0x0800f08c        0x0
                0x0800f08c                        . = ALIGN (0x4)
                0x0800f08c                        PROVIDE (__preinit_array_start = .)
 *(.preinit_array*)
                0x0800f08c                        PROVIDE (__preinit_array_end = .)
                0x0800f08c                        . = ALIGN (0x4)

.init_array     0x0800f08c        0x4
                0x0800f08c                        . = ALIGN (0x4)
                0x0800f08c                        PROVIDE (__init_array_start = .)
 *(SORT_BY_NAME(.init_array.*))
 *(.init_array*)
 .init_array    0x0800f08c        0x4 C:/ST/STM32CubeIDE_2.1.1/STM32CubeIDE/plugins/com.st.stm32cube.ide.mcu.externaltools.gnu-tools-for-stm32.14.3.rel1.win32_1.0.100.202602081740/tools/bin/../lib/gcc/arm-none-eabi/14.3.1/thumb/v7e-m+fp/hard/crtbegin.o
                0x0800f090                        PROVIDE (__init_array_end = .)
                0x0800f090                        . = ALIGN (0x4)

.fini_array     0x0800f090        0x4
                0x0800f090                        . = ALIGN (0x4)
                [!provide]                        PROVIDE (__fini_array_start = .)
 *(SORT_BY_NAME(.fini_array.*))
 *(.fini_array*)
 .fini_array    0x0800f090        0x4 C:/ST/STM32CubeIDE_2.1.1/STM32CubeIDE/plugins/com.st.stm32cube.ide.mcu.externaltools.gnu-tools-for-stm32.14.3.rel1.win32_1.0.100.202602081740/tools/bin/../lib/gcc/arm-none-eabi/14.3.1/thumb/v7e-m+fp/hard/crtbegin.o
                [!provide]                        PROVIDE (__fini_array_end = .)
                0x0800f094                        . = ALIGN (0x4)
                0x0800f094                        _sidata = LOADADDR (.data)

.rel.dyn        0x0800f094        0x0
 .rel.iplt      0x0800f094        0x0 C:/ST/STM32CubeIDE_2.1.1/STM32CubeIDE/plugins/com.st.stm32cube.ide.mcu.externaltools.gnu-tools-for-stm32.14.3.rel1.win32_1.0.100.202602081740/tools/bin/../lib/gcc/arm-none-eabi/14.3.1/thumb/v7e-m+fp/hard/crtbegin.o

.data           0x20000000       0xbc load address 0x0800f094
                0x20000000                        . = ALIGN (0x4)
                0x20000000                        _sdata = .
 *(.data)
 *(.data*)
 .data.libreriaCanzoni
                0x20000000       0x1c ./Core/Src/game.o
                0x20000000                libreriaCanzoni
 .data.array_leds
                0x2000001c       0x18 ./Core/Src/main.o
                0x2000001c                array_leds
 .data.array_bottoni
                0x20000034       0x18 ./Core/Src/main.o
                0x20000034                array_bottoni
 .data.pressedButtonIndex
                0x2000004c        0x1 ./Core/Src/main.o
                0x2000004c                pressedButtonIndex
 *fill*         0x2000004d        0x3 
 .data.SystemCoreClock
                0x20000050        0x4 ./Core/Src/system_stm32f4xx.o
                0x20000050                SystemCoreClock
 .data.uwTickPrio
                0x20000054        0x4 ./Drivers/STM32F4xx_HAL_Driver/Src/stm32f4xx_hal.o
                0x20000054                uwTickPrio
 .data.uwTickFreq
                0x20000058        0x1 ./Drivers/STM32F4xx_HAL_Driver/Src/stm32f4xx_hal.o
                0x20000058                uwTickFreq
 *fill*         0x20000059        0x3 
 .data.uxCriticalNesting
                0x2000005c        0x4 ./Middlewares/Third_Party/FreeRTOS/Source/portable/GCC/ARM_CM4F/port.o
 .data.__sglue  0x20000060        0xc C:/ST/STM32CubeIDE_2.1.1/STM32CubeIDE/plugins/com.st.stm32cube.ide.mcu.externaltools.gnu-tools-for-stm32.14.3.rel1.win32_1.0.100.202602081740/tools/bin/../lib/gcc/arm-none-eabi/14.3.1/../../../../arm-none-eabi/lib/thumb/v7e-m+fp/hard\libc_nano.a(libc_a-findfp.o)
                0x20000060                __sglue
 .data._impure_ptr
                0x2000006c        0x4 C:/ST/STM32CubeIDE_2.1.1/STM32CubeIDE/plugins/com.st.stm32cube.ide.mcu.externaltools.gnu-tools-for-stm32.14.3.rel1.win32_1.0.100.202602081740/tools/bin/../lib/gcc/arm-none-eabi/14.3.1/../../../../arm-none-eabi/lib/thumb/v7e-m+fp/hard\libc_nano.a(libc_a-impure.o)
                0x2000006c                _impure_ptr
 .data._impure_data
                0x20000070       0x4c C:/ST/STM32CubeIDE_2.1.1/STM32CubeIDE/plugins/com.st.stm32cube.ide.mcu.externaltools.gnu-tools-for-stm32.14.3.rel1.win32_1.0.100.202602081740/tools/bin/../lib/gcc/arm-none-eabi/14.3.1/../../../../arm-none-eabi/lib/thumb/v7e-m+fp/hard\libc_nano.a(libc_a-impure.o)
                0x20000070                _impure_data
 *(.RamFunc)
 *(.RamFunc*)
                0x200000bc                        . = ALIGN (0x4)
                0x200000bc                        _edata = .

.igot.plt       0x200000bc        0x0 load address 0x0800f150
 .igot.plt      0x200000bc        0x0 C:/ST/STM32CubeIDE_2.1.1/STM32CubeIDE/plugins/com.st.stm32cube.ide.mcu.externaltools.gnu-tools-for-stm32.14.3.rel1.win32_1.0.100.202602081740/tools/bin/../lib/gcc/arm-none-eabi/14.3.1/thumb/v7e-m+fp/hard/crtbegin.o
                0x200000bc                        . = ALIGN (0x4)

.bss            0x200000bc     0x51f0 load address 0x0800f150
                0x200000bc                        _sbss = .
                0x200000bc                        __bss_start__ = _sbss
 *(.bss)
 .bss           0x200000bc       0x1c C:/ST/STM32CubeIDE_2.1.1/STM32CubeIDE/plugins/com.st.stm32cube.ide.mcu.externaltools.gnu-tools-for-stm32.14.3.rel1.win32_1.0.100.202602081740/tools/bin/../lib/gcc/arm-none-eabi/14.3.1/thumb/v7e-m+fp/hard/crtbegin.o
 *(.bss*)
 .bss.xIdleTaskTCBBuffer
                0x200000d8       0xa0 ./Core/Src/freertos.o
 .bss.xIdleStack
                0x20000178      0x200 ./Core/Src/freertos.o
 .bss.xTimerTaskTCBBuffer
                0x20000378       0xa0 ./Core/Src/freertos.o
 .bss.xTimerStack
                0x20000418      0x400 ./Core/Src/freertos.o
 .bss.reactionTime_screen
                0x20000818        0x4 ./Core/Src/game.o
                0x20000818                reactionTime_screen
 .bss.combo     0x2000081c        0x4 ./Core/Src/game.o
                0x2000081c                combo
 .bss.score     0x20000820        0x4 ./Core/Src/game.o
                0x20000820                score
 .bss.perfect   0x20000824        0x4 ./Core/Src/game.o
                0x20000824                perfect
 .bss.great     0x20000828        0x4 ./Core/Src/game.o
                0x20000828                great
 .bss.good      0x2000082c        0x4 ./Core/Src/game.o
                0x2000082c                good
 .bss.bad       0x20000830        0x4 ./Core/Src/game.o
                0x20000830                bad
 .bss.miss      0x20000834        0x4 ./Core/Src/game.o
                0x20000834                miss
 .bss.bestCombo
                0x20000838        0x4 ./Core/Src/game.o
                0x20000838                bestCombo
 .bss.avgResponseTime
                0x2000083c        0x4 ./Core/Src/game.o
                0x2000083c                avgResponseTime
 .bss.hitNotes  0x20000840        0x4 ./Core/Src/game.o
                0x20000840                hitNotes
 .bss.songName  0x20000844        0x4 ./Core/Src/game.o
                0x20000844                songName
 .bss.noteFeedback
                0x20000848        0x4 ./Core/Src/game.o
                0x20000848                noteFeedback
 .bss.hi2c1     0x2000084c       0x54 ./Core/Src/main.o
                0x2000084c                hi2c1
 .bss.hdma_i2c1_tx
                0x200008a0       0x60 ./Core/Src/main.o
                0x200008a0                hdma_i2c1_tx
 .bss.htim2     0x20000900       0x48 ./Core/Src/main.o
                0x20000900                htim2
 .bss.huart1    0x20000948       0x48 ./Core/Src/main.o
                0x20000948                huart1
 .bss.huart2    0x20000990       0x48 ./Core/Src/main.o
                0x20000990                huart2
 .bss.GameTaskHandle
                0x200009d8        0x4 ./Core/Src/main.o