Archive member included to satisfy reference by file (symbol)

C:/Users/elyca/Desktop/STM32CubeIDE_2.0.0/STM32CubeIDE/plugins/com.st.stm32cube.ide.mcu.externaltools.gnu-tools-for-stm32.13.3.rel1.win32_1.0.100.202509120712/tools/bin/../lib/gcc/arm-none-eabi/13.3.1/../../../../arm-none-eabi/lib/thumb/v7e-m+fp/hard\libc_nano.a(libc_a-exit.o)
                              C:/Users/elyca/Desktop/STM32CubeIDE_2.0.0/STM32CubeIDE/plugins/com.st.stm32cube.ide.mcu.externaltools.gnu-tools-for-stm32.13.3.rel1.win32_1.0.100.202509120712/tools/bin/../lib/gcc/arm-none-eabi/13.3.1/../../../../arm-none-eabi/lib/thumb/v7e-m+fp/hard/crt0.o (exit)
C:/Users/elyca/Desktop/STM32CubeIDE_2.0.0/STM32CubeIDE/plugins/com.st.stm32cube.ide.mcu.externaltools.gnu-tools-for-stm32.13.3.rel1.win32_1.0.100.202509120712/tools/bin/../lib/gcc/arm-none-eabi/13.3.1/../../../../arm-none-eabi/lib/thumb/v7e-m+fp/hard\libc_nano.a(libc_a-rand.o)
                              ./Core/Src/game.o (srand)
C:/Users/elyca/Desktop/STM32CubeIDE_2.0.0/STM32CubeIDE/plugins/com.st.stm32cube.ide.mcu.externaltools.gnu-tools-for-stm32.13.3.rel1.win32_1.0.100.202509120712/tools/bin/../lib/gcc/arm-none-eabi/13.3.1/../../../../arm-none-eabi/lib/thumb/v7e-m+fp/hard\libc_nano.a(libc_a-findfp.o)
                              ./Middlewares/Third_Party/FreeRTOS/Source/tasks.o (__sf)
C:/Users/elyca/Desktop/STM32CubeIDE_2.0.0/STM32CubeIDE/plugins/com.st.stm32cube.ide.mcu.externaltools.gnu-tools-for-stm32.13.3.rel1.win32_1.0.100.202509120712/tools/bin/../lib/gcc/arm-none-eabi/13.3.1/../../../../arm-none-eabi/lib/thumb/v7e-m+fp/hard\libc_nano.a(libc_a-fwalk.o)
                              C:/Users/elyca/Desktop/STM32CubeIDE_2.0.0/STM32CubeIDE/plugins/com.st.stm32cube.ide.mcu.externaltools.gnu-tools-for-stm32.13.3.rel1.win32_1.0.100.202509120712/tools/bin/../lib/gcc/arm-none-eabi/13.3.1/../../../../arm-none-eabi/lib/thumb/v7e-m+fp/hard\libc_nano.a(libc_a-findfp.o) (_fwalk_sglue)
C:/Users/elyca/Desktop/STM32CubeIDE_2.0.0/STM32CubeIDE/plugins/com.st.stm32cube.ide.mcu.externaltools.gnu-tools-for-stm32.13.3.rel1.win32_1.0.100.202509120712/tools/bin/../lib/gcc/arm-none-eabi/13.3.1/../../../../arm-none-eabi/lib/thumb/v7e-m+fp/hard\libc_nano.a(libc_a-printf.o)
                              ./Core/Src/game.o (printf)
C:/Users/elyca/Desktop/STM32CubeIDE_2.0.0/STM32CubeIDE/plugins/com.st.stm32cube.ide.mcu.externaltools.gnu-tools-for-stm32.13.3.rel1.win32_1.0.100.202509120712/tools/bin/../lib/gcc/arm-none-eabi/13.3.1/../../../../arm-none-eabi/lib/thumb/v7e-m+fp/hard\libc_nano.a(libc_a-puts.o)
                              ./Core/Src/game.o (puts)
C:/Users/elyca/Desktop/STM32CubeIDE_2.0.0/STM32CubeIDE/plugins/com.st.stm32cube.ide.mcu.externaltools.gnu-tools-for-stm32.13.3.rel1.win32_1.0.100.202509120712/tools/bin/../lib/gcc/arm-none-eabi/13.3.1/../../../../arm-none-eabi/lib/thumb/v7e-m+fp/hard\libc_nano.a(libc_a-stdio.o)
                              C:/Users/elyca/Desktop/STM32CubeIDE_2.0.0/STM32CubeIDE/plugins/com.st.stm32cube.ide.mcu.externaltools.gnu-tools-for-stm32.13.3.rel1.win32_1.0.100.202509120712/tools/bin/../lib/gcc/arm-none-eabi/13.3.1/../../../../arm-none-eabi/lib/thumb/v7e-m+fp/hard\libc_nano.a(libc_a-findfp.o) (__sread)
C:/Users/elyca/Desktop/STM32CubeIDE_2.0.0/STM32CubeIDE/plugins/com.st.stm32cube.ide.mcu.externaltools.gnu-tools-for-stm32.13.3.rel1.win32_1.0.100.202509120712/tools/bin/../lib/gcc/arm-none-eabi/13.3.1/../../../../arm-none-eabi/lib/thumb/v7e-m+fp/hard\libc_nano.a(libc_a-wbuf.o)
                              C:/Users/elyca/Desktop/STM32CubeIDE_2.0.0/STM32CubeIDE/plugins/com.st.stm32cube.ide.mcu.externaltools.gnu-tools-for-stm32.13.3.rel1.win32_1.0.100.202509120712/tools/bin/../lib/gcc/arm-none-eabi/13.3.1/../../../../arm-none-eabi/lib/thumb/v7e-m+fp/hard\libc_nano.a(libc_a-puts.o) (__swbuf_r)
C:/Users/elyca/Desktop/STM32CubeIDE_2.0.0/STM32CubeIDE/plugins/com.st.stm32cube.ide.mcu.externaltools.gnu-tools-for-stm32.13.3.rel1.win32_1.0.100.202509120712/tools/bin/../lib/gcc/arm-none-eabi/13.3.1/../../../../arm-none-eabi/lib/thumb/v7e-m+fp/hard\libc_nano.a(libc_a-wsetup.o)
                              C:/Users/elyca/Desktop/STM32CubeIDE_2.0.0/STM32CubeIDE/plugins/com.st.stm32cube.ide.mcu.externaltools.gnu-tools-for-stm32.13.3.rel1.win32_1.0.100.202509120712/tools/bin/../lib/gcc/arm-none-eabi/13.3.1/../../../../arm-none-eabi/lib/thumb/v7e-m+fp/hard\libc_nano.a(libc_a-puts.o) (__swsetup_r)
C:/Users/elyca/Desktop/STM32CubeIDE_2.0.0/STM32CubeIDE/plugins/com.st.stm32cube.ide.mcu.externaltools.gnu-tools-for-stm32.13.3.rel1.win32_1.0.100.202509120712/tools/bin/../lib/gcc/arm-none-eabi/13.3.1/../../../../arm-none-eabi/lib/thumb/v7e-m+fp/hard\libc_nano.a(libc_a-memset.o)
                              C:/Users/elyca/Desktop/STM32CubeIDE_2.0.0/STM32CubeIDE/plugins/com.st.stm32cube.ide.mcu.externaltools.gnu-tools-for-stm32.13.3.rel1.win32_1.0.100.202509120712/tools/bin/../lib/gcc/arm-none-eabi/13.3.1/../../../../arm-none-eabi/lib/thumb/v7e-m+fp/hard/crt0.o (memset)
[...]
Memory Configuration

Name             Origin             Length             Attributes
RAM              0x20000000         0x00018000         xrw
FLASH            0x08000000         0x00080000         xr
*default*        0x00000000         0xffffffff

Linker script and memory map

LOAD C:/Users/elyca/Desktop/STM32CubeIDE_2.0.0/STM32CubeIDE/plugins/com.st.stm32cube.ide.mcu.externaltools.gnu-tools-for-stm32.13.3.rel1.win32_1.0.100.202509120712/tools/bin/../lib/gcc/arm-none-eabi/13.3.1/thumb/v7e-m+fp/hard/crti.o
LOAD C:/Users/elyca/Desktop/STM32CubeIDE_2.0.0/STM32CubeIDE/plugins/com.st.stm32cube.ide.mcu.externaltools.gnu-tools-for-stm32.13.3.rel1.win32_1.0.100.202509120712/tools/bin/../lib/gcc/arm-none-eabi/13.3.1/thumb/v7e-m+fp/hard/crtbegin.o
LOAD C:/Users/elyca/Desktop/STM32CubeIDE_2.0.0/STM32CubeIDE/plugins/com.st.stm32cube.ide.mcu.externaltools.gnu-tools-for-stm32.13.3.rel1.win32_1.0.100.202509120712/tools/bin/../lib/gcc/arm-none-eabi/13.3.1/../../../../arm-none-eabi/lib/thumb/v7e-m+fp/hard/crt0.o
LOAD ./Core/Src/buzzer.o
LOAD ./Core/Src/freertos.o
LOAD ./Core/Src/game.o
LOAD ./Core/Src/main.o
LOAD ./Core/Src/stm32f4xx_hal_msp.o
LOAD ./Core/Src/stm32f4xx_hal_timebase_tim.o
LOAD ./Core/Src/stm32f4xx_it.o
LOAD ./Core/Src/syscalls.o
LOAD ./Core/Src/sysmem.o
LOAD ./Core/Src/system_stm32f4xx.o
LOAD ./Core/Startup/startup_stm32f401retx.o
LOAD ./Drivers/STM32F4xx_HAL_Driver/Src/stm32f4xx_hal.o
LOAD ./Drivers/STM32F4xx_HAL_Driver/Src/stm32f4xx_hal_cortex.o
LOAD ./Drivers/STM32F4xx_HAL_Driver/Src/stm32f4xx_hal_dma.o
LOAD ./Drivers/STM32F4xx_HAL_Driver/Src/stm32f4xx_hal_dma_ex.o
LOAD ./Drivers/STM32F4xx_HAL_Driver/Src/stm32f4xx_hal_exti.o
LOAD ./Drivers/STM32F4xx_HAL_Driver/Src/stm32f4xx_hal_flash.o
LOAD ./Drivers/STM32F4xx_HAL_Driver/Src/stm32f4xx_hal_flash_ex.o
LOAD ./Drivers/STM32F4xx_HAL_Driver/Src/stm32f4xx_hal_flash_ramfunc.o
LOAD ./Drivers/STM32F4xx_HAL_Driver/Src/stm32f4xx_hal_gpio.o
LOAD ./Drivers/STM32F4xx_HAL_Driver/Src/stm32f4xx_hal_pwr.o
LOAD ./Drivers/STM32F4xx_HAL_Driver/Src/stm32f4xx_hal_pwr_ex.o
LOAD ./Drivers/STM32F4xx_HAL_Driver/Src/stm32f4xx_hal_rcc.o
LOAD ./Drivers/STM32F4xx_HAL_Driver/Src/stm32f4xx_hal_rcc_ex.o
LOAD ./Drivers/STM32F4xx_HAL_Driver/Src/stm32f4xx_hal_tim.o
LOAD ./Drivers/STM32F4xx_HAL_Driver/Src/stm32f4xx_hal_tim_ex.o
LOAD ./Drivers/STM32F4xx_HAL_Driver/Src/stm32f4xx_hal_uart.o
LOAD ./Middlewares/Third_Party/FreeRTOS/Source/CMSIS_RTOS/cmsis_os.o
LOAD ./Middlewares/Third_Party/FreeRTOS/Source/croutine.o
LOAD ./Middlewares/Third_Party/FreeRTOS/Source/event_groups.o
LOAD ./Middlewares/Third_Party/FreeRTOS/Source/list.o
LOAD ./Middlewares/Third_Party/FreeRTOS/Source/queue.o
LOAD ./Middlewares/Third_Party/FreeRTOS/Source/stream_buffer.o
LOAD ./Middlewares/Third_Party/FreeRTOS/Source/tasks.o
LOAD ./Middlewares/Third_Party/FreeRTOS/Source/timers.o
LOAD ./Middlewares/Third_Party/FreeRTOS/Source/portable/GCC/ARM_CM4F/port.o
LOAD ./Middlewares/Third_Party/FreeRTOS/Source/portable/MemMang/heap_4.o
START GROUP
LOAD C:/Users/elyca/Desktop/STM32CubeIDE_2.0.0/STM32CubeIDE/plugins/com.st.stm32cube.ide.mcu.externaltools.gnu-tools-for-stm32.13.3.rel1.win32_1.0.100.202509120712/tools/bin/../lib/gcc/arm-none-eabi/13.3.1/../../../../arm-none-eabi/lib/thumb/v7e-m+fp/hard\libc_nano.a
LOAD C:/Users/elyca/Desktop/STM32CubeIDE_2.0.0/STM32CubeIDE/plugins/com.st.stm32cube.ide.mcu.externaltools.gnu-tools-for-stm32.13.3.rel1.win32_1.0.100.202509120712/tools/bin/../lib/gcc/arm-none-eabi/13.3.1/../../../../arm-none-eabi/lib/thumb/v7e-m+fp/hard\libm.a
END GROUP
START GROUP
LOAD C:/Users/elyca/Desktop/STM32CubeIDE_2.0.0/STM32CubeIDE/plugins/com.st.stm32cube.ide.mcu.externaltools.gnu-tools-for-stm32.13.3.rel1.win32_1.0.100.202509120712/tools/bin/../lib/gcc/arm-none-eabi/13.3.1/thumb/v7e-m+fp/hard\libgcc.a
LOAD C:/Users/elyca/Desktop/STM32CubeIDE_2.0.0/STM32CubeIDE/plugins/com.st.stm32cube.ide.mcu.externaltools.gnu-tools-for-stm32.13.3.rel1.win32_1.0.100.202509120712/tools/bin/../lib/gcc/arm-none-eabi/13.3.1/../../../../arm-none-eabi/lib/thumb/v7e-m+fp/hard\libc_nano.a
END GROUP
START GROUP
LOAD C:/Users/elyca/Desktop/STM32CubeIDE_2.0.0/STM32CubeIDE/plugins/com.st.stm32cube.ide.mcu.externaltools.gnu-tools-for-stm32.13.3.rel1.win32_1.0.100.202509120712/tools/bin/../lib/gcc/arm-none-eabi/13.3.1/thumb/v7e-m+fp/hard\libgcc.a
LOAD C:/Users/elyca/Desktop/STM32CubeIDE_2.0.0/STM32CubeIDE/plugins/com.st.stm32cube.ide.mcu.externaltools.gnu-tools-for-stm32.13.3.rel1.win32_1.0.100.202509120712/tools/bin/../lib/gcc/arm-none-eabi/13.3.1/../../../../arm-none-eabi/lib/thumb/v7e-m+fp/hard\libc_nano.a
LOAD C:/Users/elyca/Desktop/STM32CubeIDE_2.0.0/STM32CubeIDE/plugins/com.st.stm32cube.ide.mcu.externaltools.gnu-tools-for-stm32.13.3.rel1.win32_1.0.100.202509120712/tools/bin/../lib/gcc/arm-none-eabi/13.3.1/../../../../arm-none-eabi/lib/thumb/v7e-m+fp/hard\libnosys.a
END GROUP
START GROUP
LOAD C:/Users/elyca/Desktop/STM32CubeIDE_2.0.0/STM32CubeIDE/plugins/com.st.stm32cube.ide.mcu.externaltools.gnu-tools-for-stm32.13.3.rel1.win32_1.0.100.202509120712/tools/bin/../lib/gcc/arm-none-eabi/13.3.1/thumb/v7e-m+fp/hard\libgcc.a
LOAD C:/Users/elyca/Desktop/STM32CubeIDE_2.0.0/STM32CubeIDE/plugins/com.st.stm32cube.ide.mcu.externaltools.gnu-tools-for-stm32.13.3.rel1.win32_1.0.100.202509120712/tools/bin/../lib/gcc/arm-none-eabi/13.3.1/../../../../arm-none-eabi/lib/thumb/v7e-m+fp/hard\libc_nano.a
LOAD C:/Users/elyca/Desktop/STM32CubeIDE_2.0.0/STM32CubeIDE/plugins/com.st.stm32cube.ide.mcu.externaltools.gnu-tools-for-stm32.13.3.rel1.win32_1.0.100.202509120712/tools/bin/../lib/gcc/arm-none-eabi/13.3.1/../../../../arm-none-eabi/lib/thumb/v7e-m+fp/hard\libnosys.a
END GROUP
LOAD C:/Users/elyca/Desktop/STM32CubeIDE_2.0.0/STM32CubeIDE/plugins/com.st.stm32cube.ide.mcu.externaltools.gnu-tools-for-stm32.13.3.rel1.win32_1.0.100.202509120712/tools/bin/../lib/gcc/arm-none-eabi/13.3.1/thumb/v7e-m+fp/hard/crtend.o
LOAD C:/Users/elyca/Desktop/STM32CubeIDE_2.0.0/STM32CubeIDE/plugins/com.st.stm32cube.ide.mcu.externaltools.gnu-tools-for-stm32.13.3.rel1.win32_1.0.100.202509120712/tools/bin/../lib/gcc/arm-none-eabi/13.3.1/thumb/v7e-m+fp/hard/crtn.o
                0x20018000                        _estack = (ORIGIN (RAM) + LENGTH (RAM))
                0x00000200                        _Min_Heap_Size = 0x200
                0x00000400                        _Min_Stack_Size = 0x400

.isr_vector     0x08000000      0x194
                0x08000000                        . = ALIGN (0x4)
 *(.isr_vector)
 .isr_vector    0x08000000      0x194 ./Core/Startup/startup_stm32f401retx.o
                0x08000000                g_pfnVectors
                0x08000194                        . = ALIGN (0x4)

.text           0x080001a0     0x7ca0
                0x080001a0                        . = ALIGN (0x4)
 *(.text)
 .text          0x080001a0       0x40 C:/Users/elyca/Desktop/STM32CubeIDE_2.0.0/STM32CubeIDE/plugins/com.st.stm32cube.ide.mcu.externaltools.gnu-tools-for-stm32.13.3.rel1.win32_1.0.100.202509120712/tools/bin/../lib/gcc/arm-none-eabi/13.3.1/thumb/v7e-m+fp/hard/crtbegin.o
 .text          0x080001e0       0xa0 C:/Users/elyca/Desktop/STM32CubeIDE_2.0.0/STM32CubeIDE/plugins/com.st.stm32cube.ide.mcu.externaltools.gnu-tools-for-stm32.13.3.rel1.win32_1.0.100.202509120712/tools/bin/../lib/gcc/arm-none-eabi/13.3.1/../../../../arm-none-eabi/lib/thumb/v7e-m+fp/hard\libc_nano.a(libc_a-memchr.o)
                0x080001e0                memchr
 .text          0x08000280       0x30 C:/Users/elyca/Desktop/STM32CubeIDE_2.0.0/STM32CubeIDE/plugins/com.st.stm32cube.ide.mcu.externaltools.gnu-tools-for-stm32.13.3.rel1.win32_1.0.100.202509120712/tools/bin/../lib/gcc/arm-none-eabi/13.3.1/thumb/v7e-m+fp/hard\libgcc.a(_aeabi_uldivmod.o)
                0x08000280                __aeabi_uldivmod
 .text          0x080002b0      0x2f8 C:/Users/elyca/Desktop/STM32CubeIDE_2.0.0/STM32CubeIDE/plugins/com.st.stm32cube.ide.mcu.externaltools.gnu-tools-for-stm32.13.3.rel1.win32_1.0.100.202509120712/tools/bin/../lib/gcc/arm-none-eabi/13.3.1/thumb/v7e-m+fp/hard\libgcc.a(_udivmoddi4.o)
                0x080002b0                __udivmoddi4
 .text          0x080005a8        0x4 C:/Users/elyca/Desktop/STM32CubeIDE_2.0.0/STM32CubeIDE/plugins/com.st.stm32cube.ide.mcu.externaltools.gnu-tools-for-stm32.13.3.rel1.win32_1.0.100.202509120712/tools/bin/../lib/gcc/arm-none-eabi/13.3.1/thumb/v7e-m+fp/hard\libgcc.a(_dvmd_tls.o)
                0x080005a8                __aeabi_idiv0
                0x080005a8                __aeabi_ldiv0
 *(.text*)
 .text.vApplicationGetIdleTaskMemory
                0x080005ac       0x34 ./Core/Src/freertos.o
                0x080005ac                vApplicationGetIdleTaskMemory
 .text.vApplicationGetTimerTaskMemory
                0x080005e0       0x34 ./Core/Src/freertos.o
                0x080005e0                vApplicationGetTimerTaskMemory
 .text.melodySelection
                0x08000614      0x13c ./Core/Src/game.o
                0x08000614                melodySelection
 .text.PlayTone
                0x08000750       0x4c ./Core/Src/game.o
                0x08000750                PlayTone
 .text.StopTone
                0x0800079c       0x14 ./Core/Src/game.o
                0x0800079c                StopTone
 .text.scoreEvaluate
                0x080007b0      0x168 ./Core/Src/game.o
                0x080007b0                scoreEvaluate
 .text.finalScore
                0x08000918      0x100 ./Core/Src/game.o
                0x08000918                finalScore
 .text.resetScore
                0x08000a18       0x74 ./Core/Src/game.o
                0x08000a18                resetScore
 .text.gamePlay
                0x08000a8c      0x30c ./Core/Src/game.o
                0x08000a8c                gamePlay
 .text.__io_putchar
                0x08000d98       0x24 ./Core/Src/main.o
                0x08000d98                __io_putchar
 .text.main     0x08000dbc       0x94 ./Core/Src/main.o
                0x08000dbc                main
 .text.SystemClock_Config
                0x08000e50       0xd4 ./Core/Src/main.o
                0x08000e50                SystemClock_Config
 .text.MX_TIM2_Init
                0x08000f24       0xec ./Core/Src/main.o
 .text.MX_USART2_UART_Init
                0x08001010       0x54 ./Core/Src/main.o
 .text.MX_GPIO_Init
                0x08001064      0x13c ./Core/Src/main.o
 .text.HAL_GPIO_EXTI_Callback
                0x080011a0       0x80 ./Core/Src/main.o
                0x080011a0                HAL_GPIO_EXTI_Callback
 .text.StartGameTask
                0x08001220       0x14 ./Core/Src/main.o
                0x08001220                StartGameTask
 .text.TimeoutCallback
                0x08001234       0x20 ./Core/Src/main.o
                0x08001234                TimeoutCallback
 .text.Callback02
                0x08001254       0x14 ./Core/Src/main.o
                0x08001254                Callback02
 .text.HAL_TIM_PeriodElapsedCallback
                0x08001268       0x24 ./Core/Src/main.o
                0x08001268                HAL_TIM_PeriodElapsedCallback
 .text.Error_Handler
                0x0800128c        0xe ./Core/Src/main.o
                0x0800128c                Error_Handler
 *fill*         0x0800129a        0x2 
 .text.HAL_MspInit
                0x0800129c       0x58 ./Core/Src/stm32f4xx_hal_msp.o
                0x0800129c                HAL_MspInit
 .text.HAL_TIM_Base_MspInit
                0x080012f4       0x4c ./Core/Src/stm32f4xx_hal_msp.o
                0x080012f4                HAL_TIM_Base_MspInit
 .text.HAL_TIM_MspPostInit
                0x08001340       0x70 ./Core/Src/stm32f4xx_hal_msp.o
                0x08001340                HAL_TIM_MspPostInit
 .text.HAL_UART_MspInit
                0x080013b0       0x90 ./Core/Src/stm32f4xx_hal_msp.o
                0x080013b0                HAL_UART_MspInit
 .text.HAL_InitTick
                0x08001440       0xe4 ./Core/Src/stm32f4xx_hal_timebase_tim.o
                0x08001440                HAL_InitTick
 .text.NMI_Handler
                0x08001524        0x8 ./Core/Src/stm32f4xx_it.o
                0x08001524                NMI_Handler
 .text.HardFault_Handler
                0x0800152c        0x8 ./Core/Src/stm32f4xx_it.o
                0x0800152c                HardFault_Handler
 .text.MemManage_Handler
                0x08001534        0x8 ./Core/Src/stm32f4xx_it.o
                0x08001534                MemManage_Handler
 .text.BusFault_Handler
                0x0800153c        0x8 ./Core/Src/stm32f4xx_it.o
                0x0800153c                BusFault_Handler
 .text.UsageFault_Handler
                0x08001544        0x8 ./Core/Src/stm32f4xx_it.o
                0x08001544                UsageFault_Handler
 .text.DebugMon_Handler
                0x0800154c        0xe ./Core/Src/stm32f4xx_it.o
                0x0800154c                DebugMon_Handler
 .text.EXTI3_IRQHandler
                0x0800155a        0xe ./Core/Src/stm32f4xx_it.o
                0x0800155a                EXTI3_IRQHandler
 .text.EXTI4_IRQHandler
                0x08001568        0xe ./Core/Src/stm32f4xx_it.o
                0x08001568                EXTI4_IRQHandler
 .text.EXTI9_5_IRQHandler
                0x08001576        0xe ./Core/Src/stm32f4xx_it.o
                0x08001576                EXTI9_5_IRQHandler
 .text.TIM1_UP_TIM10_IRQHandler
                0x08001584       0x14 ./Core/Src/stm32f4xx_it.o
                0x08001584                TIM1_UP_TIM10_IRQHandler
 .text.TIM2_IRQHandler
                0x08001598       0x14 ./Core/Src/stm32f4xx_it.o
                0x08001598                TIM2_IRQHandler
 .text.EXTI15_10_IRQHandler
                0x080015ac       0x10 ./Core/Src/stm32f4xx_it.o
                0x080015ac                EXTI15_10_IRQHandler
 .text._getpid  0x080015bc       0x10 ./Core/Src/syscalls.o
                0x080015bc                _getpid
 .text._kill    0x080015cc       0x20 ./Core/Src/syscalls.o
                0x080015cc                _kill
 .text._exit    0x080015ec       0x16 ./Core/Src/syscalls.o
                0x080015ec                _exit
 .text._read    0x08001602       0x3a ./Core/Src/syscalls.o
                0x08001602                _read
 .text._write   0x0800163c       0x38 ./Core/Src/syscalls.o
                0x0800163c                _write
 .text._close   0x08001674       0x18 ./Core/Src/syscalls.o
                0x08001674                _close
 .text._fstat   0x0800168c       0x20 ./Core/Src/syscalls.o
                0x0800168c                _fstat
 .text._isatty  0x080016ac       0x16 ./Core/Src/syscalls.o
                0x080016ac                _isatty
 .text._lseek   0x080016c2       0x1a ./Core/Src/syscalls.o
                0x080016c2                _lseek
 .text._sbrk    0x080016dc       0x6c ./Core/Src/sysmem.o
                0x080016dc                _sbrk
 .text.SystemInit
                0x08001748       0x24 ./Core/Src/system_stm32f4xx.o
                0x08001748                SystemInit
 .text.Reset_Handler
                0x0800176c       0x50 ./Core/Startup/startup_stm32f401retx.o
                0x0800176c                Reset_Handler
 .text.Default_Handler
                0x080017bc        0x2 ./Core/Startup/startup_stm32f401retx.o
                0x080017bc                RTC_Alarm_IRQHandler
                0x080017bc                EXTI2_IRQHandler
                0x080017bc                SPI4_IRQHandler
                0x080017bc                TIM1_CC_IRQHandler
                0x080017bc                DMA2_Stream5_IRQHandler
                0x080017bc                DMA1_Stream5_IRQHandler
                0x080017bc                PVD_IRQHandler
                0x080017bc                SDIO_IRQHandler
                0x080017bc                TAMP_STAMP_IRQHandler
                0x080017bc                I2C3_ER_IRQHandler
                0x080017bc                EXTI0_IRQHandler
                0x080017bc                I2C2_EV_IRQHandler
                0x080017bc                DMA1_Stream2_IRQHandler
                0x080017bc                FPU_IRQHandler
                0x080017bc                DMA2_Stream2_IRQHandler
                0x080017bc                SPI1_IRQHandler
                0x080017bc                TIM1_BRK_TIM9_IRQHandler
                0x080017bc                DMA2_Stream3_IRQHandler
                0x080017bc                USART6_IRQHandler
                0x080017bc                DMA2_Stream0_IRQHandler
                0x080017bc                TIM4_IRQHandler
                0x080017bc                I2C1_EV_IRQHandler
                0x080017bc                DMA1_Stream6_IRQHandler
                0x080017bc                DMA1_Stream1_IRQHandler
                0x080017bc                TIM3_IRQHandler
                0x080017bc                RCC_IRQHandler
                0x080017bc                Default_Handler
                0x080017bc                ADC_IRQHandler
                0x080017bc                DMA1_Stream7_IRQHandler
                0x080017bc                TIM5_IRQHandler
                0x080017bc                DMA2_Stream7_IRQHandler
                0x080017bc                I2C3_EV_IRQHandler
                0x080017bc                RTC_WKUP_IRQHandler
                0x080017bc                SPI2_IRQHandler
                0x080017bc                DMA1_Stream0_IRQHandler
                0x080017bc                WWDG_IRQHandler
                0x080017bc                OTG_FS_WKUP_IRQHandler
                0x080017bc                TIM1_TRG_COM_TIM11_IRQHandler
                0x080017bc                EXTI1_IRQHandler
                0x080017bc                USART2_IRQHandler
                0x080017bc                I2C2_ER_IRQHandler
                0x080017bc                DMA2_Stream1_IRQHandler
                0x080017bc                FLASH_IRQHandler
                0x080017bc                DMA2_Stream4_IRQHandler
                0x080017bc                USART1_IRQHandler
                0x080017bc                OTG_FS_IRQHandler
                0x080017bc                SPI3_IRQHandler
                0x080017bc                DMA1_Stream4_IRQHandler
                0x080017bc                I2C1_ER_IRQHandler
                0x080017bc                DMA2_Stream6_IRQHandler
                0x080017bc                DMA1_Stream3_IRQHandler
 *fill*         0x080017be        0x2 
 .text.HAL_Init
                0x080017c0       0x44 ./Drivers/STM32F4xx_HAL_Driver/Src/stm32f4xx_hal.o
                0x080017c0                HAL_Init
 .text.HAL_IncTick
                0x08001804       0x28 ./Drivers/STM32F4xx_HAL_Driver/Src/stm32f4xx_hal.o
                0x08001804                HAL_IncTick
 .text.HAL_GetTick
                0x0800182c       0x18 ./Drivers/STM32F4xx_HAL_Driver/Src/stm32f4xx_hal.o
                0x0800182c                HAL_GetTick
 .text.__NVIC_SetPriorityGrouping
                0x08001844       0x48 ./Drivers/STM32F4xx_HAL_Driver/Src/stm32f4xx_hal_cortex.o
 .text.__NVIC_GetPriorityGrouping
                0x0800188c       0x1c ./Drivers/STM32F4xx_HAL_Driver/Src/stm32f4xx_hal_cortex.o
 .text.__NVIC_EnableIRQ
                0x080018a8       0x3c ./Drivers/STM32F4xx_HAL_Driver/Src/stm32f4xx_hal_cortex.o
 .text.__NVIC_SetPriority
                0x080018e4       0x54 ./Drivers/STM32F4xx_HAL_Driver/Src/stm32f4xx_hal_cortex.o
 .text.NVIC_EncodePriority
                0x08001938       0x66 ./Drivers/STM32F4xx_HAL_Driver/Src/stm32f4xx_hal_cortex.o
 .text.HAL_NVIC_SetPriorityGrouping
                0x0800199e       0x16 ./Drivers/STM32F4xx_HAL_Driver/Src/stm32f4xx_hal_cortex.o
                0x0800199e                HAL_NVIC_SetPriorityGrouping
 .text.HAL_NVIC_SetPriority
                0x080019b4       0x38 ./Drivers/STM32F4xx_HAL_Driver/Src/stm32f4xx_hal_cortex.o
                0x080019b4                HAL_NVIC_SetPriority
 .text.HAL_NVIC_EnableIRQ
                0x080019ec       0x1c ./Drivers/STM32F4xx_HAL_Driver/Src/stm32f4xx_hal_cortex.o
                0x080019ec                HAL_NVIC_EnableIRQ
 .text.HAL_GPIO_Init
                0x08001a08      0x308 ./Drivers/STM32F4xx_HAL_Driver/Src/stm32f4xx_hal_gpio.o
                0x08001a08                HAL_GPIO_Init
 .text.HAL_GPIO_WritePin
                0x08001d10       0x32 ./Drivers/STM32F4xx_HAL_Driver/Src/stm32f4xx_hal_gpio.o
                0x08001d10                HAL_GPIO_WritePin
 *fill*         0x08001d42        0x2 
 .text.HAL_GPIO_EXTI_IRQHandler
                0x08001d44       0x30 ./Drivers/STM32F4xx_HAL_Driver/Src/stm32f4xx_hal_gpio.o
                0x08001d44                HAL_GPIO_EXTI_IRQHandler
 .text.HAL_RCC_OscConfig
                0x08001d74      0x4f0 ./Drivers/STM32F4xx_HAL_Driver/Src/stm32f4xx_hal_rcc.o
                0x08001d74                HAL_RCC_OscConfig
 .text.HAL_RCC_ClockConfig
                0x08002264      0x1cc ./Drivers/STM32F4xx_HAL_Driver/Src/stm32f4xx_hal_rcc.o
                0x08002264                HAL_RCC_ClockConfig
 .text.HAL_RCC_GetSysClockFreq
                0x08002430      0x20c ./Drivers/STM32F4xx_HAL_Driver/Src/stm32f4xx_hal_rcc.o
                0x08002430                HAL_RCC_GetSysClockFreq
 .text.HAL_RCC_GetHCLKFreq
                0x0800263c       0x18 ./Drivers/STM32F4xx_HAL_Driver/Src/stm32f4xx_hal_rcc.o
                0x0800263c                HAL_RCC_GetHCLKFreq
 .text.HAL_RCC_GetPCLK1Freq
                0x08002654       0x28 ./Drivers/STM32F4xx_HAL_Driver/Src/stm32f4xx_hal_rcc.o
                0x08002654                HAL_RCC_GetPCLK1Freq
 .text.HAL_RCC_GetPCLK2Freq
                0x0800267c       0x28 ./Drivers/STM32F4xx_HAL_Driver/Src/stm32f4xx_hal_rcc.o
                0x0800267c                HAL_RCC_GetPCLK2Freq
 .text.HAL_RCC_GetClockConfig
                0x080026a4       0x64 ./Drivers/STM32F4xx_HAL_Driver/Src/stm32f4xx_hal_rcc.o
                0x080026a4                HAL_RCC_GetClockConfig
 .text.HAL_TIM_Base_Init
                0x08002708       0x9e ./Drivers/STM32F4xx_HAL_Driver/Src/stm32f4xx_hal_tim.o
                0x08002708                HAL_TIM_Base_Init
 *fill*         0x080027a6        0x2 
 .text.HAL_TIM_Base_Start_IT
                0x080027a8       0xc4 ./Drivers/STM32F4xx_HAL_Driver/Src/stm32f4xx_hal_tim.o
                0x080027a8                HAL_TIM_Base_Start_IT
 .text.HAL_TIM_PWM_Init
                0x0800286c       0x9e ./Drivers/STM32F4xx_HAL_Driver/Src/stm32f4xx_hal_tim.o
                0x0800286c                HAL_TIM_PWM_Init
 .text.HAL_TIM_PWM_MspInit
                0x0800290a       0x14 ./Drivers/STM32F4xx_HAL_Driver/Src/stm32f4xx_hal_tim.o
                0x0800290a                HAL_TIM_PWM_MspInit
 *fill*         0x0800291e        0x2 
 .text.HAL_TIM_PWM_Start
                0x08002920      0x160 ./Drivers/STM32F4xx_HAL_Driver/Src/stm32f4xx_hal_tim.o
                0x08002920                HAL_TIM_PWM_Start
 .text.HAL_TIM_PWM_Stop
                0x08002a80       0xc8 ./Drivers/STM32F4xx_HAL_Driver/Src/stm32f4xx_hal_tim.o
                0x08002a80                HAL_TIM_PWM_Stop
 .text.HAL_TIM_IRQHandler
                0x08002b48      0x1e0 ./Drivers/STM32F4xx_HAL_Driver/Src/stm32f4xx_hal_tim.o
                0x08002b48                HAL_TIM_IRQHandler
 .text.HAL_TIM_PWM_ConfigChannel
                0x08002d28      0x184 ./Drivers/STM32F4xx_HAL_Driver/Src/stm32f4xx_hal_tim.o
                0x08002d28                HAL_TIM_PWM_ConfigChannel
 .text.HAL_TIM_ConfigClockSource
                0x08002eac      0x18e ./Drivers/STM32F4xx_HAL_Driver/Src/stm32f4xx_hal_tim.o
                0x08002eac                HAL_TIM_ConfigClockSource
 .text.HAL_TIM_OC_DelayElapsedCallback
                0x0800303a       0x14 ./Drivers/STM32F4xx_HAL_Driver/Src/stm32f4xx_hal_tim.o
                0x0800303a                HAL_TIM_OC_DelayElapsedCallback
 .text.HAL_TIM_IC_CaptureCallback
                0x0800304e       0x14 ./Drivers/STM32F4xx_HAL_Driver/Src/stm32f4xx_hal_tim.o
                0x0800304e                HAL_TIM_IC_CaptureCallback
 .text.HAL_TIM_PWM_PulseFinishedCallback
                0x08003062       0x14 ./Drivers/STM32F4xx_HAL_Driver/Src/stm32f4xx_hal_tim.o
                0x08003062                HAL_TIM_PWM_PulseFinishedCallback
 .text.HAL_TIM_TriggerCallback
                0x08003076       0x14 ./Drivers/STM32F4xx_HAL_Driver/Src/stm32f4xx_hal_tim.o
                0x08003076                HAL_TIM_TriggerCallback
 *fill*         0x0800308a        0x2 
 .text.TIM_Base_SetConfig
                0x0800308c      0x10c ./Drivers/STM32F4xx_HAL_Driver/Src/stm32f4xx_hal_tim.o
                0x0800308c                TIM_Base_SetConfig
 .text.TIM_OC1_SetConfig
                0x08003198       0xcc ./Drivers/STM32F4xx_HAL_Driver/Src/stm32f4xx_hal_tim.o
 .text.TIM_OC2_SetConfig
                0x08003264       0xd8 ./Drivers/STM32F4xx_HAL_Driver/Src/stm32f4xx_hal_tim.o
                0x08003264                TIM_OC2_SetConfig
 .text.TIM_OC3_SetConfig
                0x0800333c       0xd4 ./Drivers/STM32F4xx_HAL_Driver/Src/stm32f4xx_hal_tim.o
 .text.TIM_OC4_SetConfig
                0x08003410       0xa0 ./Drivers/STM32F4xx_HAL_Driver/Src/stm32f4xx_hal_tim.o
 .text.TIM_TI1_ConfigInputStage
                0x080034b0       0x5e ./Drivers/STM32F4xx_HAL_Driver/Src/stm32f4xx_hal_tim.o
 .text.TIM_TI2_ConfigInputStage
                0x0800350e       0x60 ./Drivers/STM32F4xx_HAL_Driver/Src/stm32f4xx_hal_tim.o
 .text.TIM_ITRx_SetConfig
                0x0800356e       0x36 ./Drivers/STM32F4xx_HAL_Driver/Src/stm32f4xx_hal_tim.o
 .text.TIM_ETR_SetConfig
                0x080035a4       0x40 ./Drivers/STM32F4xx_HAL_Driver/Src/stm32f4xx_hal_tim.o
                0x080035a4                TIM_ETR_SetConfig
 .text.TIM_CCxChannelCmd
                0x080035e4       0x4a ./Drivers/STM32F4xx_HAL_Driver/Src/stm32f4xx_hal_tim.o
                0x080035e4                TIM_CCxChannelCmd
 *fill*         0x0800362e        0x2 
 .text.HAL_TIMEx_MasterConfigSynchronization
                0x08003630       0xdc ./Drivers/STM32F4xx_HAL_Driver/Src/stm32f4xx_hal_tim_ex.o
                0x08003630                HAL_TIMEx_MasterConfigSynchronization
 .text.HAL_TIMEx_CommutCallback
                0x0800370c       0x14 ./Drivers/STM32F4xx_HAL_Driver/Src/stm32f4xx_hal_tim_ex.o
                0x0800370c                HAL_TIMEx_CommutCallback
 .text.HAL_TIMEx_BreakCallback
                0x08003720       0x14 ./Drivers/STM32F4xx_HAL_Driver/Src/stm32f4xx_hal_tim_ex.o
                0x08003720                HAL_TIMEx_BreakCallback
 .text.HAL_UART_Init
                0x08003734       0xa0 ./Drivers/STM32F4xx_HAL_Driver/Src/stm32f4xx_hal_uart.o
                0x08003734                HAL_UART_Init
 .text.HAL_UART_Transmit
                0x080037d4      0x116 ./Drivers/STM32F4xx_HAL_Driver/Src/stm32f4xx_hal_uart.o
                0x080037d4                HAL_UART_Transmit
 .text.UART_WaitOnFlagUntilTimeout
                0x080038ea       0xb2 ./Drivers/STM32F4xx_HAL_Driver/Src/stm32f4xx_hal_uart.o
 .text.UART_EndRxTransfer
                0x0800399c       0xc6 ./Drivers/STM32F4xx_HAL_Driver/Src/stm32f4xx_hal_uart.o
 *fill*         0x08003a62        0x2 
 .text.UART_SetConfig
                0x08003a64      0x4e8 ./Drivers/STM32F4xx_HAL_Driver/Src/stm32f4xx_hal_uart.o
 .text.makeFreeRtosPriority
                0x08003f4c       0x30 ./Middlewares/Third_Party/FreeRTOS/Source/CMSIS_RTOS/cmsis_os.o
 .text.inHandlerMode
                0x08003f7c       0x24 ./Middlewares/Third_Party/FreeRTOS/Source/CMSIS_RTOS/cmsis_os.o
 .text.osKernelStart
                0x08003fa0        0xe ./Middlewares/Third_Party/FreeRTOS/Source/CMSIS_RTOS/cmsis_os.o
                0x08003fa0                osKernelStart
 .text.osKernelSysTick
                0x08003fae       0x20 ./Middlewares/Third_Party/FreeRTOS/Source/CMSIS_RTOS/cmsis_os.o
                0x08003fae                osKernelSysTick
 .text.osThreadCreate
                0x08003fce       0x98 ./Middlewares/Third_Party/FreeRTOS/Source/CMSIS_RTOS/cmsis_os.o
                0x08003fce                osThreadCreate
 .text.osDelay  0x08004066       0x28 ./Middlewares/Third_Party/FreeRTOS/Source/CMSIS_RTOS/cmsis_os.o
                0x08004066                osDelay
 *fill*         0x0800408e        0x2 
 .text.osTimerCreate
                0x08004090       0x68 ./Middlewares/Third_Party/FreeRTOS/Source/CMSIS_RTOS/cmsis_os.o
                0x08004090                osTimerCreate
 .text.osTimerStart
                0x080040f8       0x88 ./Middlewares/Third_Party/FreeRTOS/Source/CMSIS_RTOS/cmsis_os.o
                0x080040f8                osTimerStart
 .text.osTimerStop
                0x08004180       0x78 ./Middlewares/Third_Party/FreeRTOS/Source/CMSIS_RTOS/cmsis_os.o
                0x08004180                osTimerStop
 .text.vListInitialise
                0x080041f8       0x40 ./Middlewares/Third_Party/FreeRTOS/Source/list.o
                0x080041f8                vListInitialise
 .text.vListInitialiseItem
                0x08004238       0x1a ./Middlewares/Third_Party/FreeRTOS/Source/list.o
                0x08004238                vListInitialiseItem
 .text.vListInsertEnd
                0x08004252       0x48 ./Middlewares/Third_Party/FreeRTOS/Source/list.o
                0x08004252                vListInsertEnd
 .text.vListInsert
                0x0800429a       0x72 ./Middlewares/Third_Party/FreeRTOS/Source/list.o
                0x0800429a                vListInsert
 .text.uxListRemove
                0x0800430c       0x54 ./Middlewares/Third_Party/FreeRTOS/Source/list.o
                0x0800430c                uxListRemove
 .text.xQueueGenericReset
                0x08004360       0xd4 ./Middlewares/Third_Party/FreeRTOS/Source/queue.o
                0x08004360                xQueueGenericReset
 .text.xQueueGenericCreateStatic
                0x08004434       0xfa ./Middlewares/Third_Party/FreeRTOS/Source/queue.o
                0x08004434                xQueueGenericCreateStatic
 .text.prvInitialiseNewQueue
                0x0800452e       0x3e ./Middlewares/Third_Party/FreeRTOS/Source/queue.o
 .text.xQueueGenericSend
                0x0800456c      0x204 ./Middlewares/Third_Party/FreeRTOS/Source/queue.o
                0x0800456c                xQueueGenericSend
 .text.xQueueGenericSendFromISR
                0x08004770      0x13c ./Middlewares/Third_Party/FreeRTOS/Source/queue.o
                0x08004770                xQueueGenericSendFromISR
 .text.xQueueReceive
                0x080048ac      0x1c4 ./Middlewares/Third_Party/FreeRTOS/Source/queue.o
                0x080048ac                xQueueReceive
 .text.prvCopyDataToQueue
                0x08004a70       0xd4 ./Middlewares/Third_Party/FreeRTOS/Source/queue.o
 .text.prvCopyDataFromQueue
                0x08004b44       0x4c ./Middlewares/Third_Party/FreeRTOS/Source/queue.o
 .text.prvUnlockQueue
                0x08004b90       0xa4 ./Middlewares/Third_Party/FreeRTOS/Source/queue.o
 .text.prvIsQueueEmpty
                0x08004c34       0x2c ./Middlewares/Third_Party/FreeRTOS/Source/queue.o
 .text.prvIsQueueFull
                0x08004c60       0x30 ./Middlewares/Third_Party/FreeRTOS/Source/queue.o
 .text.vQueueAddToRegistry
                0x08004c90       0x54 ./Middlewares/Third_Party/FreeRTOS/Source/queue.o
                0x08004c90                vQueueAddToRegistry
 .text.vQueueWaitForMessageRestricted
                0x08004ce4       0x68 ./Middlewares/Third_Party/FreeRTOS/Source/queue.o
                0x08004ce4                vQueueWaitForMessageRestricted
 .text.xTaskCreateStatic
                0x08004d4c       0xc0 ./Middlewares/Third_Party/FreeRTOS/Source/tasks.o
                0x08004d4c                xTaskCreateStatic
 .text.xTaskCreate
                0x08004e0c       0x8a ./Middlewares/Third_Party/FreeRTOS/Source/tasks.o
                0x08004e0c                xTaskCreate
 *fill*         0x08004e96        0x2 
 .text.prvInitialiseNewTask
                0x08004e98      0x140 ./Middlewares/Third_Party/FreeRTOS/Source/tasks.o
 .text.prvAddNewTaskToReadyList
                0x08004fd8       0xd4 ./Middlewares/Third_Party/FreeRTOS/Source/tasks.o
 .text.vTaskDelay
                0x080050ac       0x6c ./Middlewares/Third_Party/FreeRTOS/Source/tasks.o
                0x080050ac                vTaskDelay
 .text.vTaskStartScheduler
                0x08005118       0xe0 ./Middlewares/Third_Party/FreeRTOS/Source/tasks.o
                0x08005118                vTaskStartScheduler
 .text.vTaskSuspendAll
                0x080051f8       0x1c ./Middlewares/Third_Party/FreeRTOS/Source/tasks.o
                0x080051f8                vTaskSuspendAll
 .text.xTaskResumeAll
                0x08005214      0x13c ./Middlewares/Third_Party/FreeRTOS/Source/tasks.o
                0x08005214                xTaskResumeAll
 .text.xTaskGetTickCount
                0x08005350       0x20 ./Middlewares/Third_Party/FreeRTOS/Source/tasks.o
                0x08005350                xTaskGetTickCount
 .text.xTaskGetTickCountFromISR
                0x08005370       0x24 ./Middlewares/Third_Party/FreeRTOS/Source/tasks.o
                0x08005370                xTaskGetTickCountFromISR
 .text.xTaskIncrementTick
                0x08005394      0x174 ./Middlewares/Third_Party/FreeRTOS/Source/tasks.o
                0x08005394                xTaskIncrementTick
 .text.vTaskSwitchContext
                0x08005508       0xc8 ./Middlewares/Third_Party/FreeRTOS/Source/tasks.o
                0x08005508                vTaskSwitchContext
 .text.vTaskPlaceOnEventList
                0x080055d0       0x4c ./Middlewares/Third_Party/FreeRTOS/Source/tasks.o
                0x080055d0                vTaskPlaceOnEventList
 .text.vTaskPlaceOnEventListRestricted
                0x0800561c       0x58 ./Middlewares/Third_Party/FreeRTOS/Source/tasks.o
                0x0800561c                vTaskPlaceOnEventListRestricted
 .text.xTaskRemoveFromEventList
                0x08005674       0xc8 ./Middlewares/Third_Party/FreeRTOS/Source/tasks.o
                0x08005674                xTaskRemoveFromEventList
 .text.vTaskInternalSetTimeOutState
                0x0800573c       0x2c ./Middlewares/Third_Party/FreeRTOS/Source/tasks.o
                0x0800573c                vTaskInternalSetTimeOutState
 .text.xTaskCheckForTimeOut
                0x08005768       0xc8 ./Middlewares/Third_Party/FreeRTOS/Source/tasks.o
                0x08005768                xTaskCheckForTimeOut
 .text.vTaskMissedYield
                0x08005830       0x18 ./Middlewares/Third_Party/FreeRTOS/Source/tasks.o
                0x08005830                vTaskMissedYield
 .text.prvIdleTask
                0x08005848       0x30 ./Middlewares/Third_Party/FreeRTOS/Source/tasks.o
 .text.prvInitialiseTaskLists
                0x08005878       0x80 ./Middlewares/Third_Party/FreeRTOS/Source/tasks.o
 .text.prvCheckTasksWaitingTermination
                0x080058f8       0x5c ./Middlewares/Third_Party/FreeRTOS/Source/tasks.o
 .text.prvDeleteTCB
                0x08005954       0x6a ./Middlewares/Third_Party/FreeRTOS/Source/tasks.o
 *fill*         0x080059be        0x2 
 .text.prvResetNextTaskUnblockTime
                0x080059c0       0x40 ./Middlewares/Third_Party/FreeRTOS/Source/tasks.o
 .text.xTaskGetSchedulerState
                0x08005a00       0x3c ./Middlewares/Third_Party/FreeRTOS/Source/tasks.o
                0x08005a00                xTaskGetSchedulerState
 .text.xTaskPriorityDisinherit
                0x08005a3c      0x110 ./Middlewares/Third_Party/FreeRTOS/Source/tasks.o
                0x08005a3c                xTaskPriorityDisinherit
 .text.prvAddCurrentTaskToDelayedList
                0x08005b4c       0xcc ./Middlewares/Third_Party/FreeRTOS/Source/tasks.o
 .text.xTimerCreateTimerTask
                0x08005c18       0x94 ./Middlewares/Third_Party/FreeRTOS/Source/timers.o
                0x08005c18                xTimerCreateTimerTask
 .text.xTimerCreate
                0x08005cac       0x42 ./Middlewares/Third_Party/FreeRTOS/Source/timers.o
                0x08005cac                xTimerCreate
 .text.xTimerCreateStatic
                0x08005cee       0x80 ./Middlewares/Third_Party/FreeRTOS/Source/timers.o
                0x08005cee                xTimerCreateStatic
 .text.prvInitialiseNewTimer
                0x08005d6e       0x78 ./Middlewares/Third_Party/FreeRTOS/Source/timers.o
 *fill*         0x08005de6        0x2 
 .text.xTimerGenericCommand
                0x08005de8       0x9c ./Middlewares/Third_Party/FreeRTOS/Source/timers.o
                0x08005de8                xTimerGenericCommand
 .text.prvProcessExpiredTimer
                0x08005e84       0x9c ./Middlewares/Third_Party/FreeRTOS/Source/timers.o
 .text.prvTimerTask
                0x08005f20       0x26 ./Middlewares/Third_Party/FreeRTOS/Source/timers.o
 *fill*         0x08005f46        0x2 
 .text.prvProcessTimerOrBlockTask
                0x08005f48       0x9c ./Middlewares/Third_Party/FreeRTOS/Source/timers.o
 .text.prvGetNextExpireTime
                0x08005fe4       0x48 ./Middlewares/Third_Party/FreeRTOS/Source/timers.o
 .text.prvSampleTimeNow
                0x0800602c       0x40 ./Middlewares/Third_Party/FreeRTOS/Source/timers.o
 .text.prvInsertTimerInActiveList
                0x0800606c       0x84 ./Middlewares/Third_Party/FreeRTOS/Source/timers.o
 .text.prvProcessReceivedCommands
                0x080060f0      0x194 ./Middlewares/Third_Party/FreeRTOS/Source/timers.o
 .text.prvSwitchTimerLists
                0x08006284       0xcc ./Middlewares/Third_Party/FreeRTOS/Source/timers.o
 .text.prvCheckForValidListAndQueue
                0x08006350       0x80 ./Middlewares/Third_Party/FreeRTOS/Source/timers.o
 .text.pxPortInitialiseStack
                0x080063d0       0x68 ./Middlewares/Third_Party/FreeRTOS/Source/portable/GCC/ARM_CM4F/port.o
                0x080063d0                pxPortInitialiseStack
 .text.prvTaskExitError
                0x08006438       0x5c ./Middlewares/Third_Party/FreeRTOS/Source/portable/GCC/ARM_CM4F/port.o
 *fill*         0x08006494        0xc 
 .text.SVC_Handler
                0x080064a0       0x28 ./Middlewares/Third_Party/FreeRTOS/Source/portable/GCC/ARM_CM4F/port.o
                0x080064a0                SVC_Handler
 .text.prvPortStartFirstTask
                0x080064c8       0x28 ./Middlewares/Third_Party/FreeRTOS/Source/portable/GCC/ARM_CM4F/port.o
 .text.xPortStartScheduler
                0x080064f0      0x148 ./Middlewares/Third_Party/FreeRTOS/Source/portable/GCC/ARM_CM4F/port.o
                0x080064f0                xPortStartScheduler
 .text.vPortEnterCritical
                0x08006638       0x64 ./Middlewares/Third_Party/FreeRTOS/Source/portable/GCC/ARM_CM4F/port.o
                0x08006638                vPortEnterCritical
 .text.vPortExitCritical
                0x0800669c       0x54 ./Middlewares/Third_Party/FreeRTOS/Source/portable/GCC/ARM_CM4F/port.o
                0x0800669c                vPortExitCritical
 .text.PendSV_Handler
                0x080066f0       0x68 ./Middlewares/Third_Party/FreeRTOS/Source/portable/GCC/ARM_CM4F/port.o
                0x080066f0                PendSV_Handler
 .text.SysTick_Handler
                0x08006758       0x44 ./Middlewares/Third_Party/FreeRTOS/Source/portable/GCC/ARM_CM4F/port.o
                0x08006758                SysTick_Handler
 .text.vPortSetupTimerInterrupt
                0x0800679c       0x48 ./Middlewares/Third_Party/FreeRTOS/Source/portable/GCC/ARM_CM4F/port.o
                0x0800679c                vPortSetupTimerInterrupt
 .text.vPortEnableVFP
                0x080067e4       0x14 ./Middlewares/Third_Party/FreeRTOS/Source/portable/GCC/ARM_CM4F/port.o
 .text.vPortValidateInterruptPriority
                0x080067f8       0x84 ./Middlewares/Third_Party/FreeRTOS/Source/portable/GCC/ARM_CM4F/port.o
                0x080067f8                vPortValidateInterruptPriority
 .text.pvPortMalloc
                0x0800687c      0x19c ./Middlewares/Third_Party/FreeRTOS/Source/portable/MemMang/heap_4.o
                0x0800687c                pvPortMalloc
 .text.vPortFree
                0x08006a18       0xc8 ./Middlewares/Third_Party/FreeRTOS/Source/portable/MemMang/heap_4.o
                0x08006a18                vPortFree
 .text.prvHeapInit
                0x08006ae0       0xc4 ./Middlewares/Third_Party/FreeRTOS/Source/portable/MemMang/heap_4.o
 .text.prvInsertBlockIntoFreeList
                0x08006ba4       0xb4 ./Middlewares/Third_Party/FreeRTOS/Source/portable/MemMang/heap_4.o
 .text.srand    0x08006c58       0x5c C:/Users/elyca/Desktop/STM32CubeIDE_2.0.0/STM32CubeIDE/plugins/com.st.stm32cube.ide.mcu.externaltools.gnu-tools-for-stm32.13.3.rel1.win32_1.0.100.202509120712/tools/bin/../lib/gcc/arm-none-eabi/13.3.1/../../../../arm-none-eabi/lib/thumb/v7e-m+fp/hard\libc_nano.a(libc_a-rand.o)
                0x08006c58                srand
 .text.rand     0x08006cb4       0x7c C:/Users/elyca/Desktop/STM32CubeIDE_2.0.0/STM32CubeIDE/plugins/com.st.stm32cube.ide.mcu.externaltools.gnu-tools-for-stm32.13.3.rel1.win32_1.0.100.202509120712/tools/bin/../lib/gcc/arm-none-eabi/13.3.1/../../../../arm-none-eabi/lib/thumb/v7e-m+fp/hard\libc_nano.a(libc_a-rand.o)
                0x08006cb4                rand
 .text.std      0x08006d30       0x6c C:/Users/elyca/Desktop/STM32CubeIDE_2.0.0/STM32CubeIDE/plugins/com.st.stm32cube.ide.mcu.externaltools.gnu-tools-for-stm32.13.3.rel1.win32_1.0.100.202509120712/tools/bin/../lib/gcc/arm-none-eabi/13.3.1/../../../../arm-none-eabi/lib/thumb/v7e-m+fp/hard\libc_nano.a(libc_a-findfp.o)
 .text.stdio_exit_handler
                0x08006d9c       0x18 C:/Users/elyca/Desktop/STM32CubeIDE_2.0.0/STM32CubeIDE/plugins/com.st.stm32cube.ide.mcu.externaltools.gnu-tools-for-stm32.13.3.rel1.win32_1.0.100.202509120712/tools/bin/../lib/gcc/arm-none-eabi/13.3.1/../../../../arm-none-eabi/lib/thumb/v7e-m+fp/hard\libc_nano.a(libc_a-findfp.o)
 .text.cleanup_stdio
                0x08006db4       0x40 C:/Users/elyca/Desktop/STM32CubeIDE_2.0.0/STM32CubeIDE/plugins/com.st.stm32cube.ide.mcu.externaltools.gnu-tools-for-stm32.13.3.rel1.win32_1.0.100.202509120712/tools/bin/../lib/gcc/arm-none-eabi/13.3.1/../../../../arm-none-eabi/lib/thumb/v7e-m+fp/hard\libc_nano.a(libc_a-findfp.o)
 .text.global_stdio_init.part.0
                0x08006df4       0x3c C:/Users/elyca/Desktop/STM32CubeIDE_2.0.0/STM32CubeIDE/plugins/com.st.stm32cube.ide.mcu.externaltools.gnu-tools-for-stm32.13.3.rel1.win32_1.0.100.202509120712/tools/bin/../lib/gcc/arm-none-eabi/13.3.1/../../../../arm-none-eabi/lib/thumb/v7e-m+fp/hard\libc_nano.a(libc_a-findfp.o)
 .text.__sfp_lock_acquire
                0x08006e30        0xc C:/Users/elyca/Desktop/STM32CubeIDE_2.0.0/STM32CubeIDE/plugins/com.st.stm32cube.ide.mcu.externaltools.gnu-tools-for-stm32.13.3.rel1.win32_1.0.100.202509120712/tools/bin/../lib/gcc/arm-none-eabi/13.3.1/../../../../arm-none-eabi/lib/thumb/v7e-m+fp/hard\libc_nano.a(libc_a-findfp.o)
                0x08006e30                __sfp_lock_acquire
 .text.__sfp_lock_release
                0x08006e3c        0xc C:/Users/elyca/Desktop/STM32CubeIDE_2.0.0/STM32CubeIDE/plugins/com.st.stm32cube.ide.mcu.externaltools.gnu-tools-for-stm32.13.3.rel1.win32_1.0.100.202509120712/tools/bin/../lib/gcc/arm-none-eabi/13.3.1/../../../../arm-none-eabi/lib/thumb/v7e-m+fp/hard\libc_nano.a(libc_a-findfp.o)
                0x08006e3c                __sfp_lock_release
 .text.__sinit  0x08006e48       0x30 C:/Users/elyca/Desktop/STM32CubeIDE_2.0.0/STM32CubeIDE/plugins/com.st.stm32cube.ide.mcu.externaltools.gnu-tools-for-stm32.13.3.rel1.win32_1.0.100.202509120712/tools/bin/../lib/gcc/arm-none-eabi/13.3.1/../../../../arm-none-eabi/lib/thumb/v7e-m+fp/hard\libc_nano.a(libc_a-findfp.o)
                0x08006e48                __sinit
 .text._fwalk_sglue
                0x08006e78       0x3c C:/Users/elyca/Desktop/STM32CubeIDE_2.0.0/STM32CubeIDE/plugins/com.st.stm32cube.ide.mcu.externaltools.gnu-tools-for-stm32.13.3.rel1.win32_1.0.100.202509120712/tools/bin/../lib/gcc/arm-none-eabi/13.3.1/../../../../arm-none-eabi/lib/thumb/v7e-m+fp/hard\libc_nano.a(libc_a-fwalk.o)
                0x08006e78                _fwalk_sglue
 .text.printf   0x08006eb4       0x24 C:/Users/elyca/Desktop/STM32CubeIDE_2.0.0/STM32CubeIDE/plugins/com.st.stm32cube.ide.mcu.externaltools.gnu-tools-for-stm32.13.3.rel1.win32_1.0.100.202509120712/tools/bin/../lib/gcc/arm-none-eabi/13.3.1/../../../../arm-none-eabi/lib/thumb/v7e-m+fp/hard\libc_nano.a(libc_a-printf.o)
                0x08006eb4                iprintf
                0x08006eb4                printf
 .text._puts_r  0x08006ed8       0xaa C:/Users/elyca/Desktop/STM32CubeIDE_2.0.0/STM32CubeIDE/plugins/com.st.stm32cube.ide.mcu.externaltools.gnu-tools-for-stm32.13.3.rel1.win32_1.0.100.202509120712/tools/bin/../lib/gcc/arm-none-eabi/13.3.1/../../../../arm-none-eabi/lib/thumb/v7e-m+fp/hard\libc_nano.a(libc_a-puts.o)
                0x08006ed8                _puts_r
 *fill*         0x08006f82        0x2 
 .text.puts     0x08006f84       0x10 C:/Users/elyca/Desktop/STM32CubeIDE_2.0.0/STM32CubeIDE/plugins/com.st.stm32cube.ide.mcu.externaltools.gnu-tools-for-stm32.13.3.rel1.win32_1.0.100.202509120712/tools/bin/../lib/gcc/arm-none-eabi/13.3.1/../../../../arm-none-eabi/lib/thumb/v7e-m+fp/hard\libc_nano.a(libc_a-puts.o)
                0x08006f84                puts
 .text.__sread  0x08006f94       0x22 C:/Users/elyca/Desktop/STM32CubeIDE_2.0.0/STM32CubeIDE/plugins/com.st.stm32cube.ide.mcu.externaltools.gnu-tools-for-stm32.13.3.rel1.win32_1.0.100.202509120712/tools/bin/../lib/gcc/arm-none-eabi/13.3.1/../../../../arm-none-eabi/lib/thumb/v7e-m+fp/hard\libc_nano.a(libc_a-stdio.o)
                0x08006f94                __sread
 .text.__swrite
                0x08006fb6       0x38 C:/Users/elyca/Desktop/STM32CubeIDE_2.0.0/STM32CubeIDE/plugins/com.st.stm32cube.ide.mcu.externaltools.gnu-tools-for-stm32.13.3.rel1.win32_1.0.100.202509120712/tools/bin/../lib/gcc/arm-none-eabi/13.3.1/../../../../arm-none-eabi/lib/thumb/v7e-m+fp/hard\libc_nano.a(libc_a-stdio.o)
                0x08006fb6                __swrite
 .text.__sseek  0x08006fee       0x24 C:/Users/elyca/Desktop/STM32CubeIDE_2.0.0/STM32CubeIDE/plugins/com.st.stm32cube.ide.mcu.externaltools.gnu-tools-for-stm32.13.3.rel1.win32_1.0.100.202509120712/tools/bin/../lib/gcc/arm-none-eabi/13.3.1/../../../../arm-none-eabi/lib/thumb/v7e-m+fp/hard\libc_nano.a(libc_a-stdio.o)
                0x08006fee                __sseek
 .text.__sclose
                0x08007012        0x8 C:/Users/elyca/Desktop/STM32CubeIDE_2.0.0/STM32CubeIDE/plugins/com.st.stm32cube.ide.mcu.externaltools.gnu-tools-for-stm32.13.3.rel1.win32_1.0.100.202509120712/tools/bin/../lib/gcc/arm-none-eabi/13.3.1/../../../../arm-none-eabi/lib/thumb/v7e-m+fp/hard\libc_nano.a(libc_a-stdio.o)
                0x08007012                __sclose
 .text.__swbuf_r
                0x0800701a       0x7c C:/Users/elyca/Desktop/STM32CubeIDE_2.0.0/STM32CubeIDE/plugins/com.st.stm32cube.ide.mcu.externaltools.gnu-tools-for-stm32.13.3.rel1.win32_1.0.100.202509120712/tools/bin/../lib/gcc/arm-none-eabi/13.3.1/../../../../arm-none-eabi/lib/thumb/v7e-m+fp/hard\libc_nano.a(libc_a-wbuf.o)
                0x0800701a                __swbuf_r
 *fill*         0x08007096        0x2 
 .text.__swsetup_r
                0x08007098       0xac C:/Users/elyca/Desktop/STM32CubeIDE_2.0.0/STM32CubeIDE/plugins/com.st.stm32cube.ide.mcu.externaltools.gnu-tools-for-stm32.13.3.rel1.win32_1.0.100.202509120712/tools/bin/../lib/gcc/arm-none-eabi/13.3.1/../../../../arm-none-eabi/lib/thumb/v7e-m+fp/hard\libc_nano.a(libc_a-wsetup.o)
                0x08007098                __swsetup_r
 .text.memset   0x08007144       0x10 C:/Users/elyca/Desktop/STM32CubeIDE_2.0.0/STM32CubeIDE/plugins/com.st.stm32cube.ide.mcu.externaltools.gnu-tools-for-stm32.13.3.rel1.win32_1.0.100.202509120712/tools/bin/../lib/gcc/arm-none-eabi/13.3.1/../../../../arm-none-eabi/lib/thumb/v7e-m+fp/hard\libc_nano.a(libc_a-memset.o)
                0x08007144                memset
 .text._close_r
                0x08007154       0x20 C:/Users/elyca/Desktop/STM32CubeIDE_2.0.0/STM32CubeIDE/plugins/com.st.stm32cube.ide.mcu.externaltools.gnu-tools-for-stm32.13.3.rel1.win32_1.0.100.202509120712/tools/bin/../lib/gcc/arm-none-eabi/13.3.1/../../../../arm-none-eabi/lib/thumb/v7e-m+fp/hard\libc_nano.a(libc_a-closer.o)
                0x08007154                _close_r
 .text._reclaim_reent
                0x08007174       0xbc C:/Users/elyca/Desktop/STM32CubeIDE_2.0.0/STM32CubeIDE/plugins/com.st.stm32cube.ide.mcu.externaltools.gnu-tools-for-stm32.13.3.rel1.win32_1.0.100.202509120712/tools/bin/../lib/gcc/arm-none-eabi/13.3.1/../../../../arm-none-eabi/lib/thumb/v7e-m+fp/hard\libc_nano.a(libc_a-reent.o)
                0x08007174                _reclaim_reent
 .text._lseek_r
                0x08007230       0x24 C:/Users/elyca/Desktop/STM32CubeIDE_2.0.0/STM32CubeIDE/plugins/com.st.stm32cube.ide.mcu.externaltools.gnu-tools-for-stm32.13.3.rel1.win32_1.0.100.202509120712/tools/bin/../lib/gcc/arm-none-eabi/13.3.1/../../../../arm-none-eabi/lib/thumb/v7e-m+fp/hard\libc_nano.a(libc_a-lseekr.o)
                0x08007230                _lseek_r
 .text._read_r  0x08007254       0x24 C:/Users/elyca/Desktop/STM32CubeIDE_2.0.0/STM32CubeIDE/plugins/com.st.stm32cube.ide.mcu.externaltools.gnu-tools-for-stm32.13.3.rel1.win32_1.0.100.202509120712/tools/bin/../lib/gcc/arm-none-eabi/13.3.1/../../../../arm-none-eabi/lib/thumb/v7e-m+fp/hard\libc_nano.a(libc_a-readr.o)
                0x08007254                _read_r
 .text._write_r
                0x08007278       0x24 C:/Users/elyca/Desktop/STM32CubeIDE_2.0.0/STM32CubeIDE/plugins/com.st.stm32cube.ide.mcu.externaltools.gnu-tools-for-stm32.13.3.rel1.win32_1.0.100.202509120712/tools/bin/../lib/gcc/arm-none-eabi/13.3.1/../../../../arm-none-eabi/lib/thumb/v7e-m+fp/hard\libc_nano.a(libc_a-writer.o)
                0x08007278                _write_r
 .text.__errno  0x0800729c        0xc C:/Users/elyca/Desktop/STM32CubeIDE_2.0.0/STM32CubeIDE/plugins/com.st.stm32cube.ide.mcu.externaltools.gnu-tools-for-stm32.13.3.rel1.win32_1.0.100.202509120712/tools/bin/../lib/gcc/arm-none-eabi/13.3.1/../../../../arm-none-eabi/lib/thumb/v7e-m+fp/hard\libc_nano.a(libc_a-errno.o)
                0x0800729c                __errno
 .text.__libc_init_array
                0x080072a8       0x48 C:/Users/elyca/Desktop/STM32CubeIDE_2.0.0/STM32CubeIDE/plugins/com.st.stm32cube.ide.mcu.externaltools.gnu-tools-for-stm32.13.3.rel1.win32_1.0.100.202509120712/tools/bin/../lib/gcc/arm-none-eabi/13.3.1/../../../../arm-none-eabi/lib/thumb/v7e-m+fp/hard\libc_nano.a(libc_a-init.o)
                0x080072a8                __libc_init_array
 .text.__retarget_lock_init_recursive
                0x080072f0        0x2 C:/Users/elyca/Desktop/STM32CubeIDE_2.0.0/STM32CubeIDE/plugins/com.st.stm32cube.ide.mcu.externaltools.gnu-tools-for-stm32.13.3.rel1.win32_1.0.100.202509120712/tools/bin/../lib/gcc/arm-none-eabi/13.3.1/../../../../arm-none-eabi/lib/thumb/v7e-m+fp/hard\libc_nano.a(libc_a-lock.o)
                0x080072f0                __retarget_lock_init_recursive
 .text.__retarget_lock_acquire_recursive
                0x080072f2        0x2 C:/Users/elyca/Desktop/STM32CubeIDE_2.0.0/STM32CubeIDE/plugins/com.st.stm32cube.ide.mcu.externaltools.gnu-tools-for-stm32.13.3.rel1.win32_1.0.100.202509120712/tools/bin/../lib/gcc/arm-none-eabi/13.3.1/../../../../arm-none-eabi/lib/thumb/v7e-m+fp/hard\libc_nano.a(libc_a-lock.o)
                0x080072f2                __retarget_lock_acquire_recursive
 .text.__retarget_lock_release_recursive
                0x080072f4        0x2 C:/Users/elyca/Desktop/STM32CubeIDE_2.0.0/STM32CubeIDE/plugins/com.st.stm32cube.ide.mcu.externaltools.gnu-tools-for-stm32.13.3.rel1.win32_1.0.100.202509120712/tools/bin/../lib/gcc/arm-none-eabi/13.3.1/../../../../arm-none-eabi/lib/thumb/v7e-m+fp/hard\libc_nano.a(libc_a-lock.o)
                0x080072f4                __retarget_lock_release_recursive
 .text.memcpy   0x080072f6       0x1c C:/Users/elyca/Desktop/STM32CubeIDE_2.0.0/STM32CubeIDE/plugins/com.st.stm32cube.ide.mcu.externaltools.gnu-tools-for-stm32.13.3.rel1.win32_1.0.100.202509120712/tools/bin/../lib/gcc/arm-none-eabi/13.3.1/../../../../arm-none-eabi/lib/thumb/v7e-m+fp/hard\libc_nano.a(libc_a-memcpy-stub.o)
                0x080072f6                memcpy
 *fill*         0x08007312        0x2 
 .text.__assert_func
                0x08007314       0x3c C:/Users/elyca/Desktop/STM32CubeIDE_2.0.0/STM32CubeIDE/plugins/com.st.stm32cube.ide.mcu.externaltools.gnu-tools-for-stm32.13.3.rel1.win32_1.0.100.202509120712/tools/bin/../lib/gcc/arm-none-eabi/13.3.1/../../../../arm-none-eabi/lib/thumb/v7e-m+fp/hard\libc_nano.a(libc_a-assert.o)
                0x08007314                __assert_func
 .text._free_r  0x08007350       0x94 C:/Users/elyca/Desktop/STM32CubeIDE_2.0.0/STM32CubeIDE/plugins/com.st.stm32cube.ide.mcu.externaltools.gnu-tools-for-stm32.13.3.rel1.win32_1.0.100.202509120712/tools/bin/../lib/gcc/arm-none-eabi/13.3.1/../../../../arm-none-eabi/lib/thumb/v7e-m+fp/hard\libc_nano.a(libc_a-freer.o)
                0x08007350                _free_r
 .text.malloc   0x080073e4       0x10 C:/Users/elyca/Desktop/STM32CubeIDE_2.0.0/STM32CubeIDE/plugins/com.st.stm32cube.ide.mcu.externaltools.gnu-tools-for-stm32.13.3.rel1.win32_1.0.100.202509120712/tools/bin/../lib/gcc/arm-none-eabi/13.3.1/../../../../arm-none-eabi/lib/thumb/v7e-m+fp/hard\libc_nano.a(libc_a-malloc.o)
                0x080073e4                malloc
 .text.sbrk_aligned
                0x080073f4       0x44 C:/Users/elyca/Desktop/STM32CubeIDE_2.0.0/STM32CubeIDE/plugins/com.st.stm32cube.ide.mcu.externaltools.gnu-tools-for-stm32.13.3.rel1.win32_1.0.100.202509120712/tools/bin/../lib/gcc/arm-none-eabi/13.3.1/../../../../arm-none-eabi/lib/thumb/v7e-m+fp/hard\libc_nano.a(libc_a-mallocr.o)
 .text._malloc_r
                0x08007438      0x100 C:/Users/elyca/Desktop/STM32CubeIDE_2.0.0/STM32CubeIDE/plugins/com.st.stm32cube.ide.mcu.externaltools.gnu-tools-for-stm32.13.3.rel1.win32_1.0.100.202509120712/tools/bin/../lib/gcc/arm-none-eabi/13.3.1/../../../../arm-none-eabi/lib/thumb/v7e-m+fp/hard\libc_nano.a(libc_a-mallocr.o)
                0x08007438                _malloc_r
 .text.__malloc_lock
                0x08007538        0xc C:/Users/elyca/Desktop/STM32CubeIDE_2.0.0/STM32CubeIDE/plugins/com.st.stm32cube.ide.mcu.externaltools.gnu-tools-for-stm32.13.3.rel1.win32_1.0.100.202509120712/tools/bin/../lib/gcc/arm-none-eabi/13.3.1/../../../../arm-none-eabi/lib/thumb/v7e-m+fp/hard\libc_nano.a(libc_a-mlock.o)
                0x08007538                __malloc_lock
 .text.__malloc_unlock
                0x08007544        0xc C:/Users/elyca/Desktop/STM32CubeIDE_2.0.0/STM32CubeIDE/plugins/com.st.stm32cube.ide.mcu.externaltools.gnu-tools-for-stm32.13.3.rel1.win32_1.0.100.202509120712/tools/bin/../lib/gcc/arm-none-eabi/13.3.1/../../../../arm-none-eabi/lib/thumb/v7e-m+fp/hard\libc_nano.a(libc_a-mlock.o)
                0x08007544                __malloc_unlock
 .text.__sfputc_r
                0x08007550       0x2e C:/Users/elyca/Desktop/STM32CubeIDE_2.0.0/STM32CubeIDE/plugins/com.st.stm32cube.ide.mcu.externaltools.gnu-tools-for-stm32.13.3.rel1.win32_1.0.100.202509120712/tools/bin/../lib/gcc/arm-none-eabi/13.3.1/../../../../arm-none-eabi/lib/thumb/v7e-m+fp/hard\libc_nano.a(libc_a-nano-vfprintf.o)
 .text.__sfputs_r
                0x0800757e       0x24 C:/Users/elyca/Desktop/STM32CubeIDE_2.0.0/STM32CubeIDE/plugins/com.st.stm32cube.ide.mcu.externaltools.gnu-tools-for-stm32.13.3.rel1.win32_1.0.100.202509120712/tools/bin/../lib/gcc/arm-none-eabi/13.3.1/../../../../arm-none-eabi/lib/thumb/v7e-m+fp/hard\libc_nano.a(libc_a-nano-vfprintf.o)
                0x0800757e                __sfputs_r
 *fill*         0x080075a2        0x2 
 .text._vfprintf_r
                0x080075a4      0x230 C:/Users/elyca/Desktop/STM32CubeIDE_2.0.0/STM32CubeIDE/plugins/com.st.stm32cube.ide.mcu.externaltools.gnu-tools-for-stm32.13.3.rel1.win32_1.0.100.202509120712/tools/bin/../lib/gcc/arm-none-eabi/13.3.1/../../../../arm-none-eabi/lib/thumb/v7e-m+fp/hard\libc_nano.a(libc_a-nano-vfprintf.o)
                0x080075a4                _vfprintf_r
                0x080075a4                _vfiprintf_r
 .text._printf_common
                0x080077d4       0xda C:/Users/elyca/Desktop/STM32CubeIDE_2.0.0/STM32CubeIDE/plugins/com.st.stm32cube.ide.mcu.externaltools.gnu-tools-for-stm32.13.3.rel1.win32_1.0.100.202509120712/tools/bin/../lib/gcc/arm-none-eabi/13.3.1/../../../../arm-none-eabi/lib/thumb/v7e-m+fp/hard\libc_nano.a(libc_a-nano-vfprintf_i.o)
                0x080077d4                _printf_common
 *fill*         0x080078ae        0x2 
 .text._printf_i
                0x080078b0      0x23c C:/Users/elyca/Desktop/STM32CubeIDE_2.0.0/STM32CubeIDE/plugins/com.st.stm32cube.ide.mcu.externaltools.gnu-tools-for-stm32.13.3.rel1.win32_1.0.100.202509120712/tools/bin/../lib/gcc/arm-none-eabi/13.3.1/../../../../arm-none-eabi/lib/thumb/v7e-m+fp/hard\libc_nano.a(libc_a-nano-vfprintf_i.o)
                0x080078b0                _printf_i
 .text.__sflush_r
                0x08007aec      0x108 C:/Users/elyca/Desktop/STM32CubeIDE_2.0.0/STM32CubeIDE/plugins/com.st.stm32cube.ide.mcu.externaltools.gnu-tools-for-stm32.13.3.rel1.win32_1.0.100.202509120712/tools/bin/../lib/gcc/arm-none-eabi/13.3.1/../../../../arm-none-eabi/lib/thumb/v7e-m+fp/hard\libc_nano.a(libc_a-fflush.o)
                0x08007aec                __sflush_r
 .text._fflush_r
                0x08007bf4       0x50 C:/Users/elyca/Desktop/STM32CubeIDE_2.0.0/STM32CubeIDE/plugins/com.st.stm32cube.ide.mcu.externaltools.gnu-tools-for-stm32.13.3.rel1.win32_1.0.100.202509120712/tools/bin/../lib/gcc/arm-none-eabi/13.3.1/../../../../arm-none-eabi/lib/thumb/v7e-m+fp/hard\libc_nano.a(libc_a-fflush.o)
                0x08007bf4                _fflush_r
 .text.fprintf  0x08007c44       0x24 C:/Users/elyca/Desktop/STM32CubeIDE_2.0.0/STM32CubeIDE/plugins/com.st.stm32cube.ide.mcu.externaltools.gnu-tools-for-stm32.13.3.rel1.win32_1.0.100.202509120712/tools/bin/../lib/gcc/arm-none-eabi/13.3.1/../../../../arm-none-eabi/lib/thumb/v7e-m+fp/hard\libc_nano.a(libc_a-fprintf.o)
                0x08007c44                fiprintf
                0x08007c44                fprintf
 .text.__swhatbuf_r
                0x08007c68       0x4c C:/Users/elyca/Desktop/STM32CubeIDE_2.0.0/STM32CubeIDE/plugins/com.st.stm32cube.ide.mcu.externaltools.gnu-tools-for-stm32.13.3.rel1.win32_1.0.100.202509120712/tools/bin/../lib/gcc/arm-none-eabi/13.3.1/../../../../arm-none-eabi/lib/thumb/v7e-m+fp/hard\libc_nano.a(libc_a-makebuf.o)
                0x08007c68                __swhatbuf_r
 .text.__smakebuf_r
                0x08007cb4       0x78 C:/Users/elyca/Desktop/STM32CubeIDE_2.0.0/STM32CubeIDE/plugins/com.st.stm32cube.ide.mcu.externaltools.gnu-tools-for-stm32.13.3.rel1.win32_1.0.100.202509120712/tools/bin/../lib/gcc/arm-none-eabi/13.3.1/../../../../arm-none-eabi/lib/thumb/v7e-m+fp/hard\libc_nano.a(libc_a-makebuf.o)
                0x08007cb4                __smakebuf_r
 .text._fstat_r
                0x08007d2c       0x24 C:/Users/elyca/Desktop/STM32CubeIDE_2.0.0/STM32CubeIDE/plugins/com.st.stm32cube.ide.mcu.externaltools.gnu-tools-for-stm32.13.3.rel1.win32_1.0.100.202509120712/tools/bin/../lib/gcc/arm-none-eabi/13.3.1/../../../../arm-none-eabi/lib/thumb/v7e-m+fp/hard\libc_nano.a(libc_a-fstatr.o)
                0x08007d2c                _fstat_r
 .text._isatty_r
                0x08007d50       0x20 C:/Users/elyca/Desktop/STM32CubeIDE_2.0.0/STM32CubeIDE/plugins/com.st.stm32cube.ide.mcu.externaltools.gnu-tools-for-stm32.13.3.rel1.win32_1.0.100.202509120712/tools/bin/../lib/gcc/arm-none-eabi/13.3.1/../../../../arm-none-eabi/lib/thumb/v7e-m+fp/hard\libc_nano.a(libc_a-isattyr.o)
                0x08007d50                _isatty_r
 .text._sbrk_r  0x08007d70       0x20 C:/Users/elyca/Desktop/STM32CubeIDE_2.0.0/STM32CubeIDE/plugins/com.st.stm32cube.ide.mcu.externaltools.gnu-tools-for-stm32.13.3.rel1.win32_1.0.100.202509120712/tools/bin/../lib/gcc/arm-none-eabi/13.3.1/../../../../arm-none-eabi/lib/thumb/v7e-m+fp/hard\libc_nano.a(libc_a-sbrkr.o)
                0x08007d70                _sbrk_r
 .text.abort    0x08007d90        0xe C:/Users/elyca/Desktop/STM32CubeIDE_2.0.0/STM32CubeIDE/plugins/com.st.stm32cube.ide.mcu.externaltools.gnu-tools-for-stm32.13.3.rel1.win32_1.0.100.202509120712/tools/bin/../lib/gcc/arm-none-eabi/13.3.1/../../../../arm-none-eabi/lib/thumb/v7e-m+fp/hard\libc_nano.a(libc_a-abort.o)
                0x08007d90                abort
 .text._raise_r
                0x08007d9e       0x50 C:/Users/elyca/Desktop/STM32CubeIDE_2.0.0/STM32CubeIDE/plugins/com.st.stm32cube.ide.mcu.externaltools.gnu-tools-for-stm32.13.3.rel1.win32_1.0.100.202509120712/tools/bin/../lib/gcc/arm-none-eabi/13.3.1/../../../../arm-none-eabi/lib/thumb/v7e-m+fp/hard\libc_nano.a(libc_a-signal.o)
                0x08007d9e                _raise_r
 *fill*         0x08007dee        0x2 
 .text.raise    0x08007df0       0x10 C:/Users/elyca/Desktop/STM32CubeIDE_2.0.0/STM32CubeIDE/plugins/com.st.stm32cube.ide.mcu.externaltools.gnu-tools-for-stm32.13.3.rel1.win32_1.0.100.202509120712/tools/bin/../lib/gcc/arm-none-eabi/13.3.1/../../../../arm-none-eabi/lib/thumb/v7e-m+fp/hard\libc_nano.a(libc_a-signal.o)
                0x08007df0                raise
 .text._kill_r  0x08007e00       0x24 C:/Users/elyca/Desktop/STM32CubeIDE_2.0.0/STM32CubeIDE/plugins/com.st.stm32cube.ide.mcu.externaltools.gnu-tools-for-stm32.13.3.rel1.win32_1.0.100.202509120712/tools/bin/../lib/gcc/arm-none-eabi/13.3.1/../../../../arm-none-eabi/lib/thumb/v7e-m+fp/hard\libc_nano.a(libc_a-signalr.o)
                0x08007e00                _kill_r
 .text._getpid_r
                0x08007e24        0x4 C:/Users/elyca/Desktop/STM32CubeIDE_2.0.0/STM32CubeIDE/plugins/com.st.stm32cube.ide.mcu.externaltools.gnu-tools-for-stm32.13.3.rel1.win32_1.0.100.202509120712/tools/bin/../lib/gcc/arm-none-eabi/13.3.1/../../../../arm-none-eabi/lib/thumb/v7e-m+fp/hard\libc_nano.a(libc_a-signalr.o)
                0x08007e24                _getpid_r
 *(.glue_7)
 .glue_7        0x08007e28        0x0 linker stubs
 *(.glue_7t)
 .glue_7t       0x08007e28        0x0 linker stubs
 *(.eh_frame)
 .eh_frame      0x08007e28        0x0 C:/Users/elyca/Desktop/STM32CubeIDE_2.0.0/STM32CubeIDE/plugins/com.st.stm32cube.ide.mcu.externaltools.gnu-tools-for-stm32.13.3.rel1.win32_1.0.100.202509120712/tools/bin/../lib/gcc/arm-none-eabi/13.3.1/thumb/v7e-m+fp/hard/crtbegin.o
 *(.init)
 .init          0x08007e28        0x4 C:/Users/elyca/Desktop/STM32CubeIDE_2.0.0/STM32CubeIDE/plugins/com.st.stm32cube.ide.mcu.externaltools.gnu-tools-for-stm32.13.3.rel1.win32_1.0.100.202509120712/tools/bin/../lib/gcc/arm-none-eabi/13.3.1/thumb/v7e-m+fp/hard/crti.o
                0x08007e28                _init
 .init          0x08007e2c        0x8 C:/Users/elyca/Desktop/STM32CubeIDE_2.0.0/STM32CubeIDE/plugins/com.st.stm32cube.ide.mcu.externaltools.gnu-tools-for-stm32.13.3.rel1.win32_1.0.100.202509120712/tools/bin/../lib/gcc/arm-none-eabi/13.3.1/thumb/v7e-m+fp/hard/crtn.o
 *(.fini)
 .fini          0x08007e34        0x4 C:/Users/elyca/Desktop/STM32CubeIDE_2.0.0/STM32CubeIDE/plugins/com.st.stm32cube.ide.mcu.externaltools.gnu-tools-for-stm32.13.3.rel1.win32_1.0.100.202509120712/tools/bin/../lib/gcc/arm-none-eabi/13.3.1/thumb/v7e-m+fp/hard/crti.o
                0x08007e34                _fini
 .fini          0x08007e38        0x8 C:/Users/elyca/Desktop/STM32CubeIDE_2.0.0/STM32CubeIDE/plugins/com.st.stm32cube.ide.mcu.externaltools.gnu-tools-for-stm32.13.3.rel1.win32_1.0.100.202509120712/tools/bin/../lib/gcc/arm-none-eabi/13.3.1/thumb/v7e-m+fp/hard/crtn.o
                0x08007e40                        . = ALIGN (0x4)
                0x08007e40                        _etext = .

.vfp11_veneer   0x08007e40        0x0
 .vfp11_veneer  0x08007e40        0x0 linker stubs

.v4_bx          0x08007e40        0x0
 .v4_bx         0x08007e40        0x0 linker stubs

.iplt           0x08007e40        0x0
 .iplt          0x08007e40        0x0 C:/Users/elyca/Desktop/STM32CubeIDE_2.0.0/STM32CubeIDE/plugins/com.st.stm32cube.ide.mcu.externaltools.gnu-tools-for-stm32.13.3.rel1.win32_1.0.100.202509120712/tools/bin/../lib/gcc/arm-none-eabi/13.3.1/thumb/v7e-m+fp/hard/crtbegin.o

.rodata         0x08007e40      0x668
                0x08007e40                        . = ALIGN (0x4)
 *(.rodata)
 .rodata        0x08007e40      0x3fe ./Core/Src/game.o
 *fill*         0x0800823e        0x2 
 .rodata        0x08008240       0x28 ./Core/Src/main.o
 .rodata        0x08008268        0x1 ./Middlewares/Third_Party/FreeRTOS/Source/CMSIS_RTOS/cmsis_os.o
 *fill*         0x08008269        0x3 
 .rodata        0x0800826c        0x5 ./Middlewares/Third_Party/FreeRTOS/Source/tasks.o
 *fill*         0x08008271        0x3 
 .rodata        0x08008274        0xd ./Middlewares/Third_Party/FreeRTOS/Source/timers.o
 *(.rodata*)
 *fill*         0x08008281        0x3 
 .rodata.innoAllaGioia
                0x08008284       0x3c ./Core/Src/buzzer.o
                0x08008284                innoAllaGioia
 .rodata.superMario
                0x080082c0       0x3c ./Core/Src/buzzer.o
                0x080082c0                superMario
 .rodata.jingleBells
                0x080082fc       0x3c ./Core/Src/buzzer.o
                0x080082fc                jingleBells
 .rodata.happyBirthday
                0x08008338       0x3c ./Core/Src/buzzer.o
                0x08008338                happyBirthday
 .rodata.starWars
                0x08008374       0x3c ./Core/Src/buzzer.o
                0x08008374                starWars
 .rodata.AHBPrescTable
                0x080083b0       0x10 ./Core/Src/system_stm32f4xx.o
                0x080083b0                AHBPrescTable
 .rodata.APBPrescTable
                0x080083c0        0x8 ./Core/Src/system_stm32f4xx.o
                0x080083c0                APBPrescTable
 .rodata.srand.str1.1
                0x080083c8       0xde C:/Users/elyca/Desktop/STM32CubeIDE_2.0.0/STM32CubeIDE/plugins/com.st.stm32cube.ide.mcu.externaltools.gnu-tools-for-stm32.13.3.rel1.win32_1.0.100.202509120712/tools/bin/../lib/gcc/arm-none-eabi/13.3.1/../../../../arm-none-eabi/lib/thumb/v7e-m+fp/hard\libc_nano.a(libc_a-rand.o)
                                 0x6f (size before relaxing)
 .rodata.__assert_func.str1.1
                0x080084a6        0x0 C:/Users/elyca/Desktop/STM32CubeIDE_2.0.0/STM32CubeIDE/plugins/com.st.stm32cube.ide.mcu.externaltools.gnu-tools-for-stm32.13.3.rel1.win32_1.0.100.202509120712/tools/bin/../lib/gcc/arm-none-eabi/13.3.1/../../../../arm-none-eabi/lib/thumb/v7e-m+fp/hard\libc_nano.a(libc_a-assert.o)
                                 0x3d (size before relaxing)
 .rodata._vfprintf_r.str1.1
                0x080084a6        0x0 C:/Users/elyca/Desktop/STM32CubeIDE_2.0.0/STM32CubeIDE/plugins/com.st.stm32cube.ide.mcu.externaltools.gnu-tools-for-stm32.13.3.rel1.win32_1.0.100.202509120712/tools/bin/../lib/gcc/arm-none-eabi/13.3.1/../../../../arm-none-eabi/lib/thumb/v7e-m+fp/hard\libc_nano.a(libc_a-nano-vfprintf.o)
                                 0x11 (size before relaxing)
 .rodata._printf_i.str1.1
                0x080084a6        0x0 C:/Users/elyca/Desktop/STM32CubeIDE_2.0.0/STM32CubeIDE/plugins/com.st.stm32cube.ide.mcu.externaltools.gnu-tools-for-stm32.13.3.rel1.win32_1.0.100.202509120712/tools/bin/../lib/gcc/arm-none-eabi/13.3.1/../../../../arm-none-eabi/lib/thumb/v7e-m+fp/hard\libc_nano.a(libc_a-nano-vfprintf_i.o)
                                 0x22 (size before relaxing)
                0x080084a8                        . = ALIGN (0x4)
 *fill*         0x080084a6        0x2 

.ARM.extab      0x080084a8        0x0
                0x080084a8                        . = ALIGN (0x4)
 *(.ARM.extab* .gnu.linkonce.armextab.*)
                0x080084a8                        . = ALIGN (0x4)

.ARM            0x080084a8        0x8
                0x080084a8                        . = ALIGN (0x4)
                0x080084a8                        __exidx_start = .
 *(.ARM.exidx*)
 .ARM.exidx     0x080084a8        0x8 C:/Users/elyca/Desktop/STM32CubeIDE_2.0.0/STM32CubeIDE/plugins/com.st.stm32cube.ide.mcu.externaltools.gnu-tools-for-stm32.13.3.rel1.win32_1.0.100.202509120712/tools/bin/../lib/gcc/arm-none-eabi/13.3.1/../../../../arm-none-eabi/lib/thumb/v7e-m+fp/hard\libc_nano.a(libc_a-memchr.o)
 .ARM.exidx     0x080084b0        0x0 C:/Users/elyca/Desktop/STM32CubeIDE_2.0.0/STM32CubeIDE/plugins/com.st.stm32cube.ide.mcu.externaltools.gnu-tools-for-stm32.13.3.rel1.win32_1.0.100.202509120712/tools/bin/../lib/gcc/arm-none-eabi/13.3.1/thumb/v7e-m+fp/hard\libgcc.a(_udivmoddi4.o)
                                  0x8 (size before relaxing)
                0x080084b0                        __exidx_end = .
                0x080084b0                        . = ALIGN (0x4)

.preinit_array  0x080084b0        0x0
                0x080084b0                        . = ALIGN (0x4)
                0x080084b0                        PROVIDE (__preinit_array_start = .)
 *(.preinit_array*)
                0x080084b0                        PROVIDE (__preinit_array_end = .)
                0x080084b0                        . = ALIGN (0x4)

.init_array     0x080084b0        0x4
                0x080084b0                        . = ALIGN (0x4)
                0x080084b0                        PROVIDE (__init_array_start = .)
 *(SORT_BY_NAME(.init_array.*))
 *(.init_array*)
 .init_array    0x080084b0        0x4 C:/Users/elyca/Desktop/STM32CubeIDE_2.0.0/STM32CubeIDE/plugins/com.st.stm32cube.ide.mcu.externaltools.gnu-tools-for-stm32.13.3.rel1.win32_1.0.100.202509120712/tools/bin/../lib/gcc/arm-none-eabi/13.3.1/thumb/v7e-m+fp/hard/crtbegin.o
                0x080084b4                        PROVIDE (__init_array_end = .)
                0x080084b4                        . = ALIGN (0x4)

.fini_array     0x080084b4        0x4
                0x080084b4                        . = ALIGN (0x4)
                [!provide]                        PROVIDE (__fini_array_start = .)
 *(SORT_BY_NAME(.fini_array.*))
 *(.fini_array*)
 .fini_array    0x080084b4        0x4 C:/Users/elyca/Desktop/STM32CubeIDE_2.0.0/STM32CubeIDE/plugins/com.st.stm32cube.ide.mcu.externaltools.gnu-tools-for-stm32.13.3.rel1.win32_1.0.100.202509120712/tools/bin/../lib/gcc/arm-none-eabi/13.3.1/thumb/v7e-m+fp/hard/crtbegin.o
                [!provide]                        PROVIDE (__fini_array_end = .)
                0x080084b8                        . = ALIGN (0x4)
                0x080084b8                        _sidata = LOADADDR (.data)

.rel.dyn        0x080084b8        0x0
 .rel.iplt      0x080084b8        0x0 C:/Users/elyca/Desktop/STM32CubeIDE_2.0.0/STM32CubeIDE/plugins/com.st.stm32cube.ide.mcu.externaltools.gnu-tools-for-stm32.13.3.rel1.win32_1.0.100.202509120712/tools/bin/../lib/gcc/arm-none-eabi/13.3.1/thumb/v7e-m+fp/hard/crtbegin.o

.data           0x20000000       0xc8 load address 0x080084b8
                0x20000000                        . = ALIGN (0x4)
                0x20000000                        _sdata = .
 *(.data)
 *(.data*)
 .data.libreriaCanzoni
                0x20000000       0x14 ./Core/Src/game.o
                0x20000000                libreriaCanzoni
 .data.nomiCanzoni
                0x20000014       0x14 ./Core/Src/game.o
                0x20000014                nomiCanzoni
 .data.array_leds
                0x20000028       0x18 ./Core/Src/main.o
                0x20000028                array_leds
 .data.array_bottoni
                0x20000040       0x18 ./Core/Src/main.o
                0x20000040                array_bottoni
 .data.pressedButtonIndex
                0x20000058        0x1 ./Core/Src/main.o
                0x20000058                pressedButtonIndex
 *fill*         0x20000059        0x3 
 .data.SystemCoreClock
                0x2000005c        0x4 ./Core/Src/system_stm32f4xx.o
                0x2000005c                SystemCoreClock
 .data.uwTickPrio
                0x20000060        0x4 ./Drivers/STM32F4xx_HAL_Driver/Src/stm32f4xx_hal.o
                0x20000060                uwTickPrio
 .data.uwTickFreq
                0x20000064        0x1 ./Drivers/STM32F4xx_HAL_Driver/Src/stm32f4xx_hal.o
                0x20000064                uwTickFreq
 *fill*         0x20000065        0x3 
 .data.uxCriticalNesting
                0x20000068        0x4 ./Middlewares/Third_Party/FreeRTOS/Source/portable/GCC/ARM_CM4F/port.o
 .data.__sglue  0x2000006c        0xc C:/Users/elyca/Desktop/STM32CubeIDE_2.0.0/STM32CubeIDE/plugins/com.st.stm32cube.ide.mcu.externaltools.gnu-tools-for-stm32.13.3.rel1.win32_1.0.100.202509120712/tools/bin/../lib/gcc/arm-none-eabi/13.3.1/../../../../arm-none-eabi/lib/thumb/v7e-m+fp/hard\libc_nano.a(libc_a-findfp.o)
                0x2000006c                __sglue
 .data._impure_ptr
                0x20000078        0x4 C:/Users/elyca/Desktop/STM32CubeIDE_2.0.0/STM32CubeIDE/plugins/com.st.stm32cube.ide.mcu.externaltools.gnu-tools-for-stm32.13.3.rel1.win32_1.0.100.202509120712/tools/bin/../lib/gcc/arm-none-eabi/13.3.1/../../../../arm-none-eabi/lib/thumb/v7e-m+fp/hard\libc_nano.a(libc_a-impure.o)
                0x20000078                _impure_ptr
 .data._impure_data
                0x2000007c       0x4c C:/Users/elyca/Desktop/STM32CubeIDE_2.0.0/STM32CubeIDE/plugins/com.st.stm32cube.ide.mcu.externaltools.gnu-tools-for-stm32.13.3.rel1.win32_1.0.100.202509120712/tools/bin/../lib/gcc/arm-none-eabi/13.3.1/../../../../arm-none-eabi/lib/thumb/v7e-m+fp/hard\libc_nano.a(libc_a-impure.o)
                0x2000007c                _impure_data
 *(.RamFunc)
 *(.RamFunc*)
                0x200000c8                        . = ALIGN (0x4)
                0x200000c8                        _edata = .

.igot.plt       0x200000c8        0x0 load address 0x08008580
 .igot.plt      0x200000c8        0x0 C:/Users/elyca/Desktop/STM32CubeIDE_2.0.0/STM32CubeIDE/plugins/com.st.stm32cube.ide.mcu.externaltools.gnu-tools-for-stm32.13.3.rel1.win32_1.0.100.202509120712/tools/bin/../lib/gcc/arm-none-eabi/13.3.1/thumb/v7e-m+fp/hard/crtbegin.o
                0x200000c8                        . = ALIGN (0x4)

.bss            0x200000c8     0x4860 load address 0x08008580
                0x200000c8                        _sbss = .
                0x200000c8                        __bss_start__ = _sbss
 *(.bss)
 .bss           0x200000c8       0x1c C:/Users/elyca/Desktop/STM32CubeIDE_2.0.0/STM32CubeIDE/plugins/com.st.stm32cube.ide.mcu.externaltools.gnu-tools-for-stm32.13.3.rel1.win32_1.0.100.202509120712/tools/bin/../lib/gcc/arm-none-eabi/13.3.1/thumb/v7e-m+fp/hard/crtbegin.o
 *(.bss*)
 .bss.xIdleTaskTCBBuffer
                0x200000e4       0xa0 ./Core/Src/freertos.o
 .bss.xIdleStack
                0x20000184      0x200 ./Core/Src/freertos.o
 .bss.xTimerTaskTCBBuffer
                0x20000384       0xa0 ./Core/Src/freertos.o
 .bss.xTimerStack
                0x20000424      0x400 ./Core/Src/freertos.o
 .bss.combo     0x20000824        0x4 ./Core/Src/game.o
                0x20000824                combo
 .bss.score     0x20000828        0x4 ./Core/Src/game.o
                0x20000828                score
 .bss.perfect   0x2000082c        0x4 ./Core/Src/game.o
                0x2000082c                perfect
 .bss.great     0x20000830        0x4 ./Core/Src/game.o
                0x20000830                great
 .bss.good      0x20000834        0x4 ./Core/Src/game.o
                0x20000834                good
 .bss.bad       0x20000838        0x4 ./Core/Src/game.o
                0x20000838                bad
 .bss.miss      0x2000083c        0x4 ./Core/Src/game.o
                0x2000083c                miss
 .bss.bestCombo
                0x20000840        0x4 ./Core/Src/game.o
                0x20000840                bestCombo
 .bss.avgResponseTime
                0x20000844        0x4 ./Core/Src/game.o
                0x20000844                avgResponseTime
 .bss.hitNotes  0x20000848        0x4 ./Core/Src/game.o
                0x20000848                hitNotes
 .bss.htim2     0x2000084c       0x48 ./Core/Src/main.o
                0x2000084c                htim2
 .bss.huart2    0x20000894       0x48 ./Core/Src/main.o
                0x20000894                huart2
 .bss.GameTaskHandle
                0x200008dc        0x4 ./Core/Src/main.o
                0x200008dc                GameTaskHandle
 .bss.TimeoutTimerHandle
                0x200008e0        0x4 ./Core/Src/main.o
                0x200008e0                TimeoutTimerHandle
 .bss.myTimer02Handle
                0x200008e4        0x4 ./Core/Src/main.o
                0x200008e4                myTimer02Handle
 .bss.buttonPressed
                0x200008e8        0x1 ./Core/Src/main.o
                0x200008e8                buttonPressed
 .bss.timeoutOccurred
                0x200008e9        0x1 ./Core/Src/main.o
                0x200008e9                timeoutOccurred
 .bss.songSelection
                0x200008ea        0x1 ./Core/Src/main.o
                0x200008ea                songSelection
 *fill*         0x200008eb        0x1 
 .bss.startTime
                0x200008ec        0x4 ./Core/Src/main.o
                0x200008ec                startTime
 .bss.targetIndex
                0x200008f0        0x1 ./Core/Src/main.o
                0x200008f0                targetIndex
 *fill*         0x200008f1        0x3 
 .bss.reactionTime
                0x200008f4        0x4 ./Core/Src/main.o
                0x200008f4                reactionTime
 .bss.melody    0x200008f8        0x4 ./Core/Src/main.o
                0x200008f8                melody
 .bss.htim1     0x200008fc       0x48 ./Core/Src/stm32f4xx_hal_timebase_tim.o
                0x200008fc                htim1
 .bss.__sbrk_heap_end
                0x20000944        0x4 ./Core/Src/sysmem.o
 .bss.uwTick    0x20000948        0x4 ./Drivers/STM32F4xx_HAL_Driver/Src/stm32f4xx_hal.o
                0x20000948                uwTick
 .bss.xQueueRegistry
                0x2000094c       0x40 ./Middlewares/Third_Party/FreeRTOS/Source/queue.o
                0x2000094c                xQueueRegistry
 .bss.pxCurrentTCB
                0x2000098c        0x4 ./Middlewares/Third_Party/FreeRTOS/Source/tasks.o
                0x2000098c                pxCurrentTCB
 .bss.pxReadyTasksLists
                0x20000990       0x8c ./Middlewares/Third_Party/FreeRTOS/Source/tasks.o
 .bss.xDelayedTaskList1
                0x20000a1c       0x14 ./Middlewares/Third_Party/FreeRTOS/Source/tasks.o
 .bss.xDelayedTaskList2
                0x20000a30       0x14 ./Middlewares/Third_Party/FreeRTOS/Source/tasks.o
 .bss.pxDelayedTaskList
                0x20000a44        0x4 ./Middlewares/Third_Party/FreeRTOS/Source/tasks.o
 .bss.pxOverflowDelayedTaskList
                0x20000a48        0x4 ./Middlewares/Third_Party/FreeRTOS/Source/tasks.o
 .bss.xPendingReadyList
                0x20000a4c       0x14 ./Middlewares/Third_Party/FreeRTOS/Source/tasks.o
 .bss.xTasksWaitingTermination
                0x20000a60       0x14 ./Middlewares/Third_Party/FreeRTOS/Source/tasks.o
 .bss.uxDeletedTasksWaitingCleanUp
                0x20000a74        0x4 ./Middlewares/Third_Party/FreeRTOS/Source/tasks.o
 .bss.xSuspendedTaskList
                0x20000a78       0x14 ./Middlewares/Third_Party/FreeRTOS/Source/tasks.o
 .bss.uxCurrentNumberOfTasks
                0x20000a8c        0x4 ./Middlewares/Third_Party/FreeRTOS/Source/tasks.o
 .bss.xTickCount
                0x20000a90        0x4 ./Middlewares/Third_Party/FreeRTOS/Source/tasks.o
 .bss.uxTopReadyPriority
                0x20000a94        0x4 ./Middlewares/Third_Party/FreeRTOS/Source/tasks.o
 .bss.xSchedulerRunning
                0x20000a98        0x4 ./Middlewares/Third_Party/FreeRTOS/Source/tasks.o
 .bss.xPendedTicks
                0x20000a9c        0x4 ./Middlewares/Third_Party/FreeRTOS/Source/tasks.o
 .bss.xYieldPending
                0x20000aa0        0x4 ./Middlewares/Third_Party/FreeRTOS/Source/tasks.o
 .bss.xNumOfOverflows
                0x20000aa4        0x4 ./Middlewares/Third_Party/FreeRTOS/Source/tasks.o
 .bss.uxTaskNumber
                0x20000aa8        0x4 ./Middlewares/Third_Party/FreeRTOS/Source/tasks.o
 .bss.xNextTaskUnblockTime
                0x20000aac        0x4 ./Middlewares/Third_Party/FreeRTOS/Source/tasks.o
 .bss.xIdleTaskHandle
                0x20000ab0        0x4 ./Middlewares/Third_Party/FreeRTOS/Source/tasks.o
 .bss.uxSchedulerSuspended
                0x20000ab4        0x4 ./Middlewares/Third_Party/FreeRTOS/Source/tasks.o
 .bss.xActiveTimerList1
                0x20000ab8       0x14 ./Middlewares/Third_Party/FreeRTOS/Source/timers.o
 .bss.xActiveTimerList2
                0x20000acc       0x14 ./Middlewares/Third_Party/FreeRTOS/Source/timers.o
 .bss.pxCurrentTimerList
                0x20000ae0        0x4 ./Middlewares/Third_Party/FreeRTOS/Source/timers.o
 .bss.pxOverflowTimerList
                0x20000ae4        0x4 ./Middlewares/Third_Party/FreeRTOS/Source/timers.o
 .bss.xTimerQueue
                0x20000ae8        0x4 ./Middlewares/Third_Party/FreeRTOS/Source/timers.o
 .bss.xTimerTaskHandle
                0x20000aec        0x4 ./Middlewares/Third_Party/FreeRTOS/Source/timers.o
 .bss.xLastTime.2
                0x20000af0        0x4 ./Middlewares/Third_Party/FreeRTOS/Source/timers.o
 .bss.ucStaticTimerQueueStorage.1
                0x20000af4       0x78 ./Middlewares/Third_Party/FreeRTOS/Source/timers.o
 .bss.xStaticTimerQueue.0
                0x20000b6c       0x48 ./Middlewares/Third_Party/FreeRTOS/Source/timers.o
 .bss.ucMaxSysCallPriority
                0x20000bb4        0x1 ./Middlewares/Third_Party/FreeRTOS/Source/portable/GCC/ARM_CM4F/port.o
 *fill*         0x20000bb5        0x3 
 .bss.ulMaxPRIGROUPValue
                0x20000bb8        0x4 ./Middlewares/Third_Party/FreeRTOS/Source/portable/GCC/ARM_CM4F/port.o
 .bss.ucHeap    0x20000bbc     0x3c00 ./Middlewares/Third_Party/FreeRTOS/Source/portable/MemMang/heap_4.o
 .bss.xStart    0x200047bc        0x8 ./Middlewares/Third_Party/FreeRTOS/Source/portable/MemMang/heap_4.o
 .bss.pxEnd     0x200047c4        0x4 ./Middlewares/Third_Party/FreeRTOS/Source/portable/MemMang/heap_4.o
 .bss.xFreeBytesRemaining
                0x200047c8        0x4 ./Middlewares/Third_Party/FreeRTOS/Source/portable/MemMang/heap_4.o
 .bss.xMinimumEverFreeBytesRemaining
                0x200047cc        0x4 ./Middlewares/Third_Party/FreeRTOS/Source/portable/MemMang/heap_4.o
 .bss.xNumberOfSuccessfulAllocations
                0x200047d0        0x4 ./Middlewares/Third_Party/FreeRTOS/Source/portable/MemMang/heap_4.o
 .bss.xNumberOfSuccessfulFrees
                0x200047d4        0x4 ./Middlewares/Third_Party/FreeRTOS/Source/portable/MemMang/heap_4.o
 .bss.xBlockAllocatedBit
                0x200047d8        0x4 ./Middlewares/Third_Party/FreeRTOS/Source/portable/MemMang/heap_4.o
 .bss.__sf      0x200047dc      0x138 C:/Users/elyca/Desktop/STM32CubeIDE_2.0.0/STM32CubeIDE/plugins/com.st.stm32cube.ide.mcu.externaltools.gnu-tools-for-stm32.13.3.rel1.win32_1.0.100.202509120712/tools/bin/../lib/gcc/arm-none-eabi/13.3.1/../../../../arm-none-eabi/lib/thumb/v7e-m+fp/hard\libc_nano.a(libc_a-findfp.o)
                0x200047dc                __sf
 .bss.__stdio_exit_handler
                0x20004914        0x4 C:/Users/elyca/Desktop/STM32CubeIDE_2.0.0/STM32CubeIDE/plugins/com.st.stm32cube.ide.mcu.externaltools.gnu-tools-for-stm32.13.3.rel1.win32_1.0.100.202509120712/tools/bin/../lib/gcc/arm-none-eabi/13.3.1/../../../../arm-none-eabi/lib/thumb/v7e-m+fp/hard\libc_nano.a(libc_a-findfp.o)
                0x20004914                __stdio_exit_handler
 .bss.errno     0x20004918        0x4 C:/Users/elyca/Desktop/STM32CubeIDE_2.0.0/STM32CubeIDE/plugins/com.st.stm32cube.ide.mcu.externaltools.gnu-tools-for-stm32.13.3.rel1.win32_1.0.100.202509120712/tools/bin/../lib/gcc/arm-none-eabi/13.3.1/../../../../arm-none-eabi/lib/thumb/v7e-m+fp/hard\libc_nano.a(libc_a-reent.o)
                0x20004918                errno
 .bss.__lock___malloc_recursive_mutex
                0x2000491c        0x1 C:/Users/elyca/Desktop/STM32CubeIDE_2.0.0/STM32CubeIDE/plugins/com.st.stm32cube.ide.mcu.externaltools.gnu-tools-for-stm32.13.3.rel1.win32_1.0.100.202509120712/tools/bin/../lib/gcc/arm-none-eabi/13.3.1/../../../../arm-none-eabi/lib/thumb/v7e-m+fp/hard\libc_nano.a(libc_a-lock.o)
                0x2000491c                __lock___malloc_recursive_mutex
 .bss.__lock___sfp_recursive_mutex
                0x2000491d        0x1 C:/Users/elyca/Desktop/STM32CubeIDE_2.0.0/STM32CubeIDE/plugins/com.st.stm32cube.ide.mcu.externaltools.gnu-tools-for-stm32.13.3.rel1.win32_1.0.100.202509120712/tools/bin/../lib/gcc/arm-none-eabi/13.3.1/../../../../arm-none-eabi/lib/thumb/v7e-m+fp/hard\libc_nano.a(libc_a-lock.o)
                0x2000491d                __lock___sfp_recursive_mutex
 *fill*         0x2000491e        0x2 
 .bss.__malloc_sbrk_start
                0x20004920        0x4 C:/Users/elyca/Desktop/STM32CubeIDE_2.0.0/STM32CubeIDE/plugins/com.st.stm32cube.ide.mcu.externaltools.gnu-tools-for-stm32.13.3.rel1.win32_1.0.100.202509120712/tools/bin/../lib/gcc/arm-none-eabi/13.3.1/../../../../arm-none-eabi/lib/thumb/v7e-m+fp/hard\libc_nano.a(libc_a-mallocr.o)
                0x20004920                __malloc_sbrk_start
 .bss.__malloc_free_list
                0x20004924        0x4 C:/Users/elyca/Desktop/STM32CubeIDE_2.0.0/STM32CubeIDE/plugins/com.st.stm32cube.ide.mcu.externaltools.gnu-tools-for-stm32.13.3.rel1.win32_1.0.100.202509120712/tools/bin/../lib/gcc/arm-none-eabi/13.3.1/../../../../arm-none-eabi/lib/thumb/v7e-m+fp/hard\libc_nano.a(libc_a-mallocr.o)
                0x20004924                __malloc_free_list
 *(COMMON)
                0x20004928                        . = ALIGN (0x4)
                0x20004928                        _ebss = .
                0x20004928                        __bss_end__ = _ebss

._user_heap_stack
                0x20004928      0x600 load address 0x08008580
                0x20004928                        . = ALIGN (0x8)
                [!provide]                        PROVIDE (end = .)
                0x20004928                        PROVIDE (_end = .)
                0x20004b28                        . = (. + _Min_Heap_Size)
 *fill*         0x20004928      0x200 
                0x20004f28                        . = (. + _Min_Stack_Size)
 *fill*         0x20004b28      0x400 
                0x20004f28                        . = ALIGN (0x8)

/DISCARD/
 libc.a(*)
 libm.a(*)
 libgcc.a(*)

.ARM.attributes
                0x00000000       0x30
 *(.ARM.attributes)
 .ARM.attributes
                0x00000000       0x22 C:/Users/elyca/Desktop/STM32CubeIDE_2.0.0/STM32CubeIDE/plugins/com.st.stm32cube.ide.mcu.externaltools.gnu-tools-for-stm32.13.3.rel1.win32_1.0.100.202509120712/tools/bin/../lib/gcc/arm-none-eabi/13.3.1/thumb/v7e-m+fp/hard/crti.o
 .ARM.attributes
                0x00000022       0x34 C:/Users/elyca/Desktop/STM32CubeIDE_2.0.0/STM32CubeIDE/plugins/com.st.stm32cube.ide.mcu.externaltools.gnu-tools-for-stm32.13.3.rel1.win32_1.0.100.202509120712/tools/bin/../lib/gcc/arm-none-eabi/13.3.1/thumb/v7e-m+fp/hard/crtbegin.o
 .ARM.attributes
                0x00000056       0x34 ./Core/Src/buzzer.o
 .ARM.attributes
                0x0000008a       0x34 ./Core/Src/freertos.o
 .ARM.attributes
                0x000000be       0x34 ./Core/Src/game.o
 .ARM.attributes
                0x000000f2       0x34 ./Core/Src/main.o
 .ARM.attributes
                0x00000126       0x34 ./Core/Src/stm32f4xx_hal_msp.o
 .ARM.attributes
                0x0000015a       0x34 ./Core/Src/stm32f4xx_hal_timebase_tim.o
 .ARM.attributes
                0x0000018e       0x34 ./Core/Src/stm32f4xx_it.o
 .ARM.attributes
                0x000001c2       0x34 ./Core/Src/syscalls.o
 .ARM.attributes
                0x000001f6       0x34 ./Core/Src/sysmem.o
 .ARM.attributes
                0x0000022a       0x34 ./Core/Src/system_stm32f4xx.o
 .ARM.attributes
                0x0000025e       0x21 ./Core/Startup/startup_stm32f401retx.o
 .ARM.attributes
                0x0000027f       0x34 ./Drivers/STM32F4xx_HAL_Driver/Src/stm32f4xx_hal.o
 .ARM.attributes
                0x000002b3       0x34 ./Drivers/STM32F4xx_HAL_Driver/Src/stm32f4xx_hal_cortex.o
 .ARM.attributes
                0x000002e7       0x34 ./Drivers/STM32F4xx_HAL_Driver/Src/stm32f4xx_hal_gpio.o
 .ARM.attributes
                0x0000031b       0x34 ./Drivers/STM32F4xx_HAL_Driver/Src/stm32f4xx_hal_rcc.o
 .ARM.attributes
                0x0000034f       0x34 ./Drivers/STM32F4xx_HAL_Driver/Src/stm32f4xx_hal_tim.o
 .ARM.attributes
                0x00000383       0x34 ./Drivers/STM32F4xx_HAL_Driver/Src/stm32f4xx_hal_tim_ex.o
 .ARM.attributes
                0x000003b7       0x34 ./Drivers/STM32F4xx_HAL_Driver/Src/stm32f4xx_hal_uart.o
 .ARM.attributes
                0x000003eb       0x34 ./Middlewares/Third_Party/FreeRTOS/Source/CMSIS_RTOS/cmsis_os.o
 .ARM.attributes
                0x0000041f       0x34 ./Middlewares/Third_Party/FreeRTOS/Source/list.o
 .ARM.attributes
                0x00000453       0x34 ./Middlewares/Third_Party/FreeRTOS/Source/queue.o
 .ARM.attributes
                0x00000487       0x34 ./Middlewares/Third_Party/FreeRTOS/Source/tasks.o
 .ARM.attributes
                0x000004bb       0x34 ./Middlewares/Third_Party/FreeRTOS/Source/timers.o
 .ARM.attributes
                0x000004ef       0x34 ./Middlewares/Third_Party/FreeRTOS/Source/portable/GCC/ARM_CM4F/port.o
 .ARM.attributes
                0x00000523       0x34 ./Middlewares/Third_Party/FreeRTOS/Source/portable/MemMang/heap_4.o
 .ARM.attributes
                0x00000557       0x34 C:/Users/elyca/Desktop/STM32CubeIDE_2.0.0/STM32CubeIDE/plugins/com.st.stm32cube.ide.mcu.externaltools.gnu-tools-for-stm32.13.3.rel1.win32_1.0.100.202509120712/tools/bin/../lib/gcc/arm-none-eabi/13.3.1/../../../../arm-none-eabi/lib/thumb/v7e-m+fp/hard\libc_nano.a(libc_a-rand.o)
 .ARM.attributes
                0x0000058b       0x34 C:/Users/elyca/Desktop/STM32CubeIDE_2.0.0/STM32CubeIDE/plugins/com.st.stm32cube.ide.mcu.externaltools.gnu-tools-for-stm32.13.3.rel1.win32_1.0.100.202509120712/tools/bin/../lib/gcc/arm-none-eabi/13.3.1/../../../../arm-none-eabi/lib/thumb/v7e-m+fp/hard\libc_nano.a(libc_a-findfp.o)
 .ARM.attributes
                0x000005bf       0x34 C:/Users/elyca/Desktop/STM32CubeIDE_2.0.0/STM32CubeIDE/plugins/com.st.stm32cube.ide.mcu.externaltools.gnu-tools-for-stm32.13.3.rel1.win32_1.0.100.202509120712/tools/bin/../lib/gcc/arm-none-eabi/13.3.1/../../../../arm-none-eabi/lib/thumb/v7e-m+fp/hard\libc_nano.a(libc_a-fwalk.o)
 .ARM.attributes
                0x000005f3       0x34 C:/Users/elyca/Desktop/STM32CubeIDE_2.0.0/STM32CubeIDE/plugins/com.st.stm32cube.ide.mcu.externaltools.gnu-tools-for-stm32.13.3.rel1.win32_1.0.100.202509120712/tools/bin/../lib/gcc/arm-none-eabi/13.3.1/../../../../arm-none-eabi/lib/thumb/v7e-m+fp/hard\libc_nano.a(libc_a-printf.o)
 .ARM.attributes
                0x00000627       0x34 C:/Users/elyca/Desktop/STM32CubeIDE_2.0.0/STM32CubeIDE/plugins/com.st.stm32cube.ide.mcu.externaltools.gnu-tools-for-stm32.13.3.rel1.win32_1.0.100.202509120712/tools/bin/../lib/gcc/arm-none-eabi/13.3.1/../../../../arm-none-eabi/lib/thumb/v7e-m+fp/hard\libc_nano.a(libc_a-puts.o)
 .ARM.attributes
                0x0000065b       0x34 C:/Users/elyca/Desktop/STM32CubeIDE_2.0.0/STM32CubeIDE/plugins/com.st.stm32cube.ide.mcu.externaltools.gnu-tools-for-stm32.13.3.rel1.win32_1.0.100.202509120712/tools/bin/../lib/gcc/arm-none-eabi/13.3.1/../../../../arm-none-eabi/lib/thumb/v7e-m+fp/hard\libc_nano.a(libc_a-stdio.o)
 .ARM.attributes
                0x0000068f       0x34 C:/Users/elyca/Desktop/STM32CubeIDE_2.0.0/STM32CubeIDE/plugins/com.st.stm32cube.ide.mcu.externaltools.gnu-tools-for-stm32.13.3.rel1.win32_1.0.100.202509120712/tools/bin/../lib/gcc/arm-none-eabi/13.3.1/../../../../arm-none-eabi/lib/thumb/v7e-m+fp/hard\libc_nano.a(libc_a-wbuf.o)
 .ARM.attributes
                0x000006c3       0x34 C:/Users/elyca/Desktop/STM32CubeIDE_2.0.0/STM32CubeIDE/plugins/com.st.stm32cube.ide.mcu.externaltools.gnu-tools-for-stm32.13.3.rel1.win32_1.0.100.202509120712/tools/bin/../lib/gcc/arm-none-eabi/13.3.1/../../../../arm-none-eabi/lib/thumb/v7e-m+fp/hard\libc_nano.a(libc_a-wsetup.o)
 .ARM.attributes
                0x000006f7       0x34 C:/Users/elyca/Desktop/STM32CubeIDE_2.0.0/STM32CubeIDE/plugins/com.st.stm32cube.ide.mcu.externaltools.gnu-tools-for-stm32.13.3.rel1.win32_1.0.100.202509120712/tools/bin/../lib/gcc/arm-none-eabi/13.3.1/../../../../arm-none-eabi/lib/thumb/v7e-m+fp/hard\libc_nano.a(libc_a-memset.o)
 .ARM.attributes
                0x0000072b       0x34 C:/Users/elyca/Desktop/STM32CubeIDE_2.0.0/STM32CubeIDE/plugins/com.st.stm32cube.ide.mcu.externaltools.gnu-tools-for-stm32.13.3.rel1.win32_1.0.100.202509120712/tools/bin/../lib/gcc/arm-none-eabi/13.3.1/../../../../arm-none-eabi/lib/thumb/v7e-m+fp/hard\libc_nano.a(libc_a-closer.o)
 .ARM.attributes
                0x0000075f       0x34 C:/Users/elyca/Desktop/STM32CubeIDE_2.0.0/STM32CubeIDE/plugins/com.st.stm32cube.ide.mcu.externaltools.gnu-tools-for-stm32.13.3.rel1.win32_1.0.100.202509120712/tools/bin/../lib/gcc/arm-none-eabi/13.3.1/../../../../arm-none-eabi/lib/thumb/v7e-m+fp/hard\libc_nano.a(libc_a-reent.o)
 .ARM.attributes
                0x00000793       0x34 C:/Users/elyca/Desktop/STM32CubeIDE_2.0.0/STM32CubeIDE/plugins/com.st.stm32cube.ide.mcu.externaltools.gnu-tools-for-stm32.13.3.rel1.win32_1.0.100.202509120712/tools/bin/../lib/gcc/arm-none-eabi/13.3.1/../../../../arm-none-eabi/lib/thumb/v7e-m+fp/hard\libc_nano.a(libc_a-impure.o)
 .ARM.attributes
                0x000007c7       0x34 C:/Users/elyca/Desktop/STM32CubeIDE_2.0.0/STM32CubeIDE/plugins/com.st.stm32cube.ide.mcu.externaltools.gnu-tools-for-stm32.13.3.rel1.win32_1.0.100.202509120712/tools/bin/../lib/gcc/arm-none-eabi/13.3.1/../../../../arm-none-eabi/lib/thumb/v7e-m+fp/hard\libc_nano.a(libc_a-lseekr.o)
 .ARM.attributes
                0x000007fb       0x34 C:/Users/elyca/Desktop/STM32CubeIDE_2.0.0/STM32CubeIDE/plugins/com.st.stm32cube.ide.mcu.externaltools.gnu-tools-for-stm32.13.3.rel1.win32_1.0.100.202509120712/tools/bin/../lib/gcc/arm-none-eabi/13.3.1/../../../../arm-none-eabi/lib/thumb/v7e-m+fp/hard\libc_nano.a(libc_a-readr.o)
 .ARM.attributes