../Core/Src/main.c:105:1:__io_putchar	16	static
../Core/Src/main.c:125:5:main	56	static
../Core/Src/main.c:218:6:SystemClock_Config	88	static
../Core/Src/main.c:265:13:MX_I2C1_Init	8	static
../Core/Src/main.c:299:13:MX_TIM2_Init	64	static
../Core/Src/main.c:358:13:MX_USART2_UART_Init	8	static
../Core/Src/main.c:389:13:MX_DMA_Init	16	static
../Core/Src/main.c:407:13:MX_GPIO_Init	48	static
../Core/Src/main.c:461:6:HAL_GPIO_EXTI_Callback	24	static
../Core/Src/main.c:493:6:StartGameTask	16	static
../Core/Src/main.c:517:6:TimeoutCallback	16	static
../Core/Src/main.c:534:6:HAL_TIM_PeriodElapsedCallback	16	static
../Core/Src/main.c:553:6:HAL_I2C_MemTxCpltCallback	16	static
../Core/Src/main.c:562:6:Error_Handler	8	static,ignoring_inline_asm
