../Core/Src/main.c:113:1:__io_putchar	16	static
../Core/Src/main.c:123:6:PlayTone	24	static
../Core/Src/main.c:137:6:StopTone	8	static
../Core/Src/main.c:141:13:melodySelection	8	static
../Core/Src/main.c:190:5:main	64	static
../Core/Src/main.c:285:6:SystemClock_Config	88	static
../Core/Src/main.c:332:13:MX_TIM2_Init	64	static
../Core/Src/main.c:391:13:MX_USART2_UART_Init	8	static
../Core/Src/main.c:424:13:MX_GPIO_Init	48	static
../Core/Src/main.c:478:6:HAL_GPIO_EXTI_Callback	24	static
../Core/Src/main.c:510:6:StartGameTask	24	static
../Core/Src/main.c:632:6:TimeoutCallback	16	static
../Core/Src/main.c:642:6:Callback02	16	static
../Core/Src/main.c:659:6:HAL_TIM_PeriodElapsedCallback	16	static
../Core/Src/main.c:677:6:Error_Handler	4	static,ignoring_inline_asm
