../Core/Src/main.c:68:1:__io_putchar	16	static
../Core/Src/main.c:84:5:main	64	static
../Core/Src/main.c:173:6:SystemClock_Config	88	static
../Core/Src/main.c:220:13:MX_TIM2_Init	32	static
../Core/Src/main.c:265:13:MX_USART2_UART_Init	8	static
../Core/Src/main.c:298:13:MX_GPIO_Init	48	static
../Core/Src/main.c:352:6:HAL_GPIO_EXTI_Callback	16	static
../Core/Src/main.c:370:6:StartGameTask	24	static
../Core/Src/main.c:436:6:TimeoutCallback	16	static
../Core/Src/main.c:444:6:Callback02	16	static
../Core/Src/main.c:459:6:HAL_TIM_PeriodElapsedCallback	16	static
../Core/Src/main.c:477:6:Error_Handler	4	static,ignoring_inline_asm
