../Core/Src/main.c:94:1:__io_putchar	16	static
../Core/Src/main.c:104:6:PlayTone	24	static
../Core/Src/main.c:118:6:StopTone	8	static
../Core/Src/main.c:127:5:main	64	static
../Core/Src/main.c:216:6:SystemClock_Config	88	static
../Core/Src/main.c:263:13:MX_TIM2_Init	64	static
../Core/Src/main.c:322:13:MX_USART2_UART_Init	8	static
../Core/Src/main.c:355:13:MX_GPIO_Init	48	static
../Core/Src/main.c:409:6:HAL_GPIO_EXTI_Callback	24	static
../Core/Src/main.c:441:6:StartGameTask	32	static
../Core/Src/main.c:536:6:TimeoutCallback	16	static
../Core/Src/main.c:544:6:Callback02	16	static
../Core/Src/main.c:561:6:HAL_TIM_PeriodElapsedCallback	16	static
../Core/Src/main.c:579:6:Error_Handler	4	static,ignoring_inline_asm
